Host: kn173
Start time: Fri May  1 09:12:03 EDT 2026
Project root: /project/6109890/bacobax2/ir-generative-study
Conda env: diffusers-dev
Run: STAY layout-conditioned FM hflip
Weights dir: artifacts/checkpoints/flow_matching/serious_runs/stay_layout_latent_flir_sd15_512_hflip/UNET
Preset path: configs/fm/train/presets/stay_layout_latent_flir_sd15_512_b64.yaml
Output dir: artifacts/generated/checkpoint_compare/stay_layout_latent_flir_sd15_512_hflip
Max samples: 100
Steps: 50
Batch size: 8
Seed: 0
Device: cuda
Overwrite: 0
/home/bacobax2/miniforge3/envs/diffusers-dev/bin/python
Python 3.10.20
Fri May  1 09:12:03 2026       
+-----------------------------------------------------------------------------------------+
| NVIDIA-SMI 570.148.08             Driver Version: 570.148.08     CUDA Version: 12.8     |
|-----------------------------------------+------------------------+----------------------+
| GPU  Name                 Persistence-M | Bus-Id          Disp.A | Volatile Uncorr. ECC |
| Fan  Temp   Perf          Pwr:Usage/Cap |           Memory-Usage | GPU-Util  Compute M. |
|                                         |                        |               MIG M. |
|=========================================+========================+======================|
|   0  NVIDIA H100 80GB HBM3          On  |   00000000:4C:00.0 Off |                    0 |
| N/A   46C    P0             75W /  700W |       0MiB /  81559MiB |      0%      Default |
|                                         |                        |             Disabled |
+-----------------------------------------+------------------------+----------------------+
                                                                                         
+-----------------------------------------------------------------------------------------+
| Processes:                                                                              |
|  GPU   GI   CI              PID   Type   Process name                        GPU Memory |
|        ID   ID                                                               Usage      |
|=========================================================================================|
|  No running processes found                                                             |
+-----------------------------------------------------------------------------------------+
Exit code: 137
Stdout log: /project/6109890/bacobax2/ir-generative-study/logs/qcmp-stay-layout-fm-hflip-3381610.out
Stderr log: /project/6109890/bacobax2/ir-generative-study/logs/qcmp-stay-layout-fm-hflip-3381610.err
End time: Fri May  1 09:12:49 EDT 2026
