Host: kn169
Start time: Fri May  1 04:29:15 EDT 2026
Project root: /project/6109890/bacobax2/ir-generative-study
Conda env: diffusers-dev
CUDA_VISIBLE_DEVICES from Slurm: 0
SLURM_JOB_ID: 3368368
SLURM_CPUS_PER_TASK: 10
/home/bacobax2/miniforge3/envs/diffusers-dev/bin/python
Python 3.10.20
Fri May  1 04:29:15 2026       
+-----------------------------------------------------------------------------------------+
| NVIDIA-SMI 570.148.08             Driver Version: 570.148.08     CUDA Version: 12.8     |
|-----------------------------------------+------------------------+----------------------+
| GPU  Name                 Persistence-M | Bus-Id          Disp.A | Volatile Uncorr. ECC |
| Fan  Temp   Perf          Pwr:Usage/Cap |           Memory-Usage | GPU-Util  Compute M. |
|                                         |                        |               MIG M. |
|=========================================+========================+======================|
|   0  NVIDIA H100 80GB HBM3          On  |   00000000:CB:00.0 Off |                    0 |
| N/A   46C    P0             80W /  700W |       0MiB /  81559MiB |      0%      Default |
|                                         |                        |             Disabled |
+-----------------------------------------+------------------------+----------------------+
                                                                                         
+-----------------------------------------------------------------------------------------+
| Processes:                                                                              |
|  GPU   GI   CI              PID   Type   Process name                        GPU Memory |
|        ID   ID                                                               Usage      |
|=========================================================================================|
|  No running processes found                                                             |
+-----------------------------------------------------------------------------------------+
[chain] Project root: /project/6109890/bacobax2/ir-generative-study
[chain] Stage-1 output: /project/6109890/bacobax2/ir-generative-study/artifacts/checkpoints/stable_diffusion/unet_runs/flir_sd15_unet_full_stage1
[chain] Stage-2 output: /project/6109890/bacobax2/ir-generative-study/artifacts/checkpoints/stable_diffusion/layout_runs/flir_sd15_regiondiff_stage2
[chain] /home/bacobax2/miniforge3/envs/diffusers-dev/bin/python -m src.cli.train_sd --config /project/6109890/bacobax2/ir-generative-study/configs/sd/train/presets/flir_unet_full_stage1.yaml --mixed_precision fp16 --resume_from_checkpoint latest
Parsing arguments...
Initializing accelerator...
Selected GPU: cuda:0
GPU Info:
0, GPU-e6805a04-8c99-2e20-510c-3c63b85ba166, NVIDIA H100 80GB HBM3, 4, 81559, 0
Resuming from checkpoint checkpoint-20496
[chain] /home/bacobax2/miniforge3/envs/diffusers-dev/bin/python -m src.cli.train_sd_layout --config /project/6109890/bacobax2/ir-generative-study/configs/sd_layout/train/presets/flir_regiondiff_sd15_stage2.yaml --mixed_precision fp16
Selected GPU: cuda:0
GPU Info:
0, GPU-e6805a04-8c99-2e20-510c-3c63b85ba166, NVIDIA H100 80GB HBM3, 4, 81559, 0
pixel_values: torch.Size([32, 3, 512, 512]) torch.float32 min=-1.000 max=1.000 mean=-0.166 std=0.602
[chain] Wrote completion marker: artifacts/checkpoints/stable_diffusion/layout_runs/flir_sd15_regiondiff_stage2/stage_chain_complete.json
[chain] Stage-1 -> RegionDiff chain complete.
End time: Fri May  1 15:46:21 EDT 2026
