[HorizontalFlipSchedule] start: epoch=0 p_hflip=0.000
[LayoutFM] Epoch-based image logging enabled via sampling.sample_every=10; ignoring legacy logging.image_every_steps=200 and sampling.sample_every_steps=0.
[LayoutFM Precision] requested='auto' -> using 'bf16' on device=cuda
[LayoutFM Epoch 1] loss=1.023253
[LayoutFM Epoch 2] loss=0.736533
[LayoutFM Epoch 3] loss=0.701611
  [Eval loss: 0.836053]
  New best eval=0.836053 at epoch 3
[LayoutFM Epoch 4] loss=0.687917
[LayoutFM Epoch 5] loss=0.671420
[LayoutFM Epoch 6] loss=0.662431
  [Eval loss: 0.679862]
  New best eval=0.679862 at epoch 6
[LayoutFM Epoch 7] loss=0.658804
[LayoutFM Epoch 8] loss=0.650858
[LayoutFM Epoch 9] loss=0.649684
  [Eval loss: 0.653812]
  New best eval=0.653812 at epoch 9
[LayoutFM Epoch 10] loss=0.640036
[LayoutFM Epoch 11] loss=0.637625
[LayoutFM Epoch 12] loss=0.630180
  [Eval loss: 0.637584]
  New best eval=0.637584 at epoch 12
[LayoutFM Epoch 13] loss=0.633073
[LayoutFM Epoch 14] loss=0.625066
[LayoutFM Epoch 15] loss=0.621542
  [Eval loss: 0.631644]
  New best eval=0.631644 at epoch 15
[LayoutFM Epoch 16] loss=0.621580
[LayoutFM Epoch 17] loss=0.622656
[LayoutFM Epoch 18] loss=0.619320
  [Eval loss: 0.633646]
[LayoutFM Epoch 19] loss=0.612585
[LayoutFM Epoch 20] loss=0.610731
[LayoutFM Epoch 21] loss=0.612782
  [Eval loss: 0.618848]
  New best eval=0.618848 at epoch 21
[LayoutFM Epoch 22] loss=0.607012
[LayoutFM Epoch 23] loss=0.607758
[LayoutFM Epoch 24] loss=0.602929
  [Eval loss: 0.608144]
  New best eval=0.608144 at epoch 24
[LayoutFM Epoch 25] loss=0.600864
[LayoutFM Epoch 26] loss=0.599715
[LayoutFM Epoch 27] loss=0.599590
  [Eval loss: 0.614930]
[LayoutFM Epoch 28] loss=0.596693
[LayoutFM Epoch 29] loss=0.596832
[LayoutFM Epoch 30] loss=0.592168
  [Eval loss: 0.605876]
  New best eval=0.605876 at epoch 30
[LayoutFM Epoch 31] loss=0.591601
[LayoutFM Epoch 32] loss=0.595837
[LayoutFM Epoch 33] loss=0.593918
  [Eval loss: 0.603266]
  New best eval=0.603266 at epoch 33
[LayoutFM Epoch 34] loss=0.589510
[LayoutFM Epoch 35] loss=0.584732
[LayoutFM Epoch 36] loss=0.586439
  [Eval loss: 0.612118]
[LayoutFM Epoch 37] loss=0.584401
[LayoutFM Epoch 38] loss=0.583495
[LayoutFM Epoch 39] loss=0.583786
  [Eval loss: 0.610784]
[LayoutFM Epoch 40] loss=0.582419
[LayoutFM Epoch 41] loss=0.578449
[LayoutFM Epoch 42] loss=0.576401
  [Eval loss: 0.598179]
  New best eval=0.598179 at epoch 42
[LayoutFM Epoch 43] loss=0.579101
[LayoutFM Epoch 44] loss=0.572875
[LayoutFM Epoch 45] loss=0.573857
  [Eval loss: 0.595747]
  New best eval=0.595747 at epoch 45
[LayoutFM Epoch 46] loss=0.572954
[LayoutFM Epoch 47] loss=0.571693
[LayoutFM Epoch 48] loss=0.565228
  [Eval loss: 0.603820]
[LayoutFM Epoch 49] loss=0.568546
[LayoutFM Epoch 50] loss=0.567047
[LayoutFM Epoch 51] loss=0.568925
  [Eval loss: 0.598441]
[LayoutFM Epoch 52] loss=0.567107
[LayoutFM Epoch 53] loss=0.564257
[LayoutFM Epoch 54] loss=0.566654
  [Eval loss: 0.602480]
[LayoutFM Epoch 55] loss=0.561596
[LayoutFM Epoch 56] loss=0.561949
[LayoutFM Epoch 57] loss=0.558534
  [Eval loss: 0.601763]
[LayoutFM Epoch 58] loss=0.554227
[LayoutFM Epoch 59] loss=0.555652
[LayoutFM Epoch 60] loss=0.554842
  [Eval loss: 0.609924]
[LayoutFM Epoch 61] loss=0.560786
[LayoutFM Epoch 62] loss=0.556769
[LayoutFM Epoch 63] loss=0.554181
  [Eval loss: 0.603713]
[LayoutFM Epoch 64] loss=0.550849
[LayoutFM Epoch 65] loss=0.555341
[LayoutFM Epoch 66] loss=0.551469
  [Eval loss: 0.608108]
[LayoutFM Epoch 67] loss=0.551166
[LayoutFM Epoch 68] loss=0.547602
[LayoutFM Epoch 69] loss=0.551557
  [Eval loss: 0.603864]
[LayoutFM Epoch 70] loss=0.542285
[LayoutFM Epoch 71] loss=0.544081
[LayoutFM Epoch 72] loss=0.543562
  [Eval loss: 0.603510]
[LayoutFM Epoch 73] loss=0.543276
[LayoutFM Epoch 74] loss=0.540398
[LayoutFM Epoch 75] loss=0.545004
  [Eval loss: 0.605342]
[LayoutFM Epoch 76] loss=0.539385
[LayoutFM Epoch 77] loss=0.538866
[LayoutFM Epoch 78] loss=0.540143
  [Eval loss: 0.605063]
[LayoutFM Epoch 79] loss=0.538126
[LayoutFM Epoch 80] loss=0.533952
[LayoutFM Epoch 81] loss=0.533343
  [Eval loss: 0.613288]
[LayoutFM Epoch 82] loss=0.530888
[LayoutFM Epoch 83] loss=0.532300
[LayoutFM Epoch 84] loss=0.533209
  [Eval loss: 0.619117]
[LayoutFM Epoch 85] loss=0.535169
[LayoutFM Epoch 86] loss=0.528152
[LayoutFM Epoch 87] loss=0.528261
  [Eval loss: 0.616024]
[LayoutFM Epoch 88] loss=0.530282
[LayoutFM Epoch 89] loss=0.524311
