[HorizontalFlipSchedule] start: epoch=0 p_hflip=0.000
[Resume] Loading checkpoint from ./artifacts/checkpoints/flow_matching/serious_runs/stay_layout_latent_flir_sd15_512_hflip/UNET/unet_fm_epoch_120_ckpt.pt
[Resume] epoch=120, step=40320, best_eval=0.595747
[LayoutFM] Epoch-based image logging enabled via sampling.sample_every=10; ignoring legacy logging.image_every_steps=200 and sampling.sample_every_steps=0.
[LayoutFM Precision] requested='auto' -> using 'bf16' on device=cuda
[LayoutFM Epoch 121] loss=0.492577
[LayoutFM Epoch 122] loss=0.493132
[LayoutFM Epoch 123] loss=0.486906
  [Eval loss: 0.665746]
[LayoutFM Epoch 124] loss=0.484485
[LayoutFM Epoch 125] loss=0.484189
[LayoutFM Epoch 126] loss=0.482047
  [Eval loss: 0.669487]
[LayoutFM Epoch 127] loss=0.486939
[LayoutFM Epoch 128] loss=0.482330
[LayoutFM Epoch 129] loss=0.478925
  [Eval loss: 0.675576]
[LayoutFM Epoch 130] loss=0.478682
[LayoutFM Epoch 131] loss=0.480168
[LayoutFM Epoch 132] loss=0.476506
  [Eval loss: 0.678893]
[LayoutFM Epoch 133] loss=0.474478
[LayoutFM Epoch 134] loss=0.476893
[LayoutFM Epoch 135] loss=0.472174
  [Eval loss: 0.687814]
[LayoutFM Epoch 136] loss=0.465950
[LayoutFM Epoch 137] loss=0.472463
[LayoutFM Epoch 138] loss=0.468508
  [Eval loss: 0.688705]
[LayoutFM Epoch 139] loss=0.465897
[LayoutFM Epoch 140] loss=0.465375
[LayoutFM Epoch 141] loss=0.463322
  [Eval loss: 0.703463]
[LayoutFM Epoch 142] loss=0.467815
[LayoutFM Epoch 143] loss=0.464340
[LayoutFM Epoch 144] loss=0.462032
  [Eval loss: 0.706387]
[LayoutFM Epoch 145] loss=0.460493
[LayoutFM Epoch 146] loss=0.460874
[LayoutFM Epoch 147] loss=0.460261
  [Eval loss: 0.722543]
[LayoutFM Epoch 148] loss=0.458342
[LayoutFM Epoch 149] loss=0.456662
[LayoutFM Epoch 150] loss=0.451075
  [Eval loss: 0.731129]
[LayoutFM Epoch 151] loss=0.454667
[LayoutFM Epoch 152] loss=0.454316
[LayoutFM Epoch 153] loss=0.449345
  [Eval loss: 0.731100]
[LayoutFM Epoch 154] loss=0.451649
[LayoutFM Epoch 155] loss=0.451785
[LayoutFM Epoch 156] loss=0.445908
  [Eval loss: 0.741685]
[LayoutFM Epoch 157] loss=0.445586
[LayoutFM Epoch 158] loss=0.446832
[LayoutFM Epoch 159] loss=0.446045
  [Eval loss: 0.756052]
[LayoutFM Epoch 160] loss=0.445121
[LayoutFM Epoch 161] loss=0.445202
[LayoutFM Epoch 162] loss=0.442560
  [Eval loss: 0.773427]
[LayoutFM Epoch 163] loss=0.437812
[LayoutFM Epoch 164] loss=0.438456
[LayoutFM Epoch 165] loss=0.437961
  [Eval loss: 0.779087]
[LayoutFM Epoch 166] loss=0.435730
[LayoutFM Epoch 167] loss=0.433513
[LayoutFM Epoch 168] loss=0.433821
  [Eval loss: 0.786697]
[LayoutFM Epoch 169] loss=0.431810
[LayoutFM Epoch 170] loss=0.430100
[LayoutFM Epoch 171] loss=0.429733
  [Eval loss: 0.797070]
[LayoutFM Epoch 172] loss=0.431717
[LayoutFM Epoch 173] loss=0.426328
[LayoutFM Epoch 174] loss=0.427688
  [Eval loss: 0.817751]
[LayoutFM Epoch 175] loss=0.429380
[LayoutFM Epoch 176] loss=0.423982
[LayoutFM Epoch 177] loss=0.421139
  [Eval loss: 0.827027]
[LayoutFM Epoch 178] loss=0.420321
[LayoutFM Epoch 179] loss=0.422877
[LayoutFM Epoch 180] loss=0.418375
  [Eval loss: 0.841837]
[LayoutFM Epoch 181] loss=0.417563
[LayoutFM Epoch 182] loss=0.417129
[LayoutFM Epoch 183] loss=0.412293
  [Eval loss: 0.835998]
[LayoutFM Epoch 184] loss=0.413220
[LayoutFM Epoch 185] loss=0.411387
[LayoutFM Epoch 186] loss=0.413211
  [Eval loss: 0.859449]
[LayoutFM Epoch 187] loss=0.412779
[LayoutFM Epoch 188] loss=0.407150
[LayoutFM Epoch 189] loss=0.414524
  [Eval loss: 0.863734]
[LayoutFM Epoch 190] loss=0.406004
[LayoutFM Epoch 191] loss=0.412228
[LayoutFM Epoch 192] loss=0.410756
  [Eval loss: 0.896929]
[LayoutFM Epoch 193] loss=0.406776
[LayoutFM Epoch 194] loss=0.406122
[LayoutFM Epoch 195] loss=0.396192
  [Eval loss: 0.893014]
[LayoutFM Epoch 196] loss=0.402873
[LayoutFM Epoch 197] loss=0.401465
[LayoutFM Epoch 198] loss=0.396180
  [Eval loss: 0.897619]
[LayoutFM Epoch 199] loss=0.398423
[LayoutFM Epoch 200] loss=0.396736
[LayoutFM Epoch 201] loss=0.394246
  [Eval loss: 0.919330]
[LayoutFM Epoch 202] loss=0.394372
[LayoutFM Epoch 203] loss=0.388018
[LayoutFM Epoch 204] loss=0.388510
  [Eval loss: 0.922883]
[LayoutFM Epoch 205] loss=0.392111
[LayoutFM Epoch 206] loss=0.385631
[LayoutFM Epoch 207] loss=0.386068
  [Eval loss: 0.935658]
[LayoutFM Epoch 208] loss=0.384711
[LayoutFM Epoch 209] loss=0.391819
[LayoutFM Epoch 210] loss=0.382518
  [Eval loss: 0.961134]
[LayoutFM Epoch 211] loss=0.383357
[LayoutFM Epoch 212] loss=0.383595
[LayoutFM Epoch 213] loss=0.378352
  [Eval loss: 0.964348]
[LayoutFM Epoch 214] loss=0.381129
[LayoutFM Epoch 215] loss=0.376616
[LayoutFM Epoch 216] loss=0.381580
  [Eval loss: 0.982272]
[LayoutFM Epoch 217] loss=0.370953
[LayoutFM Epoch 218] loss=0.375494
[LayoutFM Epoch 219] loss=0.371937
  [Eval loss: 0.986087]
[LayoutFM Epoch 220] loss=0.368626
[LayoutFM Epoch 221] loss=0.371393
[LayoutFM Epoch 222] loss=0.367525
  [Eval loss: 1.016895]
[LayoutFM Epoch 223] loss=0.370148
[LayoutFM Epoch 224] loss=0.365378
[LayoutFM Epoch 225] loss=0.365095
  [Eval loss: 1.028793]
[LayoutFM Epoch 226] loss=0.365050
[LayoutFM Epoch 227] loss=0.363478
[LayoutFM Epoch 228] loss=0.362737
  [Eval loss: 1.054752]
[LayoutFM Epoch 229] loss=0.359845
[LayoutFM Epoch 230] loss=0.358213
[LayoutFM Epoch 231] loss=0.358663
  [Eval loss: 1.037476]
[LayoutFM Epoch 232] loss=0.357515
[LayoutFM Epoch 233] loss=0.358217
[LayoutFM Epoch 234] loss=0.354040
  [Eval loss: 1.070005]
[LayoutFM Epoch 235] loss=0.358868
[LayoutFM Epoch 236] loss=0.351255
[LayoutFM Epoch 237] loss=0.354882
  [Eval loss: 1.087687]
[LayoutFM Epoch 238] loss=0.348026
[LayoutFM Epoch 239] loss=0.350737
[LayoutFM Epoch 240] loss=0.352303
  [Eval loss: 1.109934]
[LayoutFM Epoch 241] loss=0.352351
[LayoutFM Epoch 242] loss=0.347530
[LayoutFM Epoch 243] loss=0.347106
  [Eval loss: 1.117022]
[LayoutFM Epoch 244] loss=0.345661
[LayoutFM Epoch 245] loss=0.345972
[LayoutFM Epoch 246] loss=0.341901
  [Eval loss: 1.135853]
[LayoutFM Epoch 247] loss=0.340350
[LayoutFM Epoch 248] loss=0.339177
[LayoutFM Epoch 249] loss=0.332905
  [Eval loss: 1.158400]
[LayoutFM Epoch 250] loss=0.341147
[LayoutFM Epoch 251] loss=0.342564
[LayoutFM Epoch 252] loss=0.336281
  [Eval loss: 1.165014]
[LayoutFM Epoch 253] loss=0.333308
[LayoutFM Epoch 254] loss=0.332038
[LayoutFM Epoch 255] loss=0.331871
  [Eval loss: 1.163033]
[LayoutFM Epoch 256] loss=0.332567
[LayoutFM Epoch 257] loss=0.332542
[LayoutFM Epoch 258] loss=0.332833
  [Eval loss: 1.191356]
[LayoutFM Epoch 259] loss=0.330591
[LayoutFM Epoch 260] loss=0.325624
[LayoutFM Epoch 261] loss=0.329719
  [Eval loss: 1.210251]
[LayoutFM Epoch 262] loss=0.326447
[LayoutFM Epoch 263] loss=0.327582
[LayoutFM Epoch 264] loss=0.324684
  [Eval loss: 1.235779]
[LayoutFM Epoch 265] loss=0.320743
[LayoutFM Epoch 266] loss=0.317943
[LayoutFM Epoch 267] loss=0.319595
  [Eval loss: 1.280039]
[LayoutFM Epoch 268] loss=0.319407
[LayoutFM Epoch 269] loss=0.322343
[LayoutFM Epoch 270] loss=0.317130
  [Eval loss: 1.270458]
[LayoutFM Epoch 271] loss=0.314872
[LayoutFM Epoch 272] loss=0.319796
[LayoutFM Epoch 273] loss=0.316135
  [Eval loss: 1.307040]
[LayoutFM Epoch 274] loss=0.316450
[LayoutFM Epoch 275] loss=0.317893
[LayoutFM Epoch 276] loss=0.312677
  [Eval loss: 1.283032]
[LayoutFM Epoch 277] loss=0.316429
[LayoutFM Epoch 278] loss=0.308106
[LayoutFM Epoch 279] loss=0.312921
  [Eval loss: 1.337460]
[LayoutFM Epoch 280] loss=0.304689
[LayoutFM Epoch 281] loss=0.316426
[LayoutFM Epoch 282] loss=0.306005
  [Eval loss: 1.301177]
[LayoutFM Epoch 283] loss=0.302767
[LayoutFM Epoch 284] loss=0.302683
[LayoutFM Epoch 285] loss=0.308561
  [Eval loss: 1.344714]
[LayoutFM Epoch 286] loss=0.307751
[LayoutFM Epoch 287] loss=0.304779
[LayoutFM Epoch 288] loss=0.301806
  [Eval loss: 1.369794]
[LayoutFM Epoch 289] loss=0.302804
[LayoutFM Epoch 290] loss=0.298678
[LayoutFM Epoch 291] loss=0.299851
  [Eval loss: 1.415955]
[LayoutFM Epoch 292] loss=0.296529
[LayoutFM Epoch 293] loss=0.298367
[LayoutFM Epoch 294] loss=0.301280
  [Eval loss: 1.422479]
[LayoutFM Epoch 295] loss=0.295942
[LayoutFM Epoch 296] loss=0.292912
[LayoutFM Epoch 297] loss=0.296601
  [Eval loss: 1.418334]
[LayoutFM Epoch 298] loss=0.293138
[LayoutFM Epoch 299] loss=0.297457
[LayoutFM Epoch 300] loss=0.291765
  [Eval loss: 1.486107]
[LayoutFM Epoch 301] loss=0.294605
[LayoutFM Epoch 302] loss=0.290642
[LayoutFM Epoch 303] loss=0.295120
  [Eval loss: 1.478452]
[LayoutFM Epoch 304] loss=0.292020
[LayoutFM Epoch 305] loss=0.289966
[LayoutFM Epoch 306] loss=0.287954
  [Eval loss: 1.493691]
[LayoutFM Epoch 307] loss=0.291372
[LayoutFM Epoch 308] loss=0.289489
[LayoutFM Epoch 309] loss=0.287819
  [Eval loss: 1.502355]
[LayoutFM Epoch 310] loss=0.287260
[LayoutFM Epoch 311] loss=0.287574
[LayoutFM Epoch 312] loss=0.285056
  [Eval loss: 1.462125]
[LayoutFM Epoch 313] loss=0.284875
[LayoutFM Epoch 314] loss=0.285432
[LayoutFM Epoch 315] loss=0.279905
  [Eval loss: 1.566593]
[LayoutFM Epoch 316] loss=0.283078
[LayoutFM Epoch 317] loss=0.285429
[LayoutFM Epoch 318] loss=0.279085
  [Eval loss: 1.586574]
[LayoutFM Epoch 319] loss=0.282915
[LayoutFM Epoch 320] loss=0.283501
[LayoutFM Epoch 321] loss=0.276891
  [Eval loss: 1.549968]
[LayoutFM Epoch 322] loss=0.276928
[LayoutFM Epoch 323] loss=0.276830
[LayoutFM Epoch 324] loss=0.276983
  [Eval loss: 1.544360]
[LayoutFM Epoch 325] loss=0.280963
[LayoutFM Epoch 326] loss=0.275409
[LayoutFM Epoch 327] loss=0.272558
  [Eval loss: 1.599385]
[LayoutFM Epoch 328] loss=0.276770
[LayoutFM Epoch 329] loss=0.270913
[LayoutFM Epoch 330] loss=0.274214
  [Eval loss: 1.659028]
[LayoutFM Epoch 331] loss=0.276017
[LayoutFM Epoch 332] loss=0.279499
[LayoutFM Epoch 333] loss=0.271496
  [Eval loss: 1.623704]
[LayoutFM Epoch 334] loss=0.271581
[LayoutFM Epoch 335] loss=0.274775
[LayoutFM Epoch 336] loss=0.269915
  [Eval loss: 1.631905]
[LayoutFM Epoch 337] loss=0.276268
[LayoutFM Epoch 338] loss=0.269481
[LayoutFM Epoch 339] loss=0.265091
  [Eval loss: 1.647290]
[LayoutFM Epoch 340] loss=0.262354
[LayoutFM Epoch 341] loss=0.267271
[LayoutFM Epoch 342] loss=0.269818
  [Eval loss: 1.659219]
[LayoutFM Epoch 343] loss=0.267219
[LayoutFM Epoch 344] loss=0.264643
[LayoutFM Epoch 345] loss=0.264282
  [Eval loss: 1.690532]
[LayoutFM Epoch 346] loss=0.268569
[LayoutFM Epoch 347] loss=0.265175
[LayoutFM Epoch 348] loss=0.266014
  [Eval loss: 1.671661]
[LayoutFM Epoch 349] loss=0.260010
[LayoutFM Epoch 350] loss=0.262795
[LayoutFM Epoch 351] loss=0.262840
  [Eval loss: 1.784733]
[LayoutFM Epoch 352] loss=0.263422
[LayoutFM Epoch 353] loss=0.260115
[LayoutFM Epoch 354] loss=0.260467
  [Eval loss: 1.714333]
[LayoutFM Epoch 355] loss=0.259065
[LayoutFM Epoch 356] loss=0.254977
[LayoutFM Epoch 357] loss=0.259199
  [Eval loss: 1.732451]
[LayoutFM Epoch 358] loss=0.260968
[LayoutFM Epoch 359] loss=0.261275
[LayoutFM Epoch 360] loss=0.255981
  [Eval loss: 1.785600]
[LayoutFM Epoch 361] loss=0.258391
[LayoutFM Epoch 362] loss=0.258914
[LayoutFM Epoch 363] loss=0.254407
  [Eval loss: 1.803142]
[LayoutFM Epoch 364] loss=0.258416
[LayoutFM Epoch 365] loss=0.258506
[LayoutFM Epoch 366] loss=0.255453
  [Eval loss: 1.803281]
[LayoutFM Epoch 367] loss=0.254223
[LayoutFM Epoch 368] loss=0.254105
[LayoutFM Epoch 369] loss=0.250753
  [Eval loss: 1.829083]
