[HorizontalFlipSchedule] start: epoch=0 p_hflip=0.000
[Resume] Loading checkpoint from ./artifacts/checkpoints/flow_matching/serious_runs/stay_layout_latent_flir_sd15_512_hflip/UNET/unet_last_ckpt.pt
[Resume] epoch=89, step=29904, best_eval=0.595747
[LayoutFM] Epoch-based image logging enabled via sampling.sample_every=10; ignoring legacy logging.image_every_steps=200 and sampling.sample_every_steps=0.
[LayoutFM Precision] requested='auto' -> using 'bf16' on device=cuda
[LayoutFM Epoch 90] loss=0.524031
  [Eval loss: 0.613917]
[LayoutFM Epoch 91] loss=0.521358
[LayoutFM Epoch 92] loss=0.518678
[LayoutFM Epoch 93] loss=0.524735
  [Eval loss: 0.613204]
[LayoutFM Epoch 94] loss=0.520616
[LayoutFM Epoch 95] loss=0.518559
[LayoutFM Epoch 96] loss=0.518362
  [Eval loss: 0.605451]
[LayoutFM Epoch 97] loss=0.521176
[LayoutFM Epoch 98] loss=0.515194
[LayoutFM Epoch 99] loss=0.519175
  [Eval loss: 0.627339]
[LayoutFM Epoch 100] loss=0.510300
[LayoutFM Epoch 101] loss=0.514745
[LayoutFM Epoch 102] loss=0.507865
  [Eval loss: 0.630374]
[LayoutFM Epoch 103] loss=0.510180
[LayoutFM Epoch 104] loss=0.510657
[LayoutFM Epoch 105] loss=0.506658
  [Eval loss: 0.625712]
[LayoutFM Epoch 106] loss=0.505253
[LayoutFM Epoch 107] loss=0.504302
[LayoutFM Epoch 108] loss=0.508247
  [Eval loss: 0.638584]
[LayoutFM Epoch 109] loss=0.503963
[LayoutFM Epoch 110] loss=0.504891
[LayoutFM Epoch 111] loss=0.499914
  [Eval loss: 0.643825]
[LayoutFM Epoch 112] loss=0.500958
[LayoutFM Epoch 113] loss=0.498898
[LayoutFM Epoch 114] loss=0.499782
  [Eval loss: 0.646325]
[LayoutFM Epoch 115] loss=0.491722
[LayoutFM Epoch 116] loss=0.494135
[LayoutFM Epoch 117] loss=0.492048
  [Eval loss: 0.655773]
[LayoutFM Epoch 118] loss=0.493478
[LayoutFM Epoch 119] loss=0.494754
[LayoutFM Epoch 120] loss=0.491164
  [Eval loss: 0.665604]
[LayoutFM Epoch 121] loss=0.489332
[LayoutFM Epoch 122] loss=0.488284
[LayoutFM Epoch 123] loss=0.486163
  [Eval loss: 0.660051]
[LayoutFM Epoch 124] loss=0.482999
[LayoutFM Epoch 125] loss=0.483020
[LayoutFM Epoch 126] loss=0.474245
  [Eval loss: 0.668967]
[LayoutFM Epoch 127] loss=0.481828
[LayoutFM Epoch 128] loss=0.479803
[LayoutFM Epoch 129] loss=0.478816
  [Eval loss: 0.668964]
[LayoutFM Epoch 130] loss=0.481228
[LayoutFM Epoch 131] loss=0.480372
[LayoutFM Epoch 132] loss=0.476301
  [Eval loss: 0.692622]
[LayoutFM Epoch 133] loss=0.477396
[LayoutFM Epoch 134] loss=0.471265
[LayoutFM Epoch 135] loss=0.473546
  [Eval loss: 0.695989]
[LayoutFM Epoch 136] loss=0.474334
[LayoutFM Epoch 137] loss=0.471741
[LayoutFM Epoch 138] loss=0.468705
  [Eval loss: 0.677989]
[LayoutFM Epoch 139] loss=0.466694
[LayoutFM Epoch 140] loss=0.469101
[LayoutFM Epoch 141] loss=0.466217
  [Eval loss: 0.698190]
[LayoutFM Epoch 142] loss=0.461623
[LayoutFM Epoch 143] loss=0.459984
[LayoutFM Epoch 144] loss=0.462803
  [Eval loss: 0.712348]
[LayoutFM Epoch 145] loss=0.459609
[LayoutFM Epoch 146] loss=0.460391
[LayoutFM Epoch 147] loss=0.453211
  [Eval loss: 0.723508]
[LayoutFM Epoch 148] loss=0.454444
[LayoutFM Epoch 149] loss=0.460476
[LayoutFM Epoch 150] loss=0.457231
  [Eval loss: 0.734047]
[LayoutFM Epoch 151] loss=0.454478
