[HorizontalFlipSchedule] start: epoch=0 p_hflip=0.000
[Resume] Loading checkpoint from ./artifacts/checkpoints/flow_matching/serious_runs/stay_layout_latent_flir_sd15_512_hflip/UNET/unet_fm_epoch_120_ckpt.pt
[Resume] epoch=120, step=40320, best_eval=0.595747
[LayoutFM] Epoch-based image logging enabled via sampling.sample_every=10; ignoring legacy logging.image_every_steps=200 and sampling.sample_every_steps=0.
[LayoutFM Precision] requested='auto' -> using 'bf16' on device=cuda
[LayoutFM Epoch 121] loss=0.491581
[LayoutFM Epoch 122] loss=0.483509
[LayoutFM Epoch 123] loss=0.488025
  [Eval loss: 0.666637]
[LayoutFM Epoch 124] loss=0.486022
[LayoutFM Epoch 125] loss=0.483917
[LayoutFM Epoch 126] loss=0.480945
  [Eval loss: 0.676199]
[LayoutFM Epoch 127] loss=0.483564
[LayoutFM Epoch 128] loss=0.480869
[LayoutFM Epoch 129] loss=0.476398
  [Eval loss: 0.676121]
[LayoutFM Epoch 130] loss=0.478473
[LayoutFM Epoch 131] loss=0.476189
[LayoutFM Epoch 132] loss=0.475939
  [Eval loss: 0.684123]
[LayoutFM Epoch 133] loss=0.473123
[LayoutFM Epoch 134] loss=0.474879
[LayoutFM Epoch 135] loss=0.468864
  [Eval loss: 0.692447]
[LayoutFM Epoch 136] loss=0.472963
[LayoutFM Epoch 137] loss=0.473385
[LayoutFM Epoch 138] loss=0.470280
  [Eval loss: 0.690793]
[LayoutFM Epoch 139] loss=0.469481
[LayoutFM Epoch 140] loss=0.468650
[LayoutFM Epoch 141] loss=0.465584
  [Eval loss: 0.702948]
[LayoutFM Epoch 142] loss=0.467303
[LayoutFM Epoch 143] loss=0.461139
[LayoutFM Epoch 144] loss=0.459023
  [Eval loss: 0.717320]
[LayoutFM Epoch 145] loss=0.458893
[LayoutFM Epoch 146] loss=0.461410
[LayoutFM Epoch 147] loss=0.454170
  [Eval loss: 0.727962]
[LayoutFM Epoch 148] loss=0.460846
[LayoutFM Epoch 149] loss=0.458051
