Host: kn175
Start time: Sun May 31 21:14:22 EDT 2026
Project root: /project/6109890/bacobax2/ir-generative-study
Conda env: diffusers-dev
CUDA_VISIBLE_DEVICES from Slurm: 0
SLURM_JOB_ID: 3831694
SLURM_SUBMIT_DIR: /project/6109890/bacobax2/ir-generative-study
SLURM_CPUS_PER_TASK: 10
SLURM_MEM_PER_NODE: 32768
SLURM_MEM_PER_CPU: <unset>
CPU count: 10
BigEarthNet subset size: full
Config: /project/6109890/bacobax2/ir-generative-study/configs/datasets/bigearthnet_s2_b08_5x5_stride3/flow_matching/uncond_latent_bigearthnet_s2_b08_5x5_stride3_sd15_512_b64_hflip_ot.yaml
MIXED_PRECISION: auto
/home/bacobax2/miniforge3/envs/diffusers-dev/bin/python
Python 3.10.20
Configured dataset:
5:  dataset_id: "bigearthnet_s2_b08_5x5_stride3"
Configured subset manifest:
9:  subset_manifest: null
Configured batch size:
7:  batch_size: 64
70:  sample_batch_size: 4
Configured path mode:
63:path:
64-  mode: "minibatch_ot"
65-  solver: "hungarian"
66-
Sun May 31 21:14:22 2026       
+-----------------------------------------------------------------------------------------+
| NVIDIA-SMI 580.159.03             Driver Version: 580.159.03     CUDA Version: 13.0     |
+-----------------------------------------+------------------------+----------------------+
| GPU  Name                 Persistence-M | Bus-Id          Disp.A | Volatile Uncorr. ECC |
| Fan  Temp   Perf          Pwr:Usage/Cap |           Memory-Usage | GPU-Util  Compute M. |
|                                         |                        |               MIG M. |
|=========================================+========================+======================|
|   0  NVIDIA H100 80GB HBM3          Off |   00000000:C0:00.0 Off |                    0 |
| N/A   41C    P0             72W /  700W |       0MiB /  81559MiB |      0%      Default |
|                                         |                        |             Disabled |
+-----------------------------------------+------------------------+----------------------+

+-----------------------------------------------------------------------------------------+
| Processes:                                                                              |
|  GPU   GI   CI              PID   Type   Process name                        GPU Memory |
|        ID   ID                                                               Usage      |
|=========================================================================================|
|  No running processes found                                                             |
+-----------------------------------------------------------------------------------------+
BigEarthNet FM full stdout log: /project/6109890/bacobax2/ir-generative-study/logs/bigearthnet-fm-full-3831694.out
BigEarthNet FM full stderr log: /project/6109890/bacobax2/ir-generative-study/logs/bigearthnet-fm-full-3831694.err
BigEarthNet FM full exit code: 139
Stdout log: /project/6109890/bacobax2/ir-generative-study/logs/bigearthnet-fm-full-3831694.out
Stderr log: /project/6109890/bacobax2/ir-generative-study/logs/bigearthnet-fm-full-3831694.err
End time: Sun May 31 22:58:20 EDT 2026
