[AugmentSchedule] start: epoch=0 p_crop=0.000 p_rot=0.000 p_hflip=0.000
[AugmentSchedule] start: epoch=0 p_crop=0.000 p_rot=0.000 p_hflip=0.000
[AugmentSchedule] warmup: epoch=0 p_crop=0.000 p_rot=0.000 p_hflip=0.000
[FM Precision] requested='auto' -> using 'bf16' on device=cuda
[AugmentSchedule] warmup: epoch=0 p_crop=0.000 p_rot=0.000 p_hflip=0.000
[FM Epoch 1] loss: 1.258605
[FM Epoch 2] loss: 0.848458
[FM Epoch 3] loss: 0.778050
  [Eval loss: 1.404382]
  ✅ New best eval_loss=1.404382 at epoch 3 -> saved UNET/unet_fm_best.pt
[FM Epoch 4] loss: 0.744480
[FM Epoch 5] loss: 0.735267
[FM Epoch 6] loss: 0.715374
  [Eval loss: 1.084225]
  ✅ New best eval_loss=1.084225 at epoch 6 -> saved UNET/unet_fm_best.pt
[FM Epoch 7] loss: 0.710955
[FM Epoch 8] loss: 0.701497
[FM Epoch 9] loss: 0.696260
  [Eval loss: 0.889916]
  ✅ New best eval_loss=0.889916 at epoch 9 -> saved UNET/unet_fm_best.pt
[FM Epoch 10] loss: 0.693724
[FM Epoch 11] loss: 0.688842
[FM Epoch 12] loss: 0.692249
  [Eval loss: 0.794616]
  ✅ New best eval_loss=0.794616 at epoch 12 -> saved UNET/unet_fm_best.pt
[FM Epoch 13] loss: 0.688223
[FM Epoch 14] loss: 0.682613
[FM Epoch 15] loss: 0.677428
  [Eval loss: 0.757708]
  ✅ New best eval_loss=0.757708 at epoch 15 -> saved UNET/unet_fm_best.pt
[FM Epoch 16] loss: 0.677781
[FM Epoch 17] loss: 0.677216
[FM Epoch 18] loss: 0.663283
  [Eval loss: 0.738416]
  ✅ New best eval_loss=0.738416 at epoch 18 -> saved UNET/unet_fm_best.pt
[FM Epoch 19] loss: 0.673533
[FM Epoch 20] loss: 0.672099
[FM Epoch 21] loss: 0.664840
  [Eval loss: 0.721854]
  ✅ New best eval_loss=0.721854 at epoch 21 -> saved UNET/unet_fm_best.pt
[FM Epoch 22] loss: 0.656984
[FM Epoch 23] loss: 0.657837
[FM Epoch 24] loss: 0.657806
  [Eval loss: 0.706828]
  ✅ New best eval_loss=0.706828 at epoch 24 -> saved UNET/unet_fm_best.pt
[FM Epoch 25] loss: 0.664363
[FM Epoch 26] loss: 0.652585
[FM Epoch 27] loss: 0.656273
  [Eval loss: 0.702297]
  ✅ New best eval_loss=0.702297 at epoch 27 -> saved UNET/unet_fm_best.pt
[FM Epoch 28] loss: 0.656615
[FM Epoch 29] loss: 0.660098
[FM Epoch 30] loss: 0.666802
  [Eval loss: 0.692095]
  ✅ New best eval_loss=0.692095 at epoch 30 -> saved UNET/unet_fm_best.pt
[AugmentSchedule] ramp: epoch=30 p_crop=0.000 p_rot=0.000 p_hflip=0.000
[AugmentSchedule] ramp: epoch=30 p_crop=0.000 p_rot=0.000 p_hflip=0.000
[FM Epoch 31] loss: 1.297788
[FM Epoch 32] loss: 1.301915
[FM Epoch 33] loss: 1.271919
  [Eval loss: 0.705975]
[FM Epoch 34] loss: 1.267550
[FM Epoch 35] loss: 1.265286
[FM Epoch 36] loss: 1.263033
  [Eval loss: 0.762043]
[FM Epoch 37] loss: 1.265577
[FM Epoch 38] loss: 1.262896
[FM Epoch 39] loss: 1.262861
  [Eval loss: 1.251390]
[FM Epoch 40] loss: 1.260428
[FM Epoch 41] loss: 1.261497
[FM Epoch 42] loss: 1.261677
  [Eval loss: 1.304001]
[FM Epoch 43] loss: 1.260414
[FM Epoch 44] loss: 1.258578
[FM Epoch 45] loss: 1.259086
  [Eval loss: 1.290649]
[FM Epoch 46] loss: 1.259604
[FM Epoch 47] loss: 1.258454
[FM Epoch 48] loss: 1.259258
  [Eval loss: 1.280190]
[FM Epoch 49] loss: 1.258731
[FM Epoch 50] loss: 1.256926
[FM Epoch 51] loss: 1.257508
  [Eval loss: 1.274912]
[FM Epoch 52] loss: 1.256485
[FM Epoch 53] loss: 1.255799
[FM Epoch 54] loss: 1.259141
  [Eval loss: 1.271755]
[FM Epoch 55] loss: 1.255951
[FM Epoch 56] loss: 1.259572
[FM Epoch 57] loss: 1.255445
  [Eval loss: 1.268786]
[FM Epoch 58] loss: 1.253943
[FM Epoch 59] loss: 1.250945
[FM Epoch 60] loss: 1.252323
  [Eval loss: 1.267245]
[FM Epoch 61] loss: 1.250109
[FM Epoch 62] loss: 1.251086
[FM Epoch 63] loss: 1.245548
  [Eval loss: 1.266296]
[FM Epoch 64] loss: 1.289982
[FM Epoch 65] loss: 1.293048
[FM Epoch 66] loss: 1.264767
  [Eval loss: 1.268643]
[FM Epoch 67] loss: 1.259472
[FM Epoch 68] loss: 1.258958
[FM Epoch 69] loss: 1.258159
  [Eval loss: 1.373914]
[FM Epoch 70] loss: 1.257795
[FM Epoch 71] loss: 1.254930
[FM Epoch 72] loss: 1.256073
  [Eval loss: 1.340459]
[FM Epoch 73] loss: 1.254647
[FM Epoch 74] loss: 1.253562
[FM Epoch 75] loss: 1.254246
  [Eval loss: 1.309028]
[FM Epoch 76] loss: 1.252987
[FM Epoch 77] loss: 1.250307
[FM Epoch 78] loss: 1.249746
  [Eval loss: 1.293988]
[FM Epoch 79] loss: 1.249753
[FM Epoch 80] loss: 1.249968
[FM Epoch 81] loss: 1.246981
  [Eval loss: 1.282791]
[FM Epoch 82] loss: 1.244146
[FM Epoch 83] loss: 1.245344
[FM Epoch 84] loss: 1.241826
  [Eval loss: 1.278045]
[FM Epoch 85] loss: 1.238226
[FM Epoch 86] loss: 1.237819
[FM Epoch 87] loss: 1.234316
  [Eval loss: 1.277835]
[FM Epoch 88] loss: 1.225742
[FM Epoch 89] loss: 1.220929
[FM Epoch 90] loss: 1.221001
  [Eval loss: 1.278496]
[FM Epoch 91] loss: 1.217766
[FM Epoch 92] loss: 1.212394
[FM Epoch 93] loss: 1.224402
  [Eval loss: 1.275886]
[FM Epoch 94] loss: 1.266615
[FM Epoch 95] loss: 1.104111
[FM Epoch 96] loss: 0.717810
  [Eval loss: 1.256963]
[FM Epoch 97] loss: 0.681919
[FM Epoch 98] loss: 0.676759
[FM Epoch 99] loss: 0.669611
  [Eval loss: 1.258520]
[FM Epoch 100] loss: 0.658043
[FM Epoch 101] loss: 0.655295
[FM Epoch 102] loss: 0.657500
  [Eval loss: 1.141106]
[FM Epoch 103] loss: 0.655630
[FM Epoch 104] loss: 0.658022
[FM Epoch 105] loss: 0.651430
  [Eval loss: 0.802763]
[FM Epoch 106] loss: 0.656710
[FM Epoch 107] loss: 0.652971
[FM Epoch 108] loss: 0.652527
  [Eval loss: 0.758373]
[FM Epoch 109] loss: 0.653324
[FM Epoch 110] loss: 0.651170
[FM Epoch 111] loss: 0.652882
  [Eval loss: 0.732587]
[FM Epoch 112] loss: 0.647217
[FM Epoch 113] loss: 0.647892
[FM Epoch 114] loss: 0.648568
  [Eval loss: 0.705983]
[FM Epoch 115] loss: 0.638004
[FM Epoch 116] loss: 0.645524
[FM Epoch 117] loss: 0.651932
  [Eval loss: 0.699136]
[FM Epoch 118] loss: 0.649758
[FM Epoch 119] loss: 0.639947
[FM Epoch 120] loss: 0.640198
  [Eval loss: 0.684431]
  ✅ New best eval_loss=0.684431 at epoch 120 -> saved UNET/unet_fm_best.pt
[AugmentSchedule] decay: epoch=120 p_crop=0.000 p_rot=0.000 p_hflip=0.600
[AugmentSchedule] decay: epoch=120 p_crop=0.000 p_rot=0.000 p_hflip=0.600
[FM Epoch 121] loss: 0.642409
[FM Epoch 122] loss: 0.643247
[FM Epoch 123] loss: 0.638819
  [Eval loss: 0.677678]
  ✅ New best eval_loss=0.677678 at epoch 123 -> saved UNET/unet_fm_best.pt
[FM Epoch 124] loss: 0.642648
[FM Epoch 125] loss: 0.638814
[FM Epoch 126] loss: 0.640385
  [Eval loss: 0.673885]
  ✅ New best eval_loss=0.673885 at epoch 126 -> saved UNET/unet_fm_best.pt
[FM Epoch 127] loss: 0.643282
[FM Epoch 128] loss: 0.641369
[FM Epoch 129] loss: 0.638600
  [Eval loss: 0.665457]
  ✅ New best eval_loss=0.665457 at epoch 129 -> saved UNET/unet_fm_best.pt
[FM Epoch 130] loss: 0.643979
[FM Epoch 131] loss: 0.638790
[FM Epoch 132] loss: 0.642008
  [Eval loss: 0.661892]
  ✅ New best eval_loss=0.661892 at epoch 132 -> saved UNET/unet_fm_best.pt
[FM Epoch 133] loss: 0.634503
[FM Epoch 134] loss: 0.634788
[FM Epoch 135] loss: 0.635408
  [Eval loss: 0.663873]
[FM Epoch 136] loss: 0.637139
[FM Epoch 137] loss: 0.638089
[FM Epoch 138] loss: 0.635971
  [Eval loss: 0.663055]
[FM Epoch 139] loss: 0.632686
[FM Epoch 140] loss: 0.634273
[FM Epoch 141] loss: 0.628000
  [Eval loss: 0.664859]
[FM Epoch 142] loss: 0.630872
[FM Epoch 143] loss: 0.632733
[FM Epoch 144] loss: 0.635978
  [Eval loss: 0.663952]
[FM Epoch 145] loss: 0.633322
[FM Epoch 146] loss: 0.636039
[FM Epoch 147] loss: 0.633295
  [Eval loss: 0.657212]
  ✅ New best eval_loss=0.657212 at epoch 147 -> saved UNET/unet_fm_best.pt
[FM Epoch 148] loss: 0.632048
[FM Epoch 149] loss: 0.634224
[FM Epoch 150] loss: 0.626651
  [Eval loss: 0.660340]
[FM Epoch 151] loss: 0.633634
[FM Epoch 152] loss: 0.633300
[FM Epoch 153] loss: 0.635856
  [Eval loss: 0.653984]
  ✅ New best eval_loss=0.653984 at epoch 153 -> saved UNET/unet_fm_best.pt
[FM Epoch 154] loss: 0.631763
[FM Epoch 155] loss: 0.635698
[FM Epoch 156] loss: 0.634295
  [Eval loss: 0.664502]
[FM Epoch 157] loss: 0.633396
[FM Epoch 158] loss: 0.635360
[FM Epoch 159] loss: 0.633471
  [Eval loss: 0.654411]
[FM Epoch 160] loss: 0.627655
[FM Epoch 161] loss: 0.633728
[FM Epoch 162] loss: 0.632168
  [Eval loss: 0.656042]
[FM Epoch 163] loss: 0.632989
[FM Epoch 164] loss: 0.632494
[FM Epoch 165] loss: 0.635522
  [Eval loss: 0.656257]
[FM Epoch 166] loss: 0.636090
[FM Epoch 167] loss: 0.624694
[FM Epoch 168] loss: 0.628855
  [Eval loss: 0.650528]
  ✅ New best eval_loss=0.650528 at epoch 168 -> saved UNET/unet_fm_best.pt
[FM Epoch 169] loss: 0.634190
[FM Epoch 170] loss: 0.629744
[FM Epoch 171] loss: 0.637962
  [Eval loss: 0.653372]
[FM Epoch 172] loss: 0.624491
[FM Epoch 173] loss: 0.626297
[FM Epoch 174] loss: 0.629412
  [Eval loss: 0.655593]
[FM Epoch 175] loss: 0.627136
[FM Epoch 176] loss: 0.627822
[FM Epoch 177] loss: 0.635481
  [Eval loss: 0.653340]
[FM Epoch 178] loss: 0.625207
[FM Epoch 179] loss: 0.626629
[FM Epoch 180] loss: 0.629619
  [Eval loss: 0.658891]
[FM Epoch 181] loss: 0.629904
[FM Epoch 182] loss: 0.628429
[FM Epoch 183] loss: 0.622937
  [Eval loss: 0.651209]
[FM Epoch 184] loss: 0.624866
[FM Epoch 185] loss: 0.626513
[FM Epoch 186] loss: 0.627212
  [Eval loss: 0.655039]
[FM Epoch 187] loss: 0.628671
[FM Epoch 188] loss: 0.627551
[FM Epoch 189] loss: 0.627947
  [Eval loss: 0.656722]
[FM Epoch 190] loss: 0.627755
[FM Epoch 191] loss: 0.627289
[FM Epoch 192] loss: 0.629882
  [Eval loss: 0.647289]
  ✅ New best eval_loss=0.647289 at epoch 192 -> saved UNET/unet_fm_best.pt
[FM Epoch 193] loss: 0.629953
[FM Epoch 194] loss: 0.624883
[FM Epoch 195] loss: 0.629260
  [Eval loss: 0.652755]
[FM Epoch 196] loss: 0.628371
[FM Epoch 197] loss: 0.620332
[FM Epoch 198] loss: 0.629832
  [Eval loss: 0.653071]
[FM Epoch 199] loss: 0.626150
[FM Epoch 200] loss: 0.623141
[FM Epoch 201] loss: 0.633108
  [Eval loss: 0.649357]
[FM Epoch 202] loss: 0.623142
[FM Epoch 203] loss: 0.628030
[FM Epoch 204] loss: 0.624481
  [Eval loss: 0.649851]
[FM Epoch 205] loss: 0.622273
[FM Epoch 206] loss: 0.624506
[FM Epoch 207] loss: 0.626488
  [Eval loss: 0.654842]
[FM Epoch 208] loss: 0.617604
[FM Epoch 209] loss: 0.623025
[FM Epoch 210] loss: 0.623947
  [Eval loss: 0.656302]
[FM Epoch 211] loss: 0.624625
[FM Epoch 212] loss: 0.626855
[FM Epoch 213] loss: 0.624100
  [Eval loss: 0.653367]
[FM Epoch 214] loss: 0.622905
[FM Epoch 215] loss: 0.622195
[FM Epoch 216] loss: 0.621438
  [Eval loss: 0.653358]
[FM Epoch 217] loss: 0.622149
[FM Epoch 218] loss: 0.632510
[FM Epoch 219] loss: 0.624838
  [Eval loss: 0.646500]
  ✅ New best eval_loss=0.646500 at epoch 219 -> saved UNET/unet_fm_best.pt
[FM Epoch 220] loss: 0.621350
[FM Epoch 221] loss: 0.622083
[FM Epoch 222] loss: 0.625498
  [Eval loss: 0.648987]
[FM Epoch 223] loss: 0.624131
[FM Epoch 224] loss: 0.621913
[FM Epoch 225] loss: 0.619549
  [Eval loss: 0.653363]
[FM Epoch 226] loss: 0.621724
[FM Epoch 227] loss: 0.629029
[FM Epoch 228] loss: 0.624104
  [Eval loss: 0.649584]
[FM Epoch 229] loss: 0.625056
[FM Epoch 230] loss: 0.625808
[FM Epoch 231] loss: 0.623940
  [Eval loss: 0.653742]
[FM Epoch 232] loss: 0.629690
[FM Epoch 233] loss: 0.624278
[FM Epoch 234] loss: 0.624221
  [Eval loss: 0.650287]
[FM Epoch 235] loss: 0.620733
[FM Epoch 236] loss: 0.620741
[FM Epoch 237] loss: 0.618229
  [Eval loss: 0.648184]
[FM Epoch 238] loss: 0.620789
[FM Epoch 239] loss: 0.621807
[FM Epoch 240] loss: 0.621555
  [Eval loss: 0.650266]
[FM Epoch 241] loss: 0.629354
[FM Epoch 242] loss: 0.620456
[FM Epoch 243] loss: 0.625080
  [Eval loss: 0.646379]
  ✅ New best eval_loss=0.646379 at epoch 243 -> saved UNET/unet_fm_best.pt
[FM Epoch 244] loss: 0.626854
[FM Epoch 245] loss: 0.616847
[FM Epoch 246] loss: 0.617699
  [Eval loss: 0.650074]
[FM Epoch 247] loss: 0.617843
[FM Epoch 248] loss: 0.626068
[FM Epoch 249] loss: 0.620325
  [Eval loss: 0.645220]
  ✅ New best eval_loss=0.645220 at epoch 249 -> saved UNET/unet_fm_best.pt
[FM Epoch 250] loss: 0.628626
[FM Epoch 251] loss: 0.623845
[FM Epoch 252] loss: 0.622631
  [Eval loss: 0.650608]
[FM Epoch 253] loss: 0.626111
[FM Epoch 254] loss: 0.620381
[FM Epoch 255] loss: 0.618364
  [Eval loss: 0.644582]
  ✅ New best eval_loss=0.644582 at epoch 255 -> saved UNET/unet_fm_best.pt
[FM Epoch 256] loss: 0.621905
[FM Epoch 257] loss: 0.626377
[FM Epoch 258] loss: 0.624245
  [Eval loss: 0.646563]
[FM Epoch 259] loss: 0.625142
[FM Epoch 260] loss: 0.622488
[FM Epoch 261] loss: 0.617216
  [Eval loss: 0.649028]
[FM Epoch 262] loss: 0.628297
[FM Epoch 263] loss: 0.625547
[FM Epoch 264] loss: 0.619007
  [Eval loss: 0.650217]
[FM Epoch 265] loss: 0.619790
[FM Epoch 266] loss: 0.620184
[FM Epoch 267] loss: 0.622726
  [Eval loss: 0.645722]
[FM Epoch 268] loss: 0.622366
[FM Epoch 269] loss: 0.617258
[FM Epoch 270] loss: 0.617921
  [Eval loss: 0.652387]
[FM Epoch 271] loss: 0.617230
[FM Epoch 272] loss: 0.614764
[FM Epoch 273] loss: 0.622512
  [Eval loss: 0.650459]
[FM Epoch 274] loss: 0.619194
[FM Epoch 275] loss: 0.614755
[FM Epoch 276] loss: 0.619515
  [Eval loss: 0.648726]
[FM Epoch 277] loss: 0.624283
[FM Epoch 278] loss: 0.621813
[FM Epoch 279] loss: 0.620428
  [Eval loss: 0.650552]
[FM Epoch 280] loss: 0.615036
[FM Epoch 281] loss: 0.619799
[FM Epoch 282] loss: 0.622765
  [Eval loss: 0.649694]
[FM Epoch 283] loss: 0.618415
[FM Epoch 284] loss: 0.623853
[FM Epoch 285] loss: 0.619428
  [Eval loss: 0.653079]
[FM Epoch 286] loss: 0.621072
[FM Epoch 287] loss: 0.616751
[FM Epoch 288] loss: 0.625878
  [Eval loss: 0.646818]
[FM Epoch 289] loss: 0.618564
[FM Epoch 290] loss: 0.616859
[FM Epoch 291] loss: 0.626644
  [Eval loss: 0.641460]
  ✅ New best eval_loss=0.641460 at epoch 291 -> saved UNET/unet_fm_best.pt
[FM Epoch 292] loss: 0.615909
[FM Epoch 293] loss: 0.622935
[FM Epoch 294] loss: 0.618823
  [Eval loss: 0.653110]
[FM Epoch 295] loss: 0.621304
[FM Epoch 296] loss: 0.617421
[FM Epoch 297] loss: 0.625681
  [Eval loss: 0.645154]
[FM Epoch 298] loss: 0.619478
[FM Epoch 299] loss: 0.624417
[FM Epoch 300] loss: 0.621297
  [Eval loss: 0.646296]
