[AugmentSchedule] start: epoch=0 p_crop=0.000 p_rot=0.000 p_hflip=0.000
[AugmentSchedule] start: epoch=0 p_crop=0.000 p_rot=0.000 p_hflip=0.000
[AugmentSchedule] warmup: epoch=0 p_crop=0.000 p_rot=0.000 p_hflip=0.000
[FM Precision] requested='auto' -> using 'bf16' on device=cuda
[AugmentSchedule] warmup: epoch=0 p_crop=0.000 p_rot=0.000 p_hflip=0.000
[FM Epoch 1] loss: 1.414838
[FM Epoch 2] loss: 0.993599
[FM Epoch 3] loss: 0.873247
  [Eval loss: 0.836597]
  ✅ New best eval_loss=0.836597 at epoch 3 -> saved UNET/unet_fm_best.pt
[FM Epoch 4] loss: 0.822412
[FM Epoch 5] loss: 0.774450
[FM Epoch 6] loss: 0.774442
  [Eval loss: 1.461677]
[FM Epoch 7] loss: 0.738521
[FM Epoch 8] loss: 0.740502
[FM Epoch 9] loss: 0.726788
  [Eval loss: 1.275578]
[FM Epoch 10] loss: 0.726045
[FM Epoch 11] loss: 0.726783
[FM Epoch 12] loss: 0.718334
  [Eval loss: 1.131106]
[FM Epoch 13] loss: 0.718856
[FM Epoch 14] loss: 0.711197
[FM Epoch 15] loss: 0.715121
  [Eval loss: 1.020795]
[FM Epoch 16] loss: 0.707922
[FM Epoch 17] loss: 0.704817
[FM Epoch 18] loss: 0.689007
  [Eval loss: 0.936301]
[FM Epoch 19] loss: 0.697655
[FM Epoch 20] loss: 0.686332
[FM Epoch 21] loss: 0.683397
  [Eval loss: 0.871258]
[FM Epoch 22] loss: 0.672334
[FM Epoch 23] loss: 0.684048
[FM Epoch 24] loss: 0.680841
  [Eval loss: 0.839926]
[FM Epoch 25] loss: 0.683450
[FM Epoch 26] loss: 0.684950
[FM Epoch 27] loss: 0.662235
  [Eval loss: 0.804694]
  ✅ New best eval_loss=0.804694 at epoch 27 -> saved UNET/unet_fm_best.pt
[FM Epoch 28] loss: 0.682510
[FM Epoch 29] loss: 0.670213
[FM Epoch 30] loss: 0.668374
  [Eval loss: 0.776166]
  ✅ New best eval_loss=0.776166 at epoch 30 -> saved UNET/unet_fm_best.pt
[AugmentSchedule] ramp: epoch=30 p_crop=0.000 p_rot=0.000 p_hflip=0.000
[AugmentSchedule] ramp: epoch=30 p_crop=0.000 p_rot=0.000 p_hflip=0.000
[FM Epoch 31] loss: 0.677380
[FM Epoch 32] loss: 0.665623
[FM Epoch 33] loss: 0.668503
  [Eval loss: 0.772689]
  ✅ New best eval_loss=0.772689 at epoch 33 -> saved UNET/unet_fm_best.pt
[FM Epoch 34] loss: 0.673470
[FM Epoch 35] loss: 0.671282
[FM Epoch 36] loss: 0.666673
  [Eval loss: 0.761514]
  ✅ New best eval_loss=0.761514 at epoch 36 -> saved UNET/unet_fm_best.pt
[FM Epoch 37] loss: 0.658177
[FM Epoch 38] loss: 0.669515
[FM Epoch 39] loss: 0.664544
  [Eval loss: 0.742251]
  ✅ New best eval_loss=0.742251 at epoch 39 -> saved UNET/unet_fm_best.pt
[FM Epoch 40] loss: 0.664334
[FM Epoch 41] loss: 0.656828
[FM Epoch 42] loss: 0.659082
  [Eval loss: 0.735809]
  ✅ New best eval_loss=0.735809 at epoch 42 -> saved UNET/unet_fm_best.pt
[FM Epoch 43] loss: 0.675767
[FM Epoch 44] loss: 0.661329
[FM Epoch 45] loss: 0.669595
  [Eval loss: 0.729406]
  ✅ New best eval_loss=0.729406 at epoch 45 -> saved UNET/unet_fm_best.pt
[FM Epoch 46] loss: 0.666443
[FM Epoch 47] loss: 0.663353
[FM Epoch 48] loss: 0.659502
  [Eval loss: 0.724658]
  ✅ New best eval_loss=0.724658 at epoch 48 -> saved UNET/unet_fm_best.pt
[FM Epoch 49] loss: 0.660430
[FM Epoch 50] loss: 0.659262
[FM Epoch 51] loss: 0.664289
  [Eval loss: 0.717388]
  ✅ New best eval_loss=0.717388 at epoch 51 -> saved UNET/unet_fm_best.pt
[FM Epoch 52] loss: 0.663408
[FM Epoch 53] loss: 0.659802
[FM Epoch 54] loss: 0.660871
  [Eval loss: 0.708972]
  ✅ New best eval_loss=0.708972 at epoch 54 -> saved UNET/unet_fm_best.pt
[FM Epoch 55] loss: 0.644700
[FM Epoch 56] loss: 0.662622
[FM Epoch 57] loss: 0.660480
  [Eval loss: 0.702164]
  ✅ New best eval_loss=0.702164 at epoch 57 -> saved UNET/unet_fm_best.pt
[FM Epoch 58] loss: 0.662381
[FM Epoch 59] loss: 0.653883
[FM Epoch 60] loss: 0.661223
  [Eval loss: 0.698885]
  ✅ New best eval_loss=0.698885 at epoch 60 -> saved UNET/unet_fm_best.pt
[FM Epoch 61] loss: 0.661872
[FM Epoch 62] loss: 0.651279
[FM Epoch 63] loss: 0.650479
  [Eval loss: 0.705185]
[FM Epoch 64] loss: 0.658605
[FM Epoch 65] loss: 0.649809
[FM Epoch 66] loss: 0.650205
  [Eval loss: 0.698565]
  ✅ New best eval_loss=0.698565 at epoch 66 -> saved UNET/unet_fm_best.pt
[FM Epoch 67] loss: 0.651112
[FM Epoch 68] loss: 0.649873
[FM Epoch 69] loss: 0.661963
  [Eval loss: 0.692664]
  ✅ New best eval_loss=0.692664 at epoch 69 -> saved UNET/unet_fm_best.pt
[FM Epoch 70] loss: 0.645734
[FM Epoch 71] loss: 0.654781
[FM Epoch 72] loss: 0.648311
  [Eval loss: 0.691642]
  ✅ New best eval_loss=0.691642 at epoch 72 -> saved UNET/unet_fm_best.pt
[FM Epoch 73] loss: 0.649434
[FM Epoch 74] loss: 0.650507
[FM Epoch 75] loss: 0.650036
  [Eval loss: 0.684023]
  ✅ New best eval_loss=0.684023 at epoch 75 -> saved UNET/unet_fm_best.pt
[FM Epoch 76] loss: 0.662213
[FM Epoch 77] loss: 0.652467
[FM Epoch 78] loss: 0.649134
  [Eval loss: 0.680397]
  ✅ New best eval_loss=0.680397 at epoch 78 -> saved UNET/unet_fm_best.pt
[FM Epoch 79] loss: 0.644552
[FM Epoch 80] loss: 0.648062
[FM Epoch 81] loss: 0.651004
  [Eval loss: 0.683838]
[FM Epoch 82] loss: 0.648706
[FM Epoch 83] loss: 0.648953
[FM Epoch 84] loss: 0.654581
  [Eval loss: 0.680934]
[FM Epoch 85] loss: 0.641912
[FM Epoch 86] loss: 0.642168
[FM Epoch 87] loss: 0.641124
  [Eval loss: 0.683472]
[FM Epoch 88] loss: 0.654275
[FM Epoch 89] loss: 0.643452
[FM Epoch 90] loss: 0.650449
  [Eval loss: 0.677825]
  ✅ New best eval_loss=0.677825 at epoch 90 -> saved UNET/unet_fm_best.pt
[FM Epoch 91] loss: 0.640028
[FM Epoch 92] loss: 0.648215
[FM Epoch 93] loss: 0.635186
  [Eval loss: 0.678033]
[FM Epoch 94] loss: 0.645464
[FM Epoch 95] loss: 0.643364
[FM Epoch 96] loss: 0.636610
  [Eval loss: 0.677447]
  ✅ New best eval_loss=0.677447 at epoch 96 -> saved UNET/unet_fm_best.pt
[FM Epoch 97] loss: 0.641279
[FM Epoch 98] loss: 0.645271
[FM Epoch 99] loss: 0.643099
  [Eval loss: 0.671119]
  ✅ New best eval_loss=0.671119 at epoch 99 -> saved UNET/unet_fm_best.pt
[FM Epoch 100] loss: 0.647737
[FM Epoch 101] loss: 0.638542
[FM Epoch 102] loss: 0.648583
  [Eval loss: 0.667178]
  ✅ New best eval_loss=0.667178 at epoch 102 -> saved UNET/unet_fm_best.pt
[FM Epoch 103] loss: 0.647413
[FM Epoch 104] loss: 0.647288
[FM Epoch 105] loss: 0.635613
  [Eval loss: 0.673867]
[FM Epoch 106] loss: 0.647750
[FM Epoch 107] loss: 0.638132
[FM Epoch 108] loss: 0.645440
  [Eval loss: 0.675164]
[FM Epoch 109] loss: 0.639985
[FM Epoch 110] loss: 0.637007
[FM Epoch 111] loss: 0.642750
  [Eval loss: 0.666580]
  ✅ New best eval_loss=0.666580 at epoch 111 -> saved UNET/unet_fm_best.pt
[FM Epoch 112] loss: 0.632714
[FM Epoch 113] loss: 0.639936
[FM Epoch 114] loss: 0.642127
  [Eval loss: 0.669117]
[FM Epoch 115] loss: 0.637767
[FM Epoch 116] loss: 0.640094
[FM Epoch 117] loss: 0.636258
  [Eval loss: 0.667317]
[FM Epoch 118] loss: 0.645068
[FM Epoch 119] loss: 0.639337
[FM Epoch 120] loss: 0.649492
  [Eval loss: 0.669109]
[AugmentSchedule] decay: epoch=120 p_crop=0.000 p_rot=0.000 p_hflip=0.600
[AugmentSchedule] decay: epoch=120 p_crop=0.000 p_rot=0.000 p_hflip=0.600
[FM Epoch 121] loss: 0.638994
[FM Epoch 122] loss: 0.638132
[FM Epoch 123] loss: 0.634046
  [Eval loss: 0.666468]
  ✅ New best eval_loss=0.666468 at epoch 123 -> saved UNET/unet_fm_best.pt
[FM Epoch 124] loss: 0.630135
[FM Epoch 125] loss: 0.634931
[FM Epoch 126] loss: 0.641370
  [Eval loss: 0.666362]
  ✅ New best eval_loss=0.666362 at epoch 126 -> saved UNET/unet_fm_best.pt
[FM Epoch 127] loss: 0.639302
[FM Epoch 128] loss: 0.639383
[FM Epoch 129] loss: 0.638576
  [Eval loss: 0.667816]
[FM Epoch 130] loss: 0.642035
[FM Epoch 131] loss: 0.635891
[FM Epoch 132] loss: 0.641286
  [Eval loss: 0.672179]
[FM Epoch 133] loss: 0.632174
[FM Epoch 134] loss: 0.637071
[FM Epoch 135] loss: 0.629752
  [Eval loss: 0.661041]
  ✅ New best eval_loss=0.661041 at epoch 135 -> saved UNET/unet_fm_best.pt
[FM Epoch 136] loss: 0.632523
[FM Epoch 137] loss: 0.628753
[FM Epoch 138] loss: 0.631886
  [Eval loss: 0.660293]
  ✅ New best eval_loss=0.660293 at epoch 138 -> saved UNET/unet_fm_best.pt
[FM Epoch 139] loss: 0.640538
[FM Epoch 140] loss: 0.635817
[FM Epoch 141] loss: 0.630055
  [Eval loss: 0.662014]
[FM Epoch 142] loss: 0.635444
[FM Epoch 143] loss: 0.630919
[FM Epoch 144] loss: 0.624315
  [Eval loss: 0.662808]
[FM Epoch 145] loss: 0.629492
[FM Epoch 146] loss: 0.632102
[FM Epoch 147] loss: 0.625606
  [Eval loss: 0.666834]
[FM Epoch 148] loss: 0.634977
[FM Epoch 149] loss: 0.639073
[FM Epoch 150] loss: 0.634546
  [Eval loss: 0.666902]
[FM Epoch 151] loss: 0.632683
[FM Epoch 152] loss: 0.645908
[FM Epoch 153] loss: 0.638487
  [Eval loss: 0.656852]
  ✅ New best eval_loss=0.656852 at epoch 153 -> saved UNET/unet_fm_best.pt
[FM Epoch 154] loss: 0.644094
[FM Epoch 155] loss: 0.625520
[FM Epoch 156] loss: 0.636058
  [Eval loss: 0.657482]
[FM Epoch 157] loss: 0.632427
[FM Epoch 158] loss: 0.623349
[FM Epoch 159] loss: 0.633954
  [Eval loss: 0.659282]
[FM Epoch 160] loss: 0.625882
[FM Epoch 161] loss: 0.635829
[FM Epoch 162] loss: 0.636888
  [Eval loss: 0.660493]
[FM Epoch 163] loss: 0.625629
[FM Epoch 164] loss: 0.619832
[FM Epoch 165] loss: 0.620208
  [Eval loss: 0.662203]
[FM Epoch 166] loss: 0.624239
[FM Epoch 167] loss: 0.626772
[FM Epoch 168] loss: 0.638195
  [Eval loss: 0.662296]
[FM Epoch 169] loss: 0.630871
[FM Epoch 170] loss: 0.630920
[FM Epoch 171] loss: 0.628044
  [Eval loss: 0.652735]
  ✅ New best eval_loss=0.652735 at epoch 171 -> saved UNET/unet_fm_best.pt
[FM Epoch 172] loss: 0.628147
[FM Epoch 173] loss: 0.632203
[FM Epoch 174] loss: 0.628981
  [Eval loss: 0.658660]
[FM Epoch 175] loss: 0.632389
[FM Epoch 176] loss: 0.636912
[FM Epoch 177] loss: 0.633305
  [Eval loss: 0.653269]
[FM Epoch 178] loss: 0.631390
[FM Epoch 179] loss: 0.634694
[FM Epoch 180] loss: 0.633314
  [Eval loss: 0.662102]
[FM Epoch 181] loss: 0.629379
[FM Epoch 182] loss: 0.618528
[FM Epoch 183] loss: 0.632431
  [Eval loss: 0.654664]
[FM Epoch 184] loss: 0.627272
[FM Epoch 185] loss: 0.630760
[FM Epoch 186] loss: 0.627305
  [Eval loss: 0.658865]
[FM Epoch 187] loss: 0.632576
[FM Epoch 188] loss: 0.632405
[FM Epoch 189] loss: 0.630715
  [Eval loss: 0.658637]
[FM Epoch 190] loss: 0.632593
[FM Epoch 191] loss: 0.629157
[FM Epoch 192] loss: 0.631631
  [Eval loss: 0.650066]
  ✅ New best eval_loss=0.650066 at epoch 192 -> saved UNET/unet_fm_best.pt
[FM Epoch 193] loss: 0.622491
[FM Epoch 194] loss: 0.622609
[FM Epoch 195] loss: 0.625184
  [Eval loss: 0.659570]
[FM Epoch 196] loss: 0.625506
