[AugmentSchedule] start: epoch=0 p_crop=0.000 p_rot=0.000 p_hflip=0.000
[AugmentSchedule] start: epoch=0 p_crop=0.000 p_rot=0.000 p_hflip=0.000
[AugmentSchedule] warmup: epoch=0 p_crop=0.000 p_rot=0.000 p_hflip=0.000
[FM Precision] requested='auto' -> using 'bf16' on device=cuda
[AugmentSchedule] warmup: epoch=0 p_crop=0.000 p_rot=0.000 p_hflip=0.000
[FM Epoch 1] loss: 1.425397
[FM Epoch 2] loss: 1.021723
[FM Epoch 3] loss: 0.854362
  [Eval loss: 0.849428]
  ✅ New best eval_loss=0.849428 at epoch 3 -> saved UNET/unet_fm_best.pt
[FM Epoch 4] loss: 0.806147
[FM Epoch 5] loss: 0.763824
[FM Epoch 6] loss: 0.763844
  [Eval loss: 1.445883]
[FM Epoch 7] loss: 0.750542
[FM Epoch 8] loss: 0.736686
[FM Epoch 9] loss: 0.740891
  [Eval loss: 1.276936]
[FM Epoch 10] loss: 0.714433
[FM Epoch 11] loss: 0.716330
[FM Epoch 12] loss: 0.708813
  [Eval loss: 1.135692]
[FM Epoch 13] loss: 0.719635
[FM Epoch 14] loss: 0.710196
[FM Epoch 15] loss: 0.713907
  [Eval loss: 1.023947]
[FM Epoch 16] loss: 0.699253
[FM Epoch 17] loss: 0.701726
[FM Epoch 18] loss: 0.699530
  [Eval loss: 0.933645]
[FM Epoch 19] loss: 0.693499
[FM Epoch 20] loss: 0.691134
[FM Epoch 21] loss: 0.678042
  [Eval loss: 0.877041]
[FM Epoch 22] loss: 0.696115
[FM Epoch 23] loss: 0.677656
[FM Epoch 24] loss: 0.679741
  [Eval loss: 0.832030]
  ✅ New best eval_loss=0.832030 at epoch 24 -> saved UNET/unet_fm_best.pt
[FM Epoch 25] loss: 0.685132
[FM Epoch 26] loss: 0.683774
[FM Epoch 27] loss: 0.680106
  [Eval loss: 0.795441]
  ✅ New best eval_loss=0.795441 at epoch 27 -> saved UNET/unet_fm_best.pt
[FM Epoch 28] loss: 0.679707
[FM Epoch 29] loss: 0.681271
[FM Epoch 30] loss: 0.671183
  [Eval loss: 0.779240]
  ✅ New best eval_loss=0.779240 at epoch 30 -> saved UNET/unet_fm_best.pt
[AugmentSchedule] ramp: epoch=30 p_crop=0.000 p_rot=0.000 p_hflip=0.000
[AugmentSchedule] ramp: epoch=30 p_crop=0.000 p_rot=0.000 p_hflip=0.000
[FM Epoch 31] loss: 0.678776
[FM Epoch 32] loss: 0.684536
[FM Epoch 33] loss: 0.670295
  [Eval loss: 0.765079]
  ✅ New best eval_loss=0.765079 at epoch 33 -> saved UNET/unet_fm_best.pt
[FM Epoch 34] loss: 0.662518
[FM Epoch 35] loss: 0.666234
[FM Epoch 36] loss: 0.684502
  [Eval loss: 0.757792]
  ✅ New best eval_loss=0.757792 at epoch 36 -> saved UNET/unet_fm_best.pt
[FM Epoch 37] loss: 0.665983
[FM Epoch 38] loss: 0.670498
[FM Epoch 39] loss: 0.669086
  [Eval loss: 0.742523]
  ✅ New best eval_loss=0.742523 at epoch 39 -> saved UNET/unet_fm_best.pt
[FM Epoch 40] loss: 0.664880
[FM Epoch 41] loss: 0.666012
[FM Epoch 42] loss: 0.665161
  [Eval loss: 0.734932]
  ✅ New best eval_loss=0.734932 at epoch 42 -> saved UNET/unet_fm_best.pt
[FM Epoch 43] loss: 0.646473
[FM Epoch 44] loss: 0.665695
[FM Epoch 45] loss: 0.669337
  [Eval loss: 0.726225]
  ✅ New best eval_loss=0.726225 at epoch 45 -> saved UNET/unet_fm_best.pt
[FM Epoch 46] loss: 0.657897
[FM Epoch 47] loss: 0.651896
[FM Epoch 48] loss: 0.658310
  [Eval loss: 0.721648]
  ✅ New best eval_loss=0.721648 at epoch 48 -> saved UNET/unet_fm_best.pt
[FM Epoch 49] loss: 0.658869
[FM Epoch 50] loss: 0.655495
[FM Epoch 51] loss: 0.666204
  [Eval loss: 0.713871]
  ✅ New best eval_loss=0.713871 at epoch 51 -> saved UNET/unet_fm_best.pt
[FM Epoch 52] loss: 0.658120
[FM Epoch 53] loss: 0.666302
[FM Epoch 54] loss: 0.662229
  [Eval loss: 0.726553]
[FM Epoch 55] loss: 0.666656
[FM Epoch 56] loss: 0.658951
[FM Epoch 57] loss: 0.652894
  [Eval loss: 0.707406]
  ✅ New best eval_loss=0.707406 at epoch 57 -> saved UNET/unet_fm_best.pt
[FM Epoch 58] loss: 0.665650
[FM Epoch 59] loss: 0.653388
[FM Epoch 60] loss: 0.654391
  [Eval loss: 0.705295]
  ✅ New best eval_loss=0.705295 at epoch 60 -> saved UNET/unet_fm_best.pt
[FM Epoch 61] loss: 0.657381
[FM Epoch 62] loss: 0.651091
[FM Epoch 63] loss: 0.654189
  [Eval loss: 0.698682]
  ✅ New best eval_loss=0.698682 at epoch 63 -> saved UNET/unet_fm_best.pt
[FM Epoch 64] loss: 0.658701
[FM Epoch 65] loss: 0.668358
[FM Epoch 66] loss: 0.664626
  [Eval loss: 0.694462]
  ✅ New best eval_loss=0.694462 at epoch 66 -> saved UNET/unet_fm_best.pt
[FM Epoch 67] loss: 0.659625
[FM Epoch 68] loss: 0.658159
[FM Epoch 69] loss: 0.652987
  [Eval loss: 0.694526]
[FM Epoch 70] loss: 0.653880
[FM Epoch 71] loss: 0.648250
[FM Epoch 72] loss: 0.654255
  [Eval loss: 0.688447]
  ✅ New best eval_loss=0.688447 at epoch 72 -> saved UNET/unet_fm_best.pt
[FM Epoch 73] loss: 0.656821
[FM Epoch 74] loss: 0.643137
[FM Epoch 75] loss: 0.655681
  [Eval loss: 0.684436]
  ✅ New best eval_loss=0.684436 at epoch 75 -> saved UNET/unet_fm_best.pt
[FM Epoch 76] loss: 0.651290
[FM Epoch 77] loss: 0.659885
[FM Epoch 78] loss: 0.650337
  [Eval loss: 0.683096]
  ✅ New best eval_loss=0.683096 at epoch 78 -> saved UNET/unet_fm_best.pt
[FM Epoch 79] loss: 0.662377
[FM Epoch 80] loss: 0.644950
[FM Epoch 81] loss: 0.650442
  [Eval loss: 0.684905]
[FM Epoch 82] loss: 0.657377
[FM Epoch 83] loss: 0.651755
[FM Epoch 84] loss: 0.636073
  [Eval loss: 0.681320]
  ✅ New best eval_loss=0.681320 at epoch 84 -> saved UNET/unet_fm_best.pt
[FM Epoch 85] loss: 0.643189
[FM Epoch 86] loss: 0.655473
[FM Epoch 87] loss: 0.649704
  [Eval loss: 0.684789]
[FM Epoch 88] loss: 0.642845
[FM Epoch 89] loss: 0.648006
[FM Epoch 90] loss: 0.659377
  [Eval loss: 0.679355]
  ✅ New best eval_loss=0.679355 at epoch 90 -> saved UNET/unet_fm_best.pt
[FM Epoch 91] loss: 0.650585
[FM Epoch 92] loss: 0.650855
[FM Epoch 93] loss: 0.647918
  [Eval loss: 0.676529]
  ✅ New best eval_loss=0.676529 at epoch 93 -> saved UNET/unet_fm_best.pt
[FM Epoch 94] loss: 0.645376
[FM Epoch 95] loss: 0.647273
[FM Epoch 96] loss: 0.629066
  [Eval loss: 0.671515]
  ✅ New best eval_loss=0.671515 at epoch 96 -> saved UNET/unet_fm_best.pt
[FM Epoch 97] loss: 0.637871
[FM Epoch 98] loss: 0.642612
[FM Epoch 99] loss: 0.638224
  [Eval loss: 0.671872]
[FM Epoch 100] loss: 0.642792
[FM Epoch 101] loss: 0.662827
[FM Epoch 102] loss: 0.644719
  [Eval loss: 0.673230]
[FM Epoch 103] loss: 0.642006
[FM Epoch 104] loss: 0.643809
[FM Epoch 105] loss: 0.649446
  [Eval loss: 0.675601]
[FM Epoch 106] loss: 0.644082
[FM Epoch 107] loss: 0.647158
[FM Epoch 108] loss: 0.642796
  [Eval loss: 0.669442]
  ✅ New best eval_loss=0.669442 at epoch 108 -> saved UNET/unet_fm_best.pt
[FM Epoch 109] loss: 0.643993
[FM Epoch 110] loss: 0.640666
[FM Epoch 111] loss: 0.641307
  [Eval loss: 0.668935]
  ✅ New best eval_loss=0.668935 at epoch 111 -> saved UNET/unet_fm_best.pt
[FM Epoch 112] loss: 0.623649
[FM Epoch 113] loss: 0.641075
[FM Epoch 114] loss: 0.642206
  [Eval loss: 0.664610]
  ✅ New best eval_loss=0.664610 at epoch 114 -> saved UNET/unet_fm_best.pt
[FM Epoch 115] loss: 0.645339
[FM Epoch 116] loss: 0.644866
[FM Epoch 117] loss: 0.636334
  [Eval loss: 0.663524]
  ✅ New best eval_loss=0.663524 at epoch 117 -> saved UNET/unet_fm_best.pt
[FM Epoch 118] loss: 0.646308
[FM Epoch 119] loss: 0.630871
[FM Epoch 120] loss: 0.642056
  [Eval loss: 0.665909]
[AugmentSchedule] decay: epoch=120 p_crop=0.000 p_rot=0.000 p_hflip=0.600
[AugmentSchedule] decay: epoch=120 p_crop=0.000 p_rot=0.000 p_hflip=0.600
[FM Epoch 121] loss: 0.645161
[FM Epoch 122] loss: 0.636755
[FM Epoch 123] loss: 0.641052
  [Eval loss: 0.666331]
[FM Epoch 124] loss: 0.642224
[FM Epoch 125] loss: 0.639987
[FM Epoch 126] loss: 0.635429
  [Eval loss: 0.662267]
  ✅ New best eval_loss=0.662267 at epoch 126 -> saved UNET/unet_fm_best.pt
[FM Epoch 127] loss: 0.639132
[FM Epoch 128] loss: 0.641800
[FM Epoch 129] loss: 0.636946
  [Eval loss: 0.666524]
[FM Epoch 130] loss: 0.642555
[FM Epoch 131] loss: 0.640571
[FM Epoch 132] loss: 0.631396
  [Eval loss: 0.668174]
[FM Epoch 133] loss: 0.640396
[FM Epoch 134] loss: 0.638372
[FM Epoch 135] loss: 0.638409
  [Eval loss: 0.666965]
[FM Epoch 136] loss: 0.636741
[FM Epoch 137] loss: 0.628954
[FM Epoch 138] loss: 0.630620
  [Eval loss: 0.662714]
[FM Epoch 139] loss: 0.635491
[FM Epoch 140] loss: 0.634150
[FM Epoch 141] loss: 0.628317
  [Eval loss: 0.660231]
  ✅ New best eval_loss=0.660231 at epoch 141 -> saved UNET/unet_fm_best.pt
[FM Epoch 142] loss: 0.648753
[FM Epoch 143] loss: 0.626406
[FM Epoch 144] loss: 0.639064
  [Eval loss: 0.663687]
[FM Epoch 145] loss: 0.634353
[FM Epoch 146] loss: 0.629885
[FM Epoch 147] loss: 0.637623
  [Eval loss: 0.663834]
[FM Epoch 148] loss: 0.632500
[FM Epoch 149] loss: 0.636358
[FM Epoch 150] loss: 0.636784
  [Eval loss: 0.661979]
[FM Epoch 151] loss: 0.632891
[FM Epoch 152] loss: 0.626363
[FM Epoch 153] loss: 0.641804
  [Eval loss: 0.664816]
[FM Epoch 154] loss: 0.635232
[FM Epoch 155] loss: 0.624190
[FM Epoch 156] loss: 0.630177
  [Eval loss: 0.659381]
  ✅ New best eval_loss=0.659381 at epoch 156 -> saved UNET/unet_fm_best.pt
[FM Epoch 157] loss: 0.635207
[FM Epoch 158] loss: 0.639423
[FM Epoch 159] loss: 0.631617
  [Eval loss: 0.660313]
[FM Epoch 160] loss: 0.644713
[FM Epoch 161] loss: 0.637913
[FM Epoch 162] loss: 0.632683
  [Eval loss: 0.659118]
  ✅ New best eval_loss=0.659118 at epoch 162 -> saved UNET/unet_fm_best.pt
[FM Epoch 163] loss: 0.638867
[FM Epoch 164] loss: 0.643128
[FM Epoch 165] loss: 0.631528
  [Eval loss: 0.658010]
  ✅ New best eval_loss=0.658010 at epoch 165 -> saved UNET/unet_fm_best.pt
[FM Epoch 166] loss: 0.624328
[FM Epoch 167] loss: 0.627655
[FM Epoch 168] loss: 0.628370
  [Eval loss: 0.659384]
[FM Epoch 169] loss: 0.631092
[FM Epoch 170] loss: 0.628645
[FM Epoch 171] loss: 0.634338
  [Eval loss: 0.661994]
[FM Epoch 172] loss: 0.636401
[FM Epoch 173] loss: 0.631704
[FM Epoch 174] loss: 0.644837
  [Eval loss: 0.658196]
[FM Epoch 175] loss: 0.636849
[FM Epoch 176] loss: 0.637924
[FM Epoch 177] loss: 0.631090
  [Eval loss: 0.660236]
[FM Epoch 178] loss: 0.630958
[FM Epoch 179] loss: 0.620065
[FM Epoch 180] loss: 0.639425
  [Eval loss: 0.659404]
[FM Epoch 181] loss: 0.631473
[FM Epoch 182] loss: 0.626875
[FM Epoch 183] loss: 0.627156
  [Eval loss: 0.652779]
  ✅ New best eval_loss=0.652779 at epoch 183 -> saved UNET/unet_fm_best.pt
[FM Epoch 184] loss: 0.635506
[FM Epoch 185] loss: 0.629105
[FM Epoch 186] loss: 0.629698
  [Eval loss: 0.658714]
[FM Epoch 187] loss: 0.636103
[FM Epoch 188] loss: 0.632633
[FM Epoch 189] loss: 0.635906
  [Eval loss: 0.658447]
[FM Epoch 190] loss: 0.634694
[FM Epoch 191] loss: 0.627048
[FM Epoch 192] loss: 0.629387
  [Eval loss: 0.659664]
[FM Epoch 193] loss: 0.623632
[FM Epoch 194] loss: 0.625390
[FM Epoch 195] loss: 0.630339
  [Eval loss: 0.654871]
[FM Epoch 196] loss: 0.627227
