[AugmentSchedule] start: epoch=0 p_crop=0.000 p_rot=0.000 p_hflip=0.000
[AugmentSchedule] start: epoch=0 p_crop=0.000 p_rot=0.000 p_hflip=0.000
[AugmentSchedule] warmup: epoch=0 p_crop=0.000 p_rot=0.000 p_hflip=0.000
[FM Precision] requested='auto' -> using 'bf16' on device=cuda
[AugmentSchedule] warmup: epoch=0 p_crop=0.000 p_rot=0.000 p_hflip=0.000
[FM Epoch 1] loss: 1.268797
[FM Epoch 2] loss: 0.848021
[FM Epoch 3] loss: 0.772124
  [Eval loss: 1.445022]
  ✅ New best eval_loss=1.445022 at epoch 3 -> saved UNET/unet_fm_best.pt
[FM Epoch 4] loss: 0.738482
[FM Epoch 5] loss: 0.733359
[FM Epoch 6] loss: 0.723999
  [Eval loss: 1.096736]
  ✅ New best eval_loss=1.096736 at epoch 6 -> saved UNET/unet_fm_best.pt
[FM Epoch 7] loss: 0.712807
[FM Epoch 8] loss: 0.714483
[FM Epoch 9] loss: 0.688857
  [Eval loss: 0.899089]
  ✅ New best eval_loss=0.899089 at epoch 9 -> saved UNET/unet_fm_best.pt
[FM Epoch 10] loss: 0.693854
[FM Epoch 11] loss: 0.682970
[FM Epoch 12] loss: 0.692394
  [Eval loss: 0.789605]
  ✅ New best eval_loss=0.789605 at epoch 12 -> saved UNET/unet_fm_best.pt
[FM Epoch 13] loss: 0.689203
[FM Epoch 14] loss: 0.683829
[FM Epoch 15] loss: 0.674359
  [Eval loss: 0.752687]
  ✅ New best eval_loss=0.752687 at epoch 15 -> saved UNET/unet_fm_best.pt
[FM Epoch 16] loss: 0.677278
[FM Epoch 17] loss: 0.684282
[FM Epoch 18] loss: 0.665627
  [Eval loss: 0.728038]
  ✅ New best eval_loss=0.728038 at epoch 18 -> saved UNET/unet_fm_best.pt
[FM Epoch 19] loss: 0.670561
[FM Epoch 20] loss: 0.662671
[FM Epoch 21] loss: 0.664399
  [Eval loss: 0.719994]
  ✅ New best eval_loss=0.719994 at epoch 21 -> saved UNET/unet_fm_best.pt
[FM Epoch 22] loss: 0.664437
[FM Epoch 23] loss: 0.656136
[FM Epoch 24] loss: 0.663946
  [Eval loss: 0.711871]
  ✅ New best eval_loss=0.711871 at epoch 24 -> saved UNET/unet_fm_best.pt
[FM Epoch 25] loss: 0.660234
[FM Epoch 26] loss: 0.658068
[FM Epoch 27] loss: 0.660043
  [Eval loss: 0.705995]
  ✅ New best eval_loss=0.705995 at epoch 27 -> saved UNET/unet_fm_best.pt
[FM Epoch 28] loss: 0.652421
[FM Epoch 29] loss: 0.660885
[FM Epoch 30] loss: 0.656465
  [Eval loss: 0.693258]
  ✅ New best eval_loss=0.693258 at epoch 30 -> saved UNET/unet_fm_best.pt
[AugmentSchedule] ramp: epoch=30 p_crop=0.000 p_rot=0.000 p_hflip=0.000
[AugmentSchedule] ramp: epoch=30 p_crop=0.000 p_rot=0.000 p_hflip=0.000
[FM Epoch 31] loss: 0.653729
[FM Epoch 32] loss: 0.655524
[FM Epoch 33] loss: 0.649144
  [Eval loss: 0.684126]
  ✅ New best eval_loss=0.684126 at epoch 33 -> saved UNET/unet_fm_best.pt
[FM Epoch 34] loss: 0.647159
[FM Epoch 35] loss: 0.654310
[FM Epoch 36] loss: 0.651118
  [Eval loss: 0.682807]
  ✅ New best eval_loss=0.682807 at epoch 36 -> saved UNET/unet_fm_best.pt
[FM Epoch 37] loss: 0.650229
[FM Epoch 38] loss: 0.640879
[FM Epoch 39] loss: 0.646263
  [Eval loss: 0.677962]
  ✅ New best eval_loss=0.677962 at epoch 39 -> saved UNET/unet_fm_best.pt
[FM Epoch 40] loss: 0.648292
[FM Epoch 41] loss: 0.649074
[FM Epoch 42] loss: 0.647565
  [Eval loss: 0.675878]
  ✅ New best eval_loss=0.675878 at epoch 42 -> saved UNET/unet_fm_best.pt
[FM Epoch 43] loss: 0.650125
[FM Epoch 44] loss: 0.645716
[FM Epoch 45] loss: 0.642203
  [Eval loss: 0.666448]
  ✅ New best eval_loss=0.666448 at epoch 45 -> saved UNET/unet_fm_best.pt
[FM Epoch 46] loss: 0.648961
[FM Epoch 47] loss: 0.647741
[FM Epoch 48] loss: 0.642386
  [Eval loss: 0.674358]
[FM Epoch 49] loss: 0.640573
[FM Epoch 50] loss: 0.643157
[FM Epoch 51] loss: 0.645235
  [Eval loss: 0.667378]
[FM Epoch 52] loss: 0.643119
[FM Epoch 53] loss: 0.639218
[FM Epoch 54] loss: 0.640505
  [Eval loss: 0.669485]
[FM Epoch 55] loss: 0.637227
[FM Epoch 56] loss: 0.639039
[FM Epoch 57] loss: 0.627619
  [Eval loss: 0.666449]
[FM Epoch 58] loss: 0.635690
[FM Epoch 59] loss: 0.639596
[FM Epoch 60] loss: 0.631322
  [Eval loss: 0.659361]
  ✅ New best eval_loss=0.659361 at epoch 60 -> saved UNET/unet_fm_best.pt
[FM Epoch 61] loss: 0.629518
[FM Epoch 62] loss: 0.634646
[FM Epoch 63] loss: 0.635757
  [Eval loss: 0.662203]
[FM Epoch 64] loss: 0.642574
[FM Epoch 65] loss: 0.630769
[FM Epoch 66] loss: 0.635423
  [Eval loss: 0.655152]
  ✅ New best eval_loss=0.655152 at epoch 66 -> saved UNET/unet_fm_best.pt
[FM Epoch 67] loss: 0.633460
[FM Epoch 68] loss: 0.642750
[FM Epoch 69] loss: 0.637630
  [Eval loss: 0.659597]
[FM Epoch 70] loss: 0.640316
[FM Epoch 71] loss: 0.634458
[FM Epoch 72] loss: 0.635809
  [Eval loss: 0.660235]
[FM Epoch 73] loss: 0.637086
[FM Epoch 74] loss: 0.639055
[FM Epoch 75] loss: 0.627932
  [Eval loss: 0.661105]
[FM Epoch 76] loss: 0.643267
[FM Epoch 77] loss: 0.631191
[FM Epoch 78] loss: 0.637081
  [Eval loss: 0.653476]
  ✅ New best eval_loss=0.653476 at epoch 78 -> saved UNET/unet_fm_best.pt
[FM Epoch 79] loss: 0.630287
[FM Epoch 80] loss: 0.631141
[FM Epoch 81] loss: 0.631042
  [Eval loss: 0.654701]
[FM Epoch 82] loss: 0.629382
[FM Epoch 83] loss: 0.641857
[FM Epoch 84] loss: 0.635735
  [Eval loss: 0.651449]
  ✅ New best eval_loss=0.651449 at epoch 84 -> saved UNET/unet_fm_best.pt
[FM Epoch 85] loss: 0.633499
[FM Epoch 86] loss: 0.633599
[FM Epoch 87] loss: 0.635809
  [Eval loss: 0.654036]
[FM Epoch 88] loss: 0.633021
[FM Epoch 89] loss: 0.629023
[FM Epoch 90] loss: 0.632062
  [Eval loss: 0.658081]
[FM Epoch 91] loss: 0.634828
[FM Epoch 92] loss: 0.634125
[FM Epoch 93] loss: 0.634980
  [Eval loss: 0.651556]
[FM Epoch 94] loss: 0.631089
[FM Epoch 95] loss: 0.627261
[FM Epoch 96] loss: 0.624355
  [Eval loss: 0.652016]
[FM Epoch 97] loss: 0.627004
[FM Epoch 98] loss: 0.629809
[FM Epoch 99] loss: 0.630495
  [Eval loss: 0.654798]
[FM Epoch 100] loss: 0.629000
[FM Epoch 101] loss: 0.631978
[FM Epoch 102] loss: 0.629568
  [Eval loss: 0.645260]
  ✅ New best eval_loss=0.645260 at epoch 102 -> saved UNET/unet_fm_best.pt
[FM Epoch 103] loss: 0.632673
[FM Epoch 104] loss: 0.629615
[FM Epoch 105] loss: 0.630064
  [Eval loss: 0.650623]
[FM Epoch 106] loss: 0.621632
[FM Epoch 107] loss: 0.624273
[FM Epoch 108] loss: 0.627818
  [Eval loss: 0.649656]
[FM Epoch 109] loss: 0.629538
[FM Epoch 110] loss: 0.631181
[FM Epoch 111] loss: 0.627157
  [Eval loss: 0.655280]
[FM Epoch 112] loss: 0.630365
[FM Epoch 113] loss: 0.620443
[FM Epoch 114] loss: 0.629002
  [Eval loss: 0.647208]
[FM Epoch 115] loss: 0.625738
[FM Epoch 116] loss: 0.625698
[FM Epoch 117] loss: 0.631487
  [Eval loss: 0.647095]
[FM Epoch 118] loss: 0.630009
[FM Epoch 119] loss: 0.627111
[FM Epoch 120] loss: 0.624608
  [Eval loss: 0.647674]
[AugmentSchedule] decay: epoch=120 p_crop=0.000 p_rot=0.000 p_hflip=0.600
[AugmentSchedule] decay: epoch=120 p_crop=0.000 p_rot=0.000 p_hflip=0.600
[FM Epoch 121] loss: 0.629397
[FM Epoch 122] loss: 0.625617
[FM Epoch 123] loss: 0.627231
  [Eval loss: 0.650110]
[FM Epoch 124] loss: 0.625398
[FM Epoch 125] loss: 0.633345
[FM Epoch 126] loss: 0.627124
  [Eval loss: 0.651708]
[FM Epoch 127] loss: 0.628124
[FM Epoch 128] loss: 0.626984
[FM Epoch 129] loss: 0.625992
  [Eval loss: 0.649003]
[FM Epoch 130] loss: 0.625465
[FM Epoch 131] loss: 0.628787
[FM Epoch 132] loss: 0.627483
  [Eval loss: 0.644932]
  ✅ New best eval_loss=0.644932 at epoch 132 -> saved UNET/unet_fm_best.pt
[FM Epoch 133] loss: 0.622144
[FM Epoch 134] loss: 0.625844
[FM Epoch 135] loss: 0.622935
  [Eval loss: 0.644201]
  ✅ New best eval_loss=0.644201 at epoch 135 -> saved UNET/unet_fm_best.pt
[FM Epoch 136] loss: 0.617680
[FM Epoch 137] loss: 0.625428
[FM Epoch 138] loss: 0.622799
  [Eval loss: 0.652106]
[FM Epoch 139] loss: 0.629787
[FM Epoch 140] loss: 0.623136
[FM Epoch 141] loss: 0.624785
  [Eval loss: 0.646293]
[FM Epoch 142] loss: 0.623399
[FM Epoch 143] loss: 0.618183
[FM Epoch 144] loss: 0.622420
  [Eval loss: 0.646485]
[FM Epoch 145] loss: 0.629906
[FM Epoch 146] loss: 0.630484
[FM Epoch 147] loss: 0.617400
  [Eval loss: 0.646933]
[FM Epoch 148] loss: 0.623537
[FM Epoch 149] loss: 0.622396
[FM Epoch 150] loss: 0.623765
  [Eval loss: 0.650132]
[FM Epoch 151] loss: 0.623568
[FM Epoch 152] loss: 0.617347
[FM Epoch 153] loss: 0.627906
  [Eval loss: 0.645543]
[FM Epoch 154] loss: 0.627988
[FM Epoch 155] loss: 0.620634
[FM Epoch 156] loss: 0.621593
  [Eval loss: 0.658016]
[FM Epoch 157] loss: 0.621513
[FM Epoch 158] loss: 0.624598
[FM Epoch 159] loss: 0.629568
  [Eval loss: 0.648021]
[FM Epoch 160] loss: 0.619146
[FM Epoch 161] loss: 0.620121
[FM Epoch 162] loss: 0.625594
  [Eval loss: 0.645542]
[FM Epoch 163] loss: 0.619160
[FM Epoch 164] loss: 0.622646
[FM Epoch 165] loss: 0.621483
  [Eval loss: 0.649700]
[FM Epoch 166] loss: 0.626031
[FM Epoch 167] loss: 0.612634
[FM Epoch 168] loss: 0.617997
  [Eval loss: 0.648854]
[FM Epoch 169] loss: 0.622555
[FM Epoch 170] loss: 0.619900
[FM Epoch 171] loss: 0.619627
  [Eval loss: 0.643788]
  ✅ New best eval_loss=0.643788 at epoch 171 -> saved UNET/unet_fm_best.pt
[FM Epoch 172] loss: 0.617066
[FM Epoch 173] loss: 0.622188
[FM Epoch 174] loss: 0.617974
  [Eval loss: 0.646721]
[FM Epoch 175] loss: 0.624869
[FM Epoch 176] loss: 0.616982
[FM Epoch 177] loss: 0.615442
  [Eval loss: 0.651007]
[FM Epoch 178] loss: 0.614802
[FM Epoch 179] loss: 0.624355
[FM Epoch 180] loss: 0.623997
  [Eval loss: 0.647677]
[FM Epoch 181] loss: 0.621630
[FM Epoch 182] loss: 0.617986
[FM Epoch 183] loss: 0.617743
  [Eval loss: 0.638668]
  ✅ New best eval_loss=0.638668 at epoch 183 -> saved UNET/unet_fm_best.pt
[FM Epoch 184] loss: 0.618177
[FM Epoch 185] loss: 0.618256
[FM Epoch 186] loss: 0.623104
  [Eval loss: 0.641070]
[FM Epoch 187] loss: 0.613201
[FM Epoch 188] loss: 0.617690
[FM Epoch 189] loss: 0.613502
  [Eval loss: 0.644995]
[FM Epoch 190] loss: 0.619279
[FM Epoch 191] loss: 0.617983
[FM Epoch 192] loss: 0.624917
  [Eval loss: 0.642475]
[FM Epoch 193] loss: 0.614187
[FM Epoch 194] loss: 0.616362
[FM Epoch 195] loss: 0.622483
  [Eval loss: 0.645938]
[FM Epoch 196] loss: 0.618257
[FM Epoch 197] loss: 0.620119
[FM Epoch 198] loss: 0.621553
  [Eval loss: 0.646672]
[FM Epoch 199] loss: 0.615820
[FM Epoch 200] loss: 0.616841
[FM Epoch 201] loss: 0.619190
  [Eval loss: 0.644068]
[FM Epoch 202] loss: 0.623484
[FM Epoch 203] loss: 0.620535
[FM Epoch 204] loss: 0.618607
  [Eval loss: 0.648090]
[FM Epoch 205] loss: 0.617569
[FM Epoch 206] loss: 0.615883
[FM Epoch 207] loss: 0.623466
  [Eval loss: 0.640425]
[FM Epoch 208] loss: 0.620314
[FM Epoch 209] loss: 0.614937
[FM Epoch 210] loss: 0.618683
  [Eval loss: 0.648676]
[FM Epoch 211] loss: 0.622180
[FM Epoch 212] loss: 0.620117
[FM Epoch 213] loss: 0.616853
  [Eval loss: 0.647676]
[FM Epoch 214] loss: 0.622021
[FM Epoch 215] loss: 0.619976
[FM Epoch 216] loss: 0.624119
  [Eval loss: 0.650647]
[FM Epoch 217] loss: 0.615719
[FM Epoch 218] loss: 0.616667
[FM Epoch 219] loss: 0.615250
  [Eval loss: 0.646298]
[FM Epoch 220] loss: 0.616829
[FM Epoch 221] loss: 0.613282
[FM Epoch 222] loss: 0.617834
  [Eval loss: 0.647840]
[FM Epoch 223] loss: 0.617391
[FM Epoch 224] loss: 0.616776
[FM Epoch 225] loss: 0.618102
  [Eval loss: 0.644041]
[FM Epoch 226] loss: 0.622222
[FM Epoch 227] loss: 0.617631
[FM Epoch 228] loss: 0.616811
  [Eval loss: 0.653067]
[FM Epoch 229] loss: 0.615255
[FM Epoch 230] loss: 0.616104
[FM Epoch 231] loss: 0.615597
  [Eval loss: 0.655485]
[FM Epoch 232] loss: 0.619493
[FM Epoch 233] loss: 0.611351
[FM Epoch 234] loss: 0.618136
  [Eval loss: 0.647255]
[FM Epoch 235] loss: 0.619693
[FM Epoch 236] loss: 0.615806
[FM Epoch 237] loss: 0.620656
  [Eval loss: 0.641520]
[FM Epoch 238] loss: 0.611764
[FM Epoch 239] loss: 0.613805
[FM Epoch 240] loss: 0.615617
  [Eval loss: 0.648725]
[FM Epoch 241] loss: 0.612668
[FM Epoch 242] loss: 0.614965
[FM Epoch 243] loss: 0.612942
  [Eval loss: 0.643385]
[FM Epoch 244] loss: 0.606260
[FM Epoch 245] loss: 0.618329
[FM Epoch 246] loss: 0.619001
  [Eval loss: 0.648011]
[FM Epoch 247] loss: 0.618357
[FM Epoch 248] loss: 0.623971
[FM Epoch 249] loss: 0.614217
  [Eval loss: 0.643389]
[FM Epoch 250] loss: 0.614714
[FM Epoch 251] loss: 0.615582
[FM Epoch 252] loss: 0.614235
  [Eval loss: 0.640259]
[FM Epoch 253] loss: 0.612760
[FM Epoch 254] loss: 0.616530
[FM Epoch 255] loss: 0.612631
  [Eval loss: 0.642878]
[FM Epoch 256] loss: 0.613927
[FM Epoch 257] loss: 0.615190
[FM Epoch 258] loss: 0.618079
  [Eval loss: 0.641457]
[FM Epoch 259] loss: 0.611434
[FM Epoch 260] loss: 0.614717
[FM Epoch 261] loss: 0.619535
  [Eval loss: 0.639765]
[FM Epoch 262] loss: 0.618872
[FM Epoch 263] loss: 0.618454
[FM Epoch 264] loss: 0.610747
  [Eval loss: 0.650752]
[FM Epoch 265] loss: 0.612560
[FM Epoch 266] loss: 0.615054
[FM Epoch 267] loss: 0.617980
  [Eval loss: 0.647179]
[FM Epoch 268] loss: 0.611872
[FM Epoch 269] loss: 0.617183
[FM Epoch 270] loss: 0.615832
  [Eval loss: 0.648926]
[FM Epoch 271] loss: 0.616023
[FM Epoch 272] loss: 0.606904
[FM Epoch 273] loss: 0.611723
  [Eval loss: 0.648583]
[FM Epoch 274] loss: 0.613585
[FM Epoch 275] loss: 0.615940
[FM Epoch 276] loss: 0.612817
  [Eval loss: 0.645110]
[FM Epoch 277] loss: 0.612860
[FM Epoch 278] loss: 0.616542
[FM Epoch 279] loss: 0.620964
  [Eval loss: 0.646155]
[FM Epoch 280] loss: 0.612551
[FM Epoch 281] loss: 0.614592
[FM Epoch 282] loss: 0.616113
  [Eval loss: 0.648520]
[FM Epoch 283] loss: 0.616223
[FM Epoch 284] loss: 0.613611
[FM Epoch 285] loss: 0.606777
  [Eval loss: 0.645006]
[FM Epoch 286] loss: 0.613524
[FM Epoch 287] loss: 0.618651
[FM Epoch 288] loss: 0.608194
  [Eval loss: 0.648167]
[FM Epoch 289] loss: 0.614302
[FM Epoch 290] loss: 0.612918
[FM Epoch 291] loss: 0.614496
  [Eval loss: 0.648991]
[FM Epoch 292] loss: 0.610582
[FM Epoch 293] loss: 0.609943
[FM Epoch 294] loss: 0.618497
  [Eval loss: 0.644019]
[FM Epoch 295] loss: 0.608679
[FM Epoch 296] loss: 0.615889
[FM Epoch 297] loss: 0.612415
  [Eval loss: 0.644286]
[FM Epoch 298] loss: 0.612864
[FM Epoch 299] loss: 0.612599
[FM Epoch 300] loss: 0.618648
  [Eval loss: 0.642589]
