[AugmentSchedule] start: epoch=0 p_crop=0.000 p_rot=0.000 p_hflip=0.000
[AugmentSchedule] start: epoch=0 p_crop=0.000 p_rot=0.000 p_hflip=0.000
[AugmentSchedule] warmup: epoch=0 p_crop=0.000 p_rot=0.000 p_hflip=0.000
[FM Precision] requested='auto' -> using 'bf16' on device=cuda
[AugmentSchedule] warmup: epoch=0 p_crop=0.000 p_rot=0.000 p_hflip=0.000
[SDUncond Epoch 1] loss: 0.663101
[SDUncond Epoch 2] loss: 0.227662
[SDUncond Epoch 3] loss: 0.206360
  [Eval loss: 0.855547]
  ✅ New best eval_loss=0.855547 at epoch 3 -> saved UNET/unet_sd_uncond_best.pt
[SDUncond Epoch 4] loss: 0.196836
[SDUncond Epoch 5] loss: 0.189842
[SDUncond Epoch 6] loss: 0.188990
  [Eval loss: 0.478532]
  ✅ New best eval_loss=0.478532 at epoch 6 -> saved UNET/unet_sd_uncond_best.pt
[SDUncond Epoch 7] loss: 0.189059
[SDUncond Epoch 8] loss: 0.184473
[SDUncond Epoch 9] loss: 0.184042
  [Eval loss: 0.290720]
  ✅ New best eval_loss=0.290720 at epoch 9 -> saved UNET/unet_sd_uncond_best.pt
[SDUncond Epoch 10] loss: 0.180966
[SDUncond Epoch 11] loss: 0.180614
[SDUncond Epoch 12] loss: 0.177820
  [Eval loss: 0.220763]
  ✅ New best eval_loss=0.220763 at epoch 12 -> saved UNET/unet_sd_uncond_best.pt
[SDUncond Epoch 13] loss: 0.183125
[SDUncond Epoch 14] loss: 0.178672
[SDUncond Epoch 15] loss: 0.177378
  [Eval loss: 0.206874]
  ✅ New best eval_loss=0.206874 at epoch 15 -> saved UNET/unet_sd_uncond_best.pt
[SDUncond Epoch 16] loss: 0.179531
[SDUncond Epoch 17] loss: 0.180434
[SDUncond Epoch 18] loss: 0.176168
  [Eval loss: 0.195931]
  ✅ New best eval_loss=0.195931 at epoch 18 -> saved UNET/unet_sd_uncond_best.pt
[SDUncond Epoch 19] loss: 0.171622
[SDUncond Epoch 20] loss: 0.174439
[SDUncond Epoch 21] loss: 0.169898
  [Eval loss: 0.191006]
  ✅ New best eval_loss=0.191006 at epoch 21 -> saved UNET/unet_sd_uncond_best.pt
[SDUncond Epoch 22] loss: 0.177226
[SDUncond Epoch 23] loss: 0.176571
[SDUncond Epoch 24] loss: 0.171878
  [Eval loss: 0.189961]
  ✅ New best eval_loss=0.189961 at epoch 24 -> saved UNET/unet_sd_uncond_best.pt
[SDUncond Epoch 25] loss: 0.172745
[SDUncond Epoch 26] loss: 0.171490
[SDUncond Epoch 27] loss: 0.169431
  [Eval loss: 0.188528]
  ✅ New best eval_loss=0.188528 at epoch 27 -> saved UNET/unet_sd_uncond_best.pt
[SDUncond Epoch 28] loss: 0.169311
[SDUncond Epoch 29] loss: 0.168690
[SDUncond Epoch 30] loss: 0.169645
  [Eval loss: 0.182374]
  ✅ New best eval_loss=0.182374 at epoch 30 -> saved UNET/unet_sd_uncond_best.pt
[AugmentSchedule] ramp: epoch=30 p_crop=0.000 p_rot=0.000 p_hflip=0.000
[AugmentSchedule] ramp: epoch=30 p_crop=0.000 p_rot=0.000 p_hflip=0.000
[SDUncond Epoch 31] loss: 0.170623
[SDUncond Epoch 32] loss: 0.170811
[SDUncond Epoch 33] loss: 0.170626
  [Eval loss: 0.180398]
  ✅ New best eval_loss=0.180398 at epoch 33 -> saved UNET/unet_sd_uncond_best.pt
[SDUncond Epoch 34] loss: 0.172632
[SDUncond Epoch 35] loss: 0.164125
[SDUncond Epoch 36] loss: 0.171647
  [Eval loss: 0.180888]
[SDUncond Epoch 37] loss: 0.172471
[SDUncond Epoch 38] loss: 0.165822
[SDUncond Epoch 39] loss: 0.165775
  [Eval loss: 0.174749]
  ✅ New best eval_loss=0.174749 at epoch 39 -> saved UNET/unet_sd_uncond_best.pt
[SDUncond Epoch 40] loss: 0.166082
[SDUncond Epoch 41] loss: 0.165812
[SDUncond Epoch 42] loss: 0.170211
  [Eval loss: 0.177768]
[SDUncond Epoch 43] loss: 0.163318
[SDUncond Epoch 44] loss: 0.162537
[SDUncond Epoch 45] loss: 0.171303
  [Eval loss: 0.176718]
[SDUncond Epoch 46] loss: 0.168167
[SDUncond Epoch 47] loss: 0.166181
[SDUncond Epoch 48] loss: 0.171198
  [Eval loss: 0.170939]
  ✅ New best eval_loss=0.170939 at epoch 48 -> saved UNET/unet_sd_uncond_best.pt
[SDUncond Epoch 49] loss: 0.170539
[SDUncond Epoch 50] loss: 0.162421
[SDUncond Epoch 51] loss: 0.168982
  [Eval loss: 0.171699]
[SDUncond Epoch 52] loss: 0.162729
[SDUncond Epoch 53] loss: 0.167612
[SDUncond Epoch 54] loss: 0.168725
  [Eval loss: 0.170701]
  ✅ New best eval_loss=0.170701 at epoch 54 -> saved UNET/unet_sd_uncond_best.pt
[SDUncond Epoch 55] loss: 0.163219
[SDUncond Epoch 56] loss: 0.163902
[SDUncond Epoch 57] loss: 0.166991
  [Eval loss: 0.176523]
[SDUncond Epoch 58] loss: 0.167990
[SDUncond Epoch 59] loss: 0.169155
[SDUncond Epoch 60] loss: 0.163513
  [Eval loss: 0.174377]
[SDUncond Epoch 61] loss: 0.166937
[SDUncond Epoch 62] loss: 0.165741
[SDUncond Epoch 63] loss: 0.161179
  [Eval loss: 0.173261]
[SDUncond Epoch 64] loss: 0.164295
[SDUncond Epoch 65] loss: 0.156348
[SDUncond Epoch 66] loss: 0.160773
  [Eval loss: 0.170570]
  ✅ New best eval_loss=0.170570 at epoch 66 -> saved UNET/unet_sd_uncond_best.pt
[SDUncond Epoch 67] loss: 0.162337
[SDUncond Epoch 68] loss: 0.164958
[SDUncond Epoch 69] loss: 0.164698
  [Eval loss: 0.174041]
[SDUncond Epoch 70] loss: 0.165818
[SDUncond Epoch 71] loss: 0.163612
[SDUncond Epoch 72] loss: 0.160744
  [Eval loss: 0.167144]
  ✅ New best eval_loss=0.167144 at epoch 72 -> saved UNET/unet_sd_uncond_best.pt
[SDUncond Epoch 73] loss: 0.173709
[SDUncond Epoch 74] loss: 0.163127
[SDUncond Epoch 75] loss: 0.166588
  [Eval loss: 0.167501]
[SDUncond Epoch 76] loss: 0.168244
[SDUncond Epoch 77] loss: 0.163423
[SDUncond Epoch 78] loss: 0.171102
  [Eval loss: 0.172914]
[SDUncond Epoch 79] loss: 0.164409
[SDUncond Epoch 80] loss: 0.165581
[SDUncond Epoch 81] loss: 0.167302
  [Eval loss: 0.170607]
[SDUncond Epoch 82] loss: 0.165394
[SDUncond Epoch 83] loss: 0.163666
[SDUncond Epoch 84] loss: 0.168047
  [Eval loss: 0.172902]
[SDUncond Epoch 85] loss: 0.165682
[SDUncond Epoch 86] loss: 0.161581
[SDUncond Epoch 87] loss: 0.162647
  [Eval loss: 0.173604]
[SDUncond Epoch 88] loss: 0.163046
[SDUncond Epoch 89] loss: 0.158472
[SDUncond Epoch 90] loss: 0.167181
  [Eval loss: 0.169983]
[SDUncond Epoch 91] loss: 0.160597
[SDUncond Epoch 92] loss: 0.163585
[SDUncond Epoch 93] loss: 0.158980
  [Eval loss: 0.173808]
[SDUncond Epoch 94] loss: 0.161393
[SDUncond Epoch 95] loss: 0.164169
[SDUncond Epoch 96] loss: 0.163340
  [Eval loss: 0.172704]
[SDUncond Epoch 97] loss: 0.160202
[SDUncond Epoch 98] loss: 0.166458
[SDUncond Epoch 99] loss: 0.167936
  [Eval loss: 0.171209]
[SDUncond Epoch 100] loss: 0.164403
[SDUncond Epoch 101] loss: 0.166391
[SDUncond Epoch 102] loss: 0.164040
  [Eval loss: 0.166226]
  ✅ New best eval_loss=0.166226 at epoch 102 -> saved UNET/unet_sd_uncond_best.pt
[SDUncond Epoch 103] loss: 0.159359
[SDUncond Epoch 104] loss: 0.164082
[SDUncond Epoch 105] loss: 0.167540
  [Eval loss: 0.165756]
  ✅ New best eval_loss=0.165756 at epoch 105 -> saved UNET/unet_sd_uncond_best.pt
[SDUncond Epoch 106] loss: 0.161306
[SDUncond Epoch 107] loss: 0.161395
[SDUncond Epoch 108] loss: 0.160670
  [Eval loss: 0.167951]
[SDUncond Epoch 109] loss: 0.162316
[SDUncond Epoch 110] loss: 0.158222
[SDUncond Epoch 111] loss: 0.155228
  [Eval loss: 0.168334]
[SDUncond Epoch 112] loss: 0.162693
[SDUncond Epoch 113] loss: 0.163921
[SDUncond Epoch 114] loss: 0.164950
  [Eval loss: 0.166234]
[SDUncond Epoch 115] loss: 0.164220
[SDUncond Epoch 116] loss: 0.158237
[SDUncond Epoch 117] loss: 0.158438
  [Eval loss: 0.165781]
[SDUncond Epoch 118] loss: 0.161514
[SDUncond Epoch 119] loss: 0.161919
[SDUncond Epoch 120] loss: 0.164346
  [Eval loss: 0.166011]
[AugmentSchedule] decay: epoch=120 p_crop=0.000 p_rot=0.000 p_hflip=0.600
[AugmentSchedule] decay: epoch=120 p_crop=0.000 p_rot=0.000 p_hflip=0.600
[SDUncond Epoch 121] loss: 0.168292
[SDUncond Epoch 122] loss: 0.162731
[SDUncond Epoch 123] loss: 0.160480
  [Eval loss: 0.167756]
[SDUncond Epoch 124] loss: 0.164166
[SDUncond Epoch 125] loss: 0.158199
[SDUncond Epoch 126] loss: 0.164477
  [Eval loss: 0.170719]
[SDUncond Epoch 127] loss: 0.161277
[SDUncond Epoch 128] loss: 0.163318
[SDUncond Epoch 129] loss: 0.163448
  [Eval loss: 0.164780]
  ✅ New best eval_loss=0.164780 at epoch 129 -> saved UNET/unet_sd_uncond_best.pt
[SDUncond Epoch 130] loss: 0.160330
[SDUncond Epoch 131] loss: 0.159461
[SDUncond Epoch 132] loss: 0.165723
  [Eval loss: 0.169408]
[SDUncond Epoch 133] loss: 0.164369
[SDUncond Epoch 134] loss: 0.158615
[SDUncond Epoch 135] loss: 0.163279
  [Eval loss: 0.167398]
[SDUncond Epoch 136] loss: 0.157854
[SDUncond Epoch 137] loss: 0.159423
[SDUncond Epoch 138] loss: 0.157366
  [Eval loss: 0.171989]
[SDUncond Epoch 139] loss: 0.160707
[SDUncond Epoch 140] loss: 0.158354
[SDUncond Epoch 141] loss: 0.164945
  [Eval loss: 0.169595]
[SDUncond Epoch 142] loss: 0.162033
[SDUncond Epoch 143] loss: 0.161253
[SDUncond Epoch 144] loss: 0.160666
  [Eval loss: 0.168381]
[SDUncond Epoch 145] loss: 0.155339
[SDUncond Epoch 146] loss: 0.163123
[SDUncond Epoch 147] loss: 0.162072
  [Eval loss: 0.167297]
[SDUncond Epoch 148] loss: 0.159942
[SDUncond Epoch 149] loss: 0.161008
[SDUncond Epoch 150] loss: 0.165622
  [Eval loss: 0.164347]
  ✅ New best eval_loss=0.164347 at epoch 150 -> saved UNET/unet_sd_uncond_best.pt
[SDUncond Epoch 151] loss: 0.164309
[SDUncond Epoch 152] loss: 0.161947
[SDUncond Epoch 153] loss: 0.160969
  [Eval loss: 0.166504]
[SDUncond Epoch 154] loss: 0.162218
[SDUncond Epoch 155] loss: 0.160172
[SDUncond Epoch 156] loss: 0.159287
  [Eval loss: 0.168504]
[SDUncond Epoch 157] loss: 0.162004
[SDUncond Epoch 158] loss: 0.164119
[SDUncond Epoch 159] loss: 0.160132
  [Eval loss: 0.172005]
[SDUncond Epoch 160] loss: 0.164772
[SDUncond Epoch 161] loss: 0.163056
[SDUncond Epoch 162] loss: 0.163584
  [Eval loss: 0.166855]
[SDUncond Epoch 163] loss: 0.158302
[SDUncond Epoch 164] loss: 0.164448
[SDUncond Epoch 165] loss: 0.163557
  [Eval loss: 0.173198]
[SDUncond Epoch 166] loss: 0.160072
[SDUncond Epoch 167] loss: 0.161365
[SDUncond Epoch 168] loss: 0.160255
  [Eval loss: 0.165302]
[SDUncond Epoch 169] loss: 0.155966
[SDUncond Epoch 170] loss: 0.158300
[SDUncond Epoch 171] loss: 0.164965
  [Eval loss: 0.165561]
[SDUncond Epoch 172] loss: 0.160354
[SDUncond Epoch 173] loss: 0.164112
[SDUncond Epoch 174] loss: 0.159580
  [Eval loss: 0.170241]
[SDUncond Epoch 175] loss: 0.157723
[SDUncond Epoch 176] loss: 0.162804
[SDUncond Epoch 177] loss: 0.160217
  [Eval loss: 0.165250]
[SDUncond Epoch 178] loss: 0.158080
[SDUncond Epoch 179] loss: 0.159084
[SDUncond Epoch 180] loss: 0.159920
  [Eval loss: 0.166303]
[SDUncond Epoch 181] loss: 0.160135
[SDUncond Epoch 182] loss: 0.157020
[SDUncond Epoch 183] loss: 0.162727
  [Eval loss: 0.164910]
[SDUncond Epoch 184] loss: 0.160407
[SDUncond Epoch 185] loss: 0.159711
[SDUncond Epoch 186] loss: 0.162795
  [Eval loss: 0.168033]
[SDUncond Epoch 187] loss: 0.161085
[SDUncond Epoch 188] loss: 0.157162
[SDUncond Epoch 189] loss: 0.157076
  [Eval loss: 0.171984]
[SDUncond Epoch 190] loss: 0.157039
[SDUncond Epoch 191] loss: 0.157491
[SDUncond Epoch 192] loss: 0.161289
  [Eval loss: 0.168682]
[SDUncond Epoch 193] loss: 0.159465
[SDUncond Epoch 194] loss: 0.157248
[SDUncond Epoch 195] loss: 0.156141
  [Eval loss: 0.163712]
  ✅ New best eval_loss=0.163712 at epoch 195 -> saved UNET/unet_sd_uncond_best.pt
[SDUncond Epoch 196] loss: 0.158624
[SDUncond Epoch 197] loss: 0.158683
[SDUncond Epoch 198] loss: 0.160287
  [Eval loss: 0.164800]
[SDUncond Epoch 199] loss: 0.156036
[SDUncond Epoch 200] loss: 0.156157
[SDUncond Epoch 201] loss: 0.156789
  [Eval loss: 0.169330]
[SDUncond Epoch 202] loss: 0.159806
[SDUncond Epoch 203] loss: 0.155449
[SDUncond Epoch 204] loss: 0.162910
  [Eval loss: 0.170517]
[SDUncond Epoch 205] loss: 0.158428
[SDUncond Epoch 206] loss: 0.155050
[SDUncond Epoch 207] loss: 0.159304
  [Eval loss: 0.168338]
[SDUncond Epoch 208] loss: 0.162185
[SDUncond Epoch 209] loss: 0.160439
[SDUncond Epoch 210] loss: 0.160613
  [Eval loss: 0.166760]
[SDUncond Epoch 211] loss: 0.157708
[SDUncond Epoch 212] loss: 0.157170
[SDUncond Epoch 213] loss: 0.164471
  [Eval loss: 0.167155]
[SDUncond Epoch 214] loss: 0.159251
[SDUncond Epoch 215] loss: 0.156321
[SDUncond Epoch 216] loss: 0.159809
  [Eval loss: 0.168546]
[SDUncond Epoch 217] loss: 0.157818
[SDUncond Epoch 218] loss: 0.155461
[SDUncond Epoch 219] loss: 0.154929
  [Eval loss: 0.165276]
[SDUncond Epoch 220] loss: 0.157325
[SDUncond Epoch 221] loss: 0.156361
[SDUncond Epoch 222] loss: 0.156965
  [Eval loss: 0.169246]
[SDUncond Epoch 223] loss: 0.151509
[SDUncond Epoch 224] loss: 0.155896
[SDUncond Epoch 225] loss: 0.159492
  [Eval loss: 0.168780]
[SDUncond Epoch 226] loss: 0.160647
[SDUncond Epoch 227] loss: 0.151495
[SDUncond Epoch 228] loss: 0.155973
  [Eval loss: 0.169202]
[SDUncond Epoch 229] loss: 0.159001
[SDUncond Epoch 230] loss: 0.162931
[SDUncond Epoch 231] loss: 0.157119
  [Eval loss: 0.169369]
[SDUncond Epoch 232] loss: 0.156554
[SDUncond Epoch 233] loss: 0.161615
[SDUncond Epoch 234] loss: 0.155735
  [Eval loss: 0.171227]
[SDUncond Epoch 235] loss: 0.158856
[SDUncond Epoch 236] loss: 0.160318
[SDUncond Epoch 237] loss: 0.161599
  [Eval loss: 0.166879]
[SDUncond Epoch 238] loss: 0.159464
[SDUncond Epoch 239] loss: 0.152986
[SDUncond Epoch 240] loss: 0.157785
  [Eval loss: 0.165517]
[SDUncond Epoch 241] loss: 0.158010
[SDUncond Epoch 242] loss: 0.156724
[SDUncond Epoch 243] loss: 0.155151
  [Eval loss: 0.169584]
[SDUncond Epoch 244] loss: 0.158619
[SDUncond Epoch 245] loss: 0.161380
[SDUncond Epoch 246] loss: 0.159132
  [Eval loss: 0.169223]
[SDUncond Epoch 247] loss: 0.160620
[SDUncond Epoch 248] loss: 0.158200
[SDUncond Epoch 249] loss: 0.163984
  [Eval loss: 0.163548]
  ✅ New best eval_loss=0.163548 at epoch 249 -> saved UNET/unet_sd_uncond_best.pt
[SDUncond Epoch 250] loss: 0.159806
[SDUncond Epoch 251] loss: 0.160846
[SDUncond Epoch 252] loss: 0.155602
  [Eval loss: 0.167201]
[SDUncond Epoch 253] loss: 0.154381
[SDUncond Epoch 254] loss: 0.156316
[SDUncond Epoch 255] loss: 0.157937
  [Eval loss: 0.165024]
[SDUncond Epoch 256] loss: 0.160023
[SDUncond Epoch 257] loss: 0.153978
[SDUncond Epoch 258] loss: 0.161871
  [Eval loss: 0.166649]
[SDUncond Epoch 259] loss: 0.157345
[SDUncond Epoch 260] loss: 0.163256
[SDUncond Epoch 261] loss: 0.155969
  [Eval loss: 0.165564]
[SDUncond Epoch 262] loss: 0.157111
[SDUncond Epoch 263] loss: 0.157010
[SDUncond Epoch 264] loss: 0.155983
  [Eval loss: 0.164711]
[SDUncond Epoch 265] loss: 0.156481
[SDUncond Epoch 266] loss: 0.154668
[SDUncond Epoch 267] loss: 0.155899
  [Eval loss: 0.169347]
[SDUncond Epoch 268] loss: 0.159066
[SDUncond Epoch 269] loss: 0.154015
[SDUncond Epoch 270] loss: 0.154226
  [Eval loss: 0.165678]
[SDUncond Epoch 271] loss: 0.160251
[SDUncond Epoch 272] loss: 0.160275
[SDUncond Epoch 273] loss: 0.155377
  [Eval loss: 0.166702]
[SDUncond Epoch 274] loss: 0.158986
[SDUncond Epoch 275] loss: 0.156767
[SDUncond Epoch 276] loss: 0.156958
  [Eval loss: 0.168858]
[SDUncond Epoch 277] loss: 0.153476
[SDUncond Epoch 278] loss: 0.153824
[SDUncond Epoch 279] loss: 0.158206
  [Eval loss: 0.166705]
[SDUncond Epoch 280] loss: 0.152481
[SDUncond Epoch 281] loss: 0.153797
[SDUncond Epoch 282] loss: 0.154297
  [Eval loss: 0.167503]
[SDUncond Epoch 283] loss: 0.155165
[SDUncond Epoch 284] loss: 0.156922
[SDUncond Epoch 285] loss: 0.157178
  [Eval loss: 0.170171]
[SDUncond Epoch 286] loss: 0.154986
[SDUncond Epoch 287] loss: 0.155603
[SDUncond Epoch 288] loss: 0.153821
  [Eval loss: 0.167332]
[SDUncond Epoch 289] loss: 0.156680
[SDUncond Epoch 290] loss: 0.154657
[SDUncond Epoch 291] loss: 0.155136
  [Eval loss: 0.166296]
[SDUncond Epoch 292] loss: 0.157183
[SDUncond Epoch 293] loss: 0.155481
[SDUncond Epoch 294] loss: 0.153853
  [Eval loss: 0.166269]
[SDUncond Epoch 295] loss: 0.153441
[SDUncond Epoch 296] loss: 0.153969
[SDUncond Epoch 297] loss: 0.155594
  [Eval loss: 0.171803]
[SDUncond Epoch 298] loss: 0.154003
[SDUncond Epoch 299] loss: 0.160304
[SDUncond Epoch 300] loss: 0.148817
  [Eval loss: 0.166837]
