[AugmentSchedule] start: epoch=0 p_crop=0.000 p_rot=0.000 p_hflip=0.000
[AugmentSchedule] start: epoch=0 p_crop=0.000 p_rot=0.000 p_hflip=0.000
[AugmentSchedule] warmup: epoch=0 p_crop=0.000 p_rot=0.000 p_hflip=0.000
[FM Precision] requested='auto' -> using 'bf16' on device=cuda
[AugmentSchedule] warmup: epoch=0 p_crop=0.000 p_rot=0.000 p_hflip=0.000
[SDUncond Epoch 1] loss: 0.857086
[SDUncond Epoch 2] loss: 0.329338
[SDUncond Epoch 3] loss: 0.240183
  [Eval loss: 0.225335]
  ✅ New best eval_loss=0.225335 at epoch 3 -> saved UNET/unet_sd_uncond_best.pt
[SDUncond Epoch 4] loss: 0.208126
[SDUncond Epoch 5] loss: 0.209254
[SDUncond Epoch 6] loss: 0.203434
  [Eval loss: 0.886708]
[SDUncond Epoch 7] loss: 0.201749
[SDUncond Epoch 8] loss: 0.202164
[SDUncond Epoch 9] loss: 0.205453
  [Eval loss: 0.683985]
[SDUncond Epoch 10] loss: 0.191804
[SDUncond Epoch 11] loss: 0.198652
[SDUncond Epoch 12] loss: 0.183116
  [Eval loss: 0.518510]
[SDUncond Epoch 13] loss: 0.179861
[SDUncond Epoch 14] loss: 0.189318
[SDUncond Epoch 15] loss: 0.187427
  [Eval loss: 0.392819]
[SDUncond Epoch 16] loss: 0.174509
[SDUncond Epoch 17] loss: 0.182669
[SDUncond Epoch 18] loss: 0.178948
  [Eval loss: 0.315120]
[SDUncond Epoch 19] loss: 0.181432
[SDUncond Epoch 20] loss: 0.192213
[SDUncond Epoch 21] loss: 0.174426
  [Eval loss: 0.264544]
[SDUncond Epoch 22] loss: 0.180421
[SDUncond Epoch 23] loss: 0.170140
[SDUncond Epoch 24] loss: 0.177280
  [Eval loss: 0.238724]
[SDUncond Epoch 25] loss: 0.181047
[SDUncond Epoch 26] loss: 0.178376
[SDUncond Epoch 27] loss: 0.175158
  [Eval loss: 0.219655]
  ✅ New best eval_loss=0.219655 at epoch 27 -> saved UNET/unet_sd_uncond_best.pt
[SDUncond Epoch 28] loss: 0.180396
[SDUncond Epoch 29] loss: 0.179807
[SDUncond Epoch 30] loss: 0.178494
  [Eval loss: 0.212047]
  ✅ New best eval_loss=0.212047 at epoch 30 -> saved UNET/unet_sd_uncond_best.pt
[AugmentSchedule] ramp: epoch=30 p_crop=0.000 p_rot=0.000 p_hflip=0.000
[AugmentSchedule] ramp: epoch=30 p_crop=0.000 p_rot=0.000 p_hflip=0.000
[SDUncond Epoch 31] loss: 0.177816
[SDUncond Epoch 32] loss: 0.178011
[SDUncond Epoch 33] loss: 0.174344
  [Eval loss: 0.200153]
  ✅ New best eval_loss=0.200153 at epoch 33 -> saved UNET/unet_sd_uncond_best.pt
[SDUncond Epoch 34] loss: 0.173495
[SDUncond Epoch 35] loss: 0.169466
[SDUncond Epoch 36] loss: 0.179094
  [Eval loss: 0.195828]
  ✅ New best eval_loss=0.195828 at epoch 36 -> saved UNET/unet_sd_uncond_best.pt
[SDUncond Epoch 37] loss: 0.179309
[SDUncond Epoch 38] loss: 0.173048
[SDUncond Epoch 39] loss: 0.175789
  [Eval loss: 0.197187]
[SDUncond Epoch 40] loss: 0.175472
[SDUncond Epoch 41] loss: 0.180209
[SDUncond Epoch 42] loss: 0.161036
  [Eval loss: 0.191624]
  ✅ New best eval_loss=0.191624 at epoch 42 -> saved UNET/unet_sd_uncond_best.pt
[SDUncond Epoch 43] loss: 0.184522
[SDUncond Epoch 44] loss: 0.174803
[SDUncond Epoch 45] loss: 0.173293
  [Eval loss: 0.189357]
  ✅ New best eval_loss=0.189357 at epoch 45 -> saved UNET/unet_sd_uncond_best.pt
[SDUncond Epoch 46] loss: 0.174646
[SDUncond Epoch 47] loss: 0.161543
[SDUncond Epoch 48] loss: 0.167360
  [Eval loss: 0.191385]
[SDUncond Epoch 49] loss: 0.177065
[SDUncond Epoch 50] loss: 0.168910
[SDUncond Epoch 51] loss: 0.170231
  [Eval loss: 0.189229]
  ✅ New best eval_loss=0.189229 at epoch 51 -> saved UNET/unet_sd_uncond_best.pt
[SDUncond Epoch 52] loss: 0.174752
[SDUncond Epoch 53] loss: 0.164677
[SDUncond Epoch 54] loss: 0.185474
  [Eval loss: 0.196631]
[SDUncond Epoch 55] loss: 0.167433
[SDUncond Epoch 56] loss: 0.179123
[SDUncond Epoch 57] loss: 0.173025
  [Eval loss: 0.189765]
[SDUncond Epoch 58] loss: 0.177410
[SDUncond Epoch 59] loss: 0.165834
[SDUncond Epoch 60] loss: 0.173204
