[AugmentSchedule] start: epoch=0 p_crop=0.000 p_rot=0.000 p_hflip=0.000
[AugmentSchedule] start: epoch=0 p_crop=0.000 p_rot=0.000 p_hflip=0.000
[AugmentSchedule] warmup: epoch=0 p_crop=0.000 p_rot=0.000 p_hflip=0.000
[FM Precision] requested='auto' -> using 'bf16' on device=cuda
[AugmentSchedule] warmup: epoch=0 p_crop=0.000 p_rot=0.000 p_hflip=0.000
[SDUncond Epoch 1] loss: 0.834160
[SDUncond Epoch 2] loss: 0.316871
[SDUncond Epoch 3] loss: 0.229302
  [Eval loss: 0.223856]
  ✅ New best eval_loss=0.223856 at epoch 3 -> saved UNET/unet_sd_uncond_best.pt
[SDUncond Epoch 4] loss: 0.210232
[SDUncond Epoch 5] loss: 0.207659
[SDUncond Epoch 6] loss: 0.203129
  [Eval loss: 0.866031]
[SDUncond Epoch 7] loss: 0.204665
[SDUncond Epoch 8] loss: 0.193616
[SDUncond Epoch 9] loss: 0.204453
  [Eval loss: 0.670867]
[SDUncond Epoch 10] loss: 0.185851
[SDUncond Epoch 11] loss: 0.184700
[SDUncond Epoch 12] loss: 0.190408
  [Eval loss: 0.508402]
[SDUncond Epoch 13] loss: 0.179786
[SDUncond Epoch 14] loss: 0.185640
[SDUncond Epoch 15] loss: 0.184805
  [Eval loss: 0.391623]
[SDUncond Epoch 16] loss: 0.183032
[SDUncond Epoch 17] loss: 0.184742
[SDUncond Epoch 18] loss: 0.177302
  [Eval loss: 0.315826]
[SDUncond Epoch 19] loss: 0.184590
[SDUncond Epoch 20] loss: 0.184402
[SDUncond Epoch 21] loss: 0.179141
  [Eval loss: 0.264536]
[SDUncond Epoch 22] loss: 0.184734
[SDUncond Epoch 23] loss: 0.177252
[SDUncond Epoch 24] loss: 0.176347
  [Eval loss: 0.232173]
[SDUncond Epoch 25] loss: 0.182067
[SDUncond Epoch 26] loss: 0.182469
[SDUncond Epoch 27] loss: 0.182534
  [Eval loss: 0.217231]
  ✅ New best eval_loss=0.217231 at epoch 27 -> saved UNET/unet_sd_uncond_best.pt
[SDUncond Epoch 28] loss: 0.179875
[SDUncond Epoch 29] loss: 0.163814
[SDUncond Epoch 30] loss: 0.176131
  [Eval loss: 0.212585]
  ✅ New best eval_loss=0.212585 at epoch 30 -> saved UNET/unet_sd_uncond_best.pt
[AugmentSchedule] ramp: epoch=30 p_crop=0.000 p_rot=0.000 p_hflip=0.000
[AugmentSchedule] ramp: epoch=30 p_crop=0.000 p_rot=0.000 p_hflip=0.000
[SDUncond Epoch 31] loss: 0.170530
[SDUncond Epoch 32] loss: 0.174537
[SDUncond Epoch 33] loss: 0.173196
  [Eval loss: 0.201085]
  ✅ New best eval_loss=0.201085 at epoch 33 -> saved UNET/unet_sd_uncond_best.pt
[SDUncond Epoch 34] loss: 0.174971
[SDUncond Epoch 35] loss: 0.176438
[SDUncond Epoch 36] loss: 0.174142
  [Eval loss: 0.204448]
[SDUncond Epoch 37] loss: 0.177061
[SDUncond Epoch 38] loss: 0.172381
[SDUncond Epoch 39] loss: 0.174697
  [Eval loss: 0.196972]
  ✅ New best eval_loss=0.196972 at epoch 39 -> saved UNET/unet_sd_uncond_best.pt
[SDUncond Epoch 40] loss: 0.168594
[SDUncond Epoch 41] loss: 0.172658
[SDUncond Epoch 42] loss: 0.170497
  [Eval loss: 0.196122]
  ✅ New best eval_loss=0.196122 at epoch 42 -> saved UNET/unet_sd_uncond_best.pt
[SDUncond Epoch 43] loss: 0.168717
[SDUncond Epoch 44] loss: 0.167179
[SDUncond Epoch 45] loss: 0.182033
  [Eval loss: 0.191437]
  ✅ New best eval_loss=0.191437 at epoch 45 -> saved UNET/unet_sd_uncond_best.pt
[SDUncond Epoch 46] loss: 0.168360
[SDUncond Epoch 47] loss: 0.182066
[SDUncond Epoch 48] loss: 0.163696
  [Eval loss: 0.186553]
  ✅ New best eval_loss=0.186553 at epoch 48 -> saved UNET/unet_sd_uncond_best.pt
[SDUncond Epoch 49] loss: 0.164483
[SDUncond Epoch 50] loss: 0.169334
[SDUncond Epoch 51] loss: 0.173754
  [Eval loss: 0.187958]
[SDUncond Epoch 52] loss: 0.180082
[SDUncond Epoch 53] loss: 0.175166
[SDUncond Epoch 54] loss: 0.173609
  [Eval loss: 0.189167]
[SDUncond Epoch 55] loss: 0.174932
[SDUncond Epoch 56] loss: 0.167800
[SDUncond Epoch 57] loss: 0.167617
  [Eval loss: 0.188316]
[SDUncond Epoch 58] loss: 0.168945
[SDUncond Epoch 59] loss: 0.172702
[SDUncond Epoch 60] loss: 0.166640
