[AugmentSchedule] start: epoch=0 p_crop=0.000 p_rot=0.000 p_hflip=0.000
[AugmentSchedule] start: epoch=0 p_crop=0.000 p_rot=0.000 p_hflip=0.000
[AugmentSchedule] warmup: epoch=0 p_crop=0.000 p_rot=0.000 p_hflip=0.000
[FM Precision] requested='auto' -> using 'bf16' on device=cuda
[AugmentSchedule] warmup: epoch=0 p_crop=0.000 p_rot=0.000 p_hflip=0.000
[FM Epoch 1] loss: 1.085095
[FM Epoch 2] loss: 0.771611
[FM Epoch 3] loss: 0.735715
  [Eval loss: 1.114008]
  ✅ New best eval_loss=1.114008 at epoch 3 -> saved UNET/unet_fm_best.pt
[FM Epoch 4] loss: 0.710401
[FM Epoch 5] loss: 0.701568
[FM Epoch 6] loss: 0.687165
  [Eval loss: 0.785799]
  ✅ New best eval_loss=0.785799 at epoch 6 -> saved UNET/unet_fm_best.pt
[FM Epoch 7] loss: 0.675303
[FM Epoch 8] loss: 0.674583
[FM Epoch 9] loss: 0.666847
  [Eval loss: 0.720307]
  ✅ New best eval_loss=0.720307 at epoch 9 -> saved UNET/unet_fm_best.pt
[FM Epoch 10] loss: 0.665101
[FM Epoch 11] loss: 0.654563
[FM Epoch 12] loss: 0.651561
  [Eval loss: 0.688143]
  ✅ New best eval_loss=0.688143 at epoch 12 -> saved UNET/unet_fm_best.pt
[FM Epoch 13] loss: 0.656301
[FM Epoch 14] loss: 0.656049
[FM Epoch 15] loss: 0.645869
  [Eval loss: 0.653012]
  ✅ New best eval_loss=0.653012 at epoch 15 -> saved UNET/unet_fm_best.pt
[FM Epoch 16] loss: 0.644503
[FM Epoch 17] loss: 0.638631
[FM Epoch 18] loss: 0.637737
  [Eval loss: 0.666091]
[FM Epoch 19] loss: 0.631414
[FM Epoch 20] loss: 0.637956
[FM Epoch 21] loss: 0.631030
  [Eval loss: 0.640058]
  ✅ New best eval_loss=0.640058 at epoch 21 -> saved UNET/unet_fm_best.pt
[FM Epoch 22] loss: 0.631339
[FM Epoch 23] loss: 0.624018
[FM Epoch 24] loss: 0.626075
  [Eval loss: 0.639854]
  ✅ New best eval_loss=0.639854 at epoch 24 -> saved UNET/unet_fm_best.pt
[FM Epoch 25] loss: 0.623207
[FM Epoch 26] loss: 0.626493
[FM Epoch 27] loss: 0.619848
  [Eval loss: 0.642970]
[FM Epoch 28] loss: 0.621412
[FM Epoch 29] loss: 0.621191
[FM Epoch 30] loss: 0.619549
  [Eval loss: 0.639380]
  ✅ New best eval_loss=0.639380 at epoch 30 -> saved UNET/unet_fm_best.pt
[AugmentSchedule] ramp: epoch=30 p_crop=0.000 p_rot=0.000 p_hflip=0.000
[AugmentSchedule] ramp: epoch=30 p_crop=0.000 p_rot=0.000 p_hflip=0.000
[FM Epoch 31] loss: 0.620788
[FM Epoch 32] loss: 0.614314
[FM Epoch 33] loss: 0.613534
  [Eval loss: 0.624902]
  ✅ New best eval_loss=0.624902 at epoch 33 -> saved UNET/unet_fm_best.pt
[FM Epoch 34] loss: 0.613031
[FM Epoch 35] loss: 0.613734
[FM Epoch 36] loss: 0.614789
  [Eval loss: 0.620765]
  ✅ New best eval_loss=0.620765 at epoch 36 -> saved UNET/unet_fm_best.pt
[FM Epoch 37] loss: 0.613619
[FM Epoch 38] loss: 0.611815
[FM Epoch 39] loss: 0.612529
  [Eval loss: 0.630783]
[FM Epoch 40] loss: 0.608557
[FM Epoch 41] loss: 0.610090
[FM Epoch 42] loss: 0.608859
  [Eval loss: 0.613504]
  ✅ New best eval_loss=0.613504 at epoch 42 -> saved UNET/unet_fm_best.pt
[FM Epoch 43] loss: 0.606687
[FM Epoch 44] loss: 0.609669
[FM Epoch 45] loss: 0.610887
  [Eval loss: 0.622699]
[FM Epoch 46] loss: 0.607637
[FM Epoch 47] loss: 0.608894
[FM Epoch 48] loss: 0.604519
  [Eval loss: 0.629305]
[FM Epoch 49] loss: 0.606958
[FM Epoch 50] loss: 0.604505
[FM Epoch 51] loss: 0.605092
  [Eval loss: 0.612307]
  ✅ New best eval_loss=0.612307 at epoch 51 -> saved UNET/unet_fm_best.pt
[FM Epoch 52] loss: 0.602233
[FM Epoch 53] loss: 0.602535
[FM Epoch 54] loss: 0.602194
  [Eval loss: 0.615159]
[FM Epoch 55] loss: 0.601348
[FM Epoch 56] loss: 0.599346
[FM Epoch 57] loss: 0.601454
  [Eval loss: 0.621581]
[FM Epoch 58] loss: 0.599876
[FM Epoch 59] loss: 0.599709
[FM Epoch 60] loss: 0.600699
  [Eval loss: 0.612607]
[FM Epoch 61] loss: 0.597198
[FM Epoch 62] loss: 0.598535
[FM Epoch 63] loss: 0.601106
  [Eval loss: 0.619094]
[FM Epoch 64] loss: 0.597184
[FM Epoch 65] loss: 0.598516
[FM Epoch 66] loss: 0.597600
  [Eval loss: 0.618715]
[FM Epoch 67] loss: 0.594802
[FM Epoch 68] loss: 0.598964
[FM Epoch 69] loss: 0.594818
  [Eval loss: 0.612308]
[FM Epoch 70] loss: 0.594580
[FM Epoch 71] loss: 0.594073
[FM Epoch 72] loss: 0.595832
  [Eval loss: 0.626683]
[FM Epoch 73] loss: 0.595981
[FM Epoch 74] loss: 0.591280
[FM Epoch 75] loss: 0.595799
  [Eval loss: 0.619475]
[FM Epoch 76] loss: 0.593497
[FM Epoch 77] loss: 0.593242
[FM Epoch 78] loss: 0.592843
  [Eval loss: 0.613184]
[FM Epoch 79] loss: 0.591971
[FM Epoch 80] loss: 0.593784
[FM Epoch 81] loss: 0.591440
  [Eval loss: 0.621322]
[FM Epoch 82] loss: 0.592958
[FM Epoch 83] loss: 0.592102
[FM Epoch 84] loss: 0.588150
  [Eval loss: 0.621372]
[FM Epoch 85] loss: 0.590682
[FM Epoch 86] loss: 0.589849
[FM Epoch 87] loss: 0.589468
  [Eval loss: 0.614869]
[FM Epoch 88] loss: 0.588917
[FM Epoch 89] loss: 0.586927
[FM Epoch 90] loss: 0.591615
  [Eval loss: 0.605271]
  ✅ New best eval_loss=0.605271 at epoch 90 -> saved UNET/unet_fm_best.pt
[FM Epoch 91] loss: 0.588040
[FM Epoch 92] loss: 0.584108
[FM Epoch 93] loss: 0.590125
  [Eval loss: 0.613299]
[FM Epoch 94] loss: 0.587652
[FM Epoch 95] loss: 0.586425
[FM Epoch 96] loss: 0.584328
  [Eval loss: 0.612273]
[FM Epoch 97] loss: 0.585691
[FM Epoch 98] loss: 0.583831
[FM Epoch 99] loss: 0.586414
  [Eval loss: 0.609069]
[FM Epoch 100] loss: 0.583971
[FM Epoch 101] loss: 0.588484
[FM Epoch 102] loss: 0.583581
  [Eval loss: 0.595936]
  ✅ New best eval_loss=0.595936 at epoch 102 -> saved UNET/unet_fm_best.pt
[FM Epoch 103] loss: 0.584879
[FM Epoch 104] loss: 0.581941
[FM Epoch 105] loss: 0.583932
  [Eval loss: 0.613877]
[FM Epoch 106] loss: 0.583610
[FM Epoch 107] loss: 0.582988
[FM Epoch 108] loss: 0.583346
  [Eval loss: 0.618031]
[FM Epoch 109] loss: 0.581470
[FM Epoch 110] loss: 0.584171
[FM Epoch 111] loss: 0.582538
  [Eval loss: 0.615018]
[FM Epoch 112] loss: 0.583960
[FM Epoch 113] loss: 0.581696
[FM Epoch 114] loss: 0.586613
  [Eval loss: 0.618058]
[FM Epoch 115] loss: 0.579482
[FM Epoch 116] loss: 0.581829
[FM Epoch 117] loss: 0.579978
  [Eval loss: 0.609650]
[FM Epoch 118] loss: 0.579972
[FM Epoch 119] loss: 0.582629
[FM Epoch 120] loss: 0.578541
  [Eval loss: 0.609439]
[AugmentSchedule] decay: epoch=120 p_crop=0.000 p_rot=0.000 p_hflip=0.600
[AugmentSchedule] decay: epoch=120 p_crop=0.000 p_rot=0.000 p_hflip=0.600
[FM Epoch 121] loss: 0.579872
[FM Epoch 122] loss: 0.583259
[FM Epoch 123] loss: 0.576073
  [Eval loss: 0.606797]
[FM Epoch 124] loss: 0.578532
[FM Epoch 125] loss: 0.579485
[FM Epoch 126] loss: 0.580398
  [Eval loss: 0.609244]
[FM Epoch 127] loss: 0.575315
[FM Epoch 128] loss: 0.577547
[FM Epoch 129] loss: 0.576127
  [Eval loss: 0.623393]
[FM Epoch 130] loss: 0.578821
[FM Epoch 131] loss: 0.573688
[FM Epoch 132] loss: 0.575404
  [Eval loss: 0.609771]
[FM Epoch 133] loss: 0.575726
[FM Epoch 134] loss: 0.574378
[FM Epoch 135] loss: 0.578371
  [Eval loss: 0.614046]
[FM Epoch 136] loss: 0.572872
[FM Epoch 137] loss: 0.574358
[FM Epoch 138] loss: 0.573725
  [Eval loss: 0.615372]
[FM Epoch 139] loss: 0.574383
[FM Epoch 140] loss: 0.571037
[FM Epoch 141] loss: 0.573782
  [Eval loss: 0.600623]
[FM Epoch 142] loss: 0.569915
[FM Epoch 143] loss: 0.574138
[FM Epoch 144] loss: 0.569305
  [Eval loss: 0.610702]
[FM Epoch 145] loss: 0.576523
[FM Epoch 146] loss: 0.568829
[FM Epoch 147] loss: 0.571794
  [Eval loss: 0.622432]
[FM Epoch 148] loss: 0.570003
[FM Epoch 149] loss: 0.568117
[FM Epoch 150] loss: 0.569364
  [Eval loss: 0.617837]
[FM Epoch 151] loss: 0.570280
[FM Epoch 152] loss: 0.570978
[FM Epoch 153] loss: 0.569011
  [Eval loss: 0.621801]
[FM Epoch 154] loss: 0.569115
[FM Epoch 155] loss: 0.563998
[FM Epoch 156] loss: 0.569573
  [Eval loss: 0.623492]
[FM Epoch 157] loss: 0.567958
[FM Epoch 158] loss: 0.569054
[FM Epoch 159] loss: 0.571233
  [Eval loss: 0.615546]
[FM Epoch 160] loss: 0.567170
[FM Epoch 161] loss: 0.568589
[FM Epoch 162] loss: 0.567730
  [Eval loss: 0.603471]
[FM Epoch 163] loss: 0.566715
[FM Epoch 164] loss: 0.565138
[FM Epoch 165] loss: 0.563558
  [Eval loss: 0.622755]
[FM Epoch 166] loss: 0.565174
[FM Epoch 167] loss: 0.564010
[FM Epoch 168] loss: 0.568170
  [Eval loss: 0.616529]
[FM Epoch 169] loss: 0.565204
[FM Epoch 170] loss: 0.561547
[FM Epoch 171] loss: 0.567409
  [Eval loss: 0.615170]
[FM Epoch 172] loss: 0.561649
[FM Epoch 173] loss: 0.566395
[FM Epoch 174] loss: 0.564196
  [Eval loss: 0.614016]
[FM Epoch 175] loss: 0.563674
[FM Epoch 176] loss: 0.563967
[FM Epoch 177] loss: 0.563520
  [Eval loss: 0.606658]
[FM Epoch 178] loss: 0.561584
[FM Epoch 179] loss: 0.563365
[FM Epoch 180] loss: 0.559595
  [Eval loss: 0.605125]
[FM Epoch 181] loss: 0.559605
[FM Epoch 182] loss: 0.562470
[FM Epoch 183] loss: 0.558475
  [Eval loss: 0.607907]
[FM Epoch 184] loss: 0.558701
[FM Epoch 185] loss: 0.559892
[FM Epoch 186] loss: 0.563968
  [Eval loss: 0.616359]
[FM Epoch 187] loss: 0.559082
[FM Epoch 188] loss: 0.556907
[FM Epoch 189] loss: 0.561321
  [Eval loss: 0.622119]
[FM Epoch 190] loss: 0.563139
[FM Epoch 191] loss: 0.558572
[FM Epoch 192] loss: 0.560293
  [Eval loss: 0.606377]
[FM Epoch 193] loss: 0.556574
[FM Epoch 194] loss: 0.557259
[FM Epoch 195] loss: 0.557106
  [Eval loss: 0.623769]
[FM Epoch 196] loss: 0.558781
[FM Epoch 197] loss: 0.556024
[FM Epoch 198] loss: 0.556344
  [Eval loss: 0.616358]
[FM Epoch 199] loss: 0.554363
[FM Epoch 200] loss: 0.555506
[FM Epoch 201] loss: 0.554782
  [Eval loss: 0.622160]
[FM Epoch 202] loss: 0.552046
[FM Epoch 203] loss: 0.554552
[FM Epoch 204] loss: 0.553346
  [Eval loss: 0.607946]
[FM Epoch 205] loss: 0.555488
[FM Epoch 206] loss: 0.556216
[FM Epoch 207] loss: 0.555483
  [Eval loss: 0.613893]
[FM Epoch 208] loss: 0.555363
[FM Epoch 209] loss: 0.552153
[FM Epoch 210] loss: 0.552313
  [Eval loss: 0.614672]
[FM Epoch 211] loss: 0.551355
[FM Epoch 212] loss: 0.553163
[FM Epoch 213] loss: 0.548311
  [Eval loss: 0.610465]
[FM Epoch 214] loss: 0.554726
[FM Epoch 215] loss: 0.552289
[FM Epoch 216] loss: 0.552947
  [Eval loss: 0.621345]
[FM Epoch 217] loss: 0.548493
[FM Epoch 218] loss: 0.552828
[FM Epoch 219] loss: 0.550620
  [Eval loss: 0.609014]
[FM Epoch 220] loss: 0.555828
[FM Epoch 221] loss: 0.546838
[FM Epoch 222] loss: 0.553211
  [Eval loss: 0.617091]
[FM Epoch 223] loss: 0.553511
[FM Epoch 224] loss: 0.548957
[FM Epoch 225] loss: 0.549257
  [Eval loss: 0.617528]
[FM Epoch 226] loss: 0.549833
[FM Epoch 227] loss: 0.547891
[FM Epoch 228] loss: 0.549336
  [Eval loss: 0.612337]
[FM Epoch 229] loss: 0.550272
[FM Epoch 230] loss: 0.551580
[FM Epoch 231] loss: 0.545815
  [Eval loss: 0.613250]
[FM Epoch 232] loss: 0.551727
[FM Epoch 233] loss: 0.545869
[FM Epoch 234] loss: 0.549617
  [Eval loss: 0.615532]
[FM Epoch 235] loss: 0.552628
[FM Epoch 236] loss: 0.548453
[FM Epoch 237] loss: 0.551022
  [Eval loss: 0.617600]
[FM Epoch 238] loss: 0.547281
[FM Epoch 239] loss: 0.547243
[FM Epoch 240] loss: 0.549905
  [Eval loss: 0.617500]
[FM Epoch 241] loss: 0.548256
[FM Epoch 242] loss: 0.551732
[FM Epoch 243] loss: 0.546432
  [Eval loss: 0.617769]
[FM Epoch 244] loss: 0.544868
[FM Epoch 245] loss: 0.548939
[FM Epoch 246] loss: 0.545292
  [Eval loss: 0.622179]
[FM Epoch 247] loss: 0.543893
[FM Epoch 248] loss: 0.547245
[FM Epoch 249] loss: 0.543450
  [Eval loss: 0.609675]
[FM Epoch 250] loss: 0.544962
[FM Epoch 251] loss: 0.544715
[FM Epoch 252] loss: 0.545015
  [Eval loss: 0.626778]
[FM Epoch 253] loss: 0.542526
[FM Epoch 254] loss: 0.540218
[FM Epoch 255] loss: 0.544553
  [Eval loss: 0.610863]
[FM Epoch 256] loss: 0.545548
[FM Epoch 257] loss: 0.544340
[FM Epoch 258] loss: 0.542072
  [Eval loss: 0.613510]
[FM Epoch 259] loss: 0.540418
[FM Epoch 260] loss: 0.543931
[FM Epoch 261] loss: 0.544380
  [Eval loss: 0.624549]
[FM Epoch 262] loss: 0.544541
[FM Epoch 263] loss: 0.541905
[FM Epoch 264] loss: 0.538625
  [Eval loss: 0.617220]
[FM Epoch 265] loss: 0.543797
[FM Epoch 266] loss: 0.542332
[FM Epoch 267] loss: 0.545098
  [Eval loss: 0.622165]
[FM Epoch 268] loss: 0.541910
[FM Epoch 269] loss: 0.540816
[FM Epoch 270] loss: 0.541856
  [Eval loss: 0.621860]
[FM Epoch 271] loss: 0.545827
[FM Epoch 272] loss: 0.541587
[FM Epoch 273] loss: 0.542289
  [Eval loss: 0.606352]
[FM Epoch 274] loss: 0.542066
[FM Epoch 275] loss: 0.541242
[FM Epoch 276] loss: 0.541267
  [Eval loss: 0.618050]
[FM Epoch 277] loss: 0.540502
[FM Epoch 278] loss: 0.539663
[FM Epoch 279] loss: 0.540641
  [Eval loss: 0.615059]
[FM Epoch 280] loss: 0.544611
[FM Epoch 281] loss: 0.539392
[FM Epoch 282] loss: 0.540203
  [Eval loss: 0.619870]
[FM Epoch 283] loss: 0.540609
[FM Epoch 284] loss: 0.542034
[FM Epoch 285] loss: 0.539307
  [Eval loss: 0.623854]
[FM Epoch 286] loss: 0.538285
[FM Epoch 287] loss: 0.539599
[FM Epoch 288] loss: 0.537877
  [Eval loss: 0.617625]
[FM Epoch 289] loss: 0.543444
[FM Epoch 290] loss: 0.538919
[FM Epoch 291] loss: 0.539750
  [Eval loss: 0.620491]
[FM Epoch 292] loss: 0.538948
[FM Epoch 293] loss: 0.537988
[FM Epoch 294] loss: 0.538625
  [Eval loss: 0.623292]
[FM Epoch 295] loss: 0.538826
[FM Epoch 296] loss: 0.538962
[FM Epoch 297] loss: 0.533919
  [Eval loss: 0.621060]
[FM Epoch 298] loss: 0.539943
[FM Epoch 299] loss: 0.538395
[FM Epoch 300] loss: 0.538283
  [Eval loss: 0.620639]
