Host: kn175
Start time: Thu May 21 12:46:23 EDT 2026
Project root: /project/6109890/bacobax2/ir-generative-study
Conda env: diffusers-dev
Config: /project/6109890/bacobax2/ir-generative-study/configs/fm/train/presets/uncond_latent_flir_sd15_512_b64_hflip_ot.yaml
CUDA_VISIBLE_DEVICES: 0
SLURM_JOB_ID: 3695499
SLURM_SUBMIT_DIR: /project/6109890/bacobax2/ir-generative-study
/home/bacobax2/miniforge3/envs/diffusers-dev/bin/python
Python 3.10.20
Configured batch size:
8:  batch_size: 64
73:  sample_batch_size: 4
Configured horizontal flip probabilities:
31:  p_hflip_warmup: 0.0
32:  p_hflip_max: 0.6
33:  p_hflip_final: 0.3
Configured path mode:
66:path:
67-  mode: "minibatch_ot"
68-  solver: "hungarian"
69-
Configured mixed precision:
64:  mixed_precision: "auto"
Thu May 21 12:46:23 2026       
+-----------------------------------------------------------------------------------------+
| NVIDIA-SMI 580.159.03             Driver Version: 580.159.03     CUDA Version: 13.0     |
+-----------------------------------------+------------------------+----------------------+
| GPU  Name                 Persistence-M | Bus-Id          Disp.A | Volatile Uncorr. ECC |
| Fan  Temp   Perf          Pwr:Usage/Cap |           Memory-Usage | GPU-Util  Compute M. |
|                                         |                        |               MIG M. |
|=========================================+========================+======================|
|   0  NVIDIA H100 80GB HBM3          Off |   00000000:53:00.0 Off |                    0 |
| N/A   44C    P0             74W /  700W |       0MiB /  81559MiB |      0%      Default |
|                                         |                        |             Disabled |
+-----------------------------------------+------------------------+----------------------+

+-----------------------------------------------------------------------------------------+
| Processes:                                                                              |
|  GPU   GI   CI              PID   Type   Process name                        GPU Memory |
|        ID   ID                                                               Usage      |
|=========================================================================================|
|  No running processes found                                                             |
+-----------------------------------------------------------------------------------------+
[AugmentSchedule] start: epoch=0 p_crop=0.000 p_rot=0.000 p_hflip=0.000
[AugmentSchedule] start: epoch=0 p_crop=0.000 p_rot=0.000 p_hflip=0.000
[AugmentSchedule] warmup: epoch=0 p_crop=0.000 p_rot=0.000 p_hflip=0.000
[FM Precision] requested='auto' -> using 'bf16' on device=cuda
[AugmentSchedule] warmup: epoch=0 p_crop=0.000 p_rot=0.000 p_hflip=0.000
[FM Epoch 1] loss: 1.068736
[FM Epoch 2] loss: 0.752133
[FM Epoch 3] loss: 0.716092
  [Eval loss: 1.104544]
  ✅ New best eval_loss=1.104544 at epoch 3 -> saved UNET/unet_fm_best.pt
[FM Epoch 4] loss: 0.699229
[FM Epoch 5] loss: 0.684911
[FM Epoch 6] loss: 0.676111
  [Eval loss: 0.777255]
  ✅ New best eval_loss=0.777255 at epoch 6 -> saved UNET/unet_fm_best.pt
[FM Epoch 7] loss: 0.661724
[FM Epoch 8] loss: 0.663763
[FM Epoch 9] loss: 0.658513
  [Eval loss: 0.687667]
  ✅ New best eval_loss=0.687667 at epoch 9 -> saved UNET/unet_fm_best.pt
[FM Epoch 10] loss: 0.651933
[FM Epoch 11] loss: 0.644926
[FM Epoch 12] loss: 0.640307
  [Eval loss: 0.671204]
  ✅ New best eval_loss=0.671204 at epoch 12 -> saved UNET/unet_fm_best.pt
[FM Epoch 13] loss: 0.641093
[FM Epoch 14] loss: 0.636643
[FM Epoch 15] loss: 0.639883
  [Eval loss: 0.649869]
  ✅ New best eval_loss=0.649869 at epoch 15 -> saved UNET/unet_fm_best.pt
[FM Epoch 16] loss: 0.630290
[FM Epoch 17] loss: 0.628597
[FM Epoch 18] loss: 0.623350
  [Eval loss: 0.648141]
  ✅ New best eval_loss=0.648141 at epoch 18 -> saved UNET/unet_fm_best.pt
[FM Epoch 19] loss: 0.624684
[FM Epoch 20] loss: 0.621204
[FM Epoch 21] loss: 0.621706
  [Eval loss: 0.633146]
  ✅ New best eval_loss=0.633146 at epoch 21 -> saved UNET/unet_fm_best.pt
[FM Epoch 22] loss: 0.616267
[FM Epoch 23] loss: 0.612823
[FM Epoch 24] loss: 0.616327
  [Eval loss: 0.617131]
  ✅ New best eval_loss=0.617131 at epoch 24 -> saved UNET/unet_fm_best.pt
[FM Epoch 25] loss: 0.615792
[FM Epoch 26] loss: 0.610612
[FM Epoch 27] loss: 0.611798
  [Eval loss: 0.614869]
  ✅ New best eval_loss=0.614869 at epoch 27 -> saved UNET/unet_fm_best.pt
[FM Epoch 28] loss: 0.607349
[FM Epoch 29] loss: 0.614103
[FM Epoch 30] loss: 0.607995
  [Eval loss: 0.632263]
[AugmentSchedule] ramp: epoch=30 p_crop=0.000 p_rot=0.000 p_hflip=0.000
[AugmentSchedule] ramp: epoch=30 p_crop=0.000 p_rot=0.000 p_hflip=0.000
[FM Epoch 31] loss: 0.605700
[FM Epoch 32] loss: 0.603171
[FM Epoch 33] loss: 0.605207
  [Eval loss: 0.609857]
  ✅ New best eval_loss=0.609857 at epoch 33 -> saved UNET/unet_fm_best.pt
[FM Epoch 34] loss: 0.599619
[FM Epoch 35] loss: 0.602772
[FM Epoch 36] loss: 0.600388
  [Eval loss: 0.604434]
  ✅ New best eval_loss=0.604434 at epoch 36 -> saved UNET/unet_fm_best.pt
[FM Epoch 37] loss: 0.599740
[FM Epoch 38] loss: 0.602369
[FM Epoch 39] loss: 0.597430
  [Eval loss: 0.608500]
[FM Epoch 40] loss: 0.601087
[FM Epoch 41] loss: 0.596957
[FM Epoch 42] loss: 0.595410
  [Eval loss: 0.619170]
[FM Epoch 43] loss: 0.596378
[FM Epoch 44] loss: 0.592511
[FM Epoch 45] loss: 0.597453
  [Eval loss: 0.617705]
[FM Epoch 46] loss: 0.594571
[FM Epoch 47] loss: 0.592294
[FM Epoch 48] loss: 0.589566
  [Eval loss: 0.607746]
[FM Epoch 49] loss: 0.591767
[FM Epoch 50] loss: 0.590285
[FM Epoch 51] loss: 0.592883
  [Eval loss: 0.612709]
[FM Epoch 52] loss: 0.591491
[FM Epoch 53] loss: 0.594479
[FM Epoch 54] loss: 0.586760
  [Eval loss: 0.616696]
[FM Epoch 55] loss: 0.585222
[FM Epoch 56] loss: 0.590297
[FM Epoch 57] loss: 0.587350
  [Eval loss: 0.608854]
[FM Epoch 58] loss: 0.582923
[FM Epoch 59] loss: 0.585454
[FM Epoch 60] loss: 0.586948
  [Eval loss: 0.613671]
[FM Epoch 61] loss: 0.588039
[FM Epoch 62] loss: 0.587443
[FM Epoch 63] loss: 0.581869
  [Eval loss: 0.600348]
  ✅ New best eval_loss=0.600348 at epoch 63 -> saved UNET/unet_fm_best.pt
[FM Epoch 64] loss: 0.585368
[FM Epoch 65] loss: 0.583739
[FM Epoch 66] loss: 0.587872
  [Eval loss: 0.607920]
[FM Epoch 67] loss: 0.584681
[FM Epoch 68] loss: 0.585316
[FM Epoch 69] loss: 0.584783
  [Eval loss: 0.621071]
[FM Epoch 70] loss: 0.582376
[FM Epoch 71] loss: 0.581790
[FM Epoch 72] loss: 0.580439
  [Eval loss: 0.608510]
[FM Epoch 73] loss: 0.581548
[FM Epoch 74] loss: 0.584389
[FM Epoch 75] loss: 0.581160
  [Eval loss: 0.608993]
[FM Epoch 76] loss: 0.580282
[FM Epoch 77] loss: 0.580778
[FM Epoch 78] loss: 0.579737
  [Eval loss: 0.601783]
[FM Epoch 79] loss: 0.577462
[FM Epoch 80] loss: 0.580961
[FM Epoch 81] loss: 0.577160
  [Eval loss: 0.599946]
  ✅ New best eval_loss=0.599946 at epoch 81 -> saved UNET/unet_fm_best.pt
[FM Epoch 82] loss: 0.572750
[FM Epoch 83] loss: 0.577988
[FM Epoch 84] loss: 0.579236
  [Eval loss: 0.613522]
[FM Epoch 85] loss: 0.578370
[FM Epoch 86] loss: 0.579096
[FM Epoch 87] loss: 0.576453
  [Eval loss: 0.610378]
[FM Epoch 88] loss: 0.578389
[FM Epoch 89] loss: 0.577602
[FM Epoch 90] loss: 0.573662
  [Eval loss: 0.603711]
[FM Epoch 91] loss: 0.575147
[FM Epoch 92] loss: 0.578071
[FM Epoch 93] loss: 0.576002
  [Eval loss: 0.595979]
  ✅ New best eval_loss=0.595979 at epoch 93 -> saved UNET/unet_fm_best.pt
[FM Epoch 94] loss: 0.574915
[FM Epoch 95] loss: 0.572231
[FM Epoch 96] loss: 0.573114
  [Eval loss: 0.605711]
[FM Epoch 97] loss: 0.574255
[FM Epoch 98] loss: 0.572580
[FM Epoch 99] loss: 0.572629
  [Eval loss: 0.595897]
  ✅ New best eval_loss=0.595897 at epoch 99 -> saved UNET/unet_fm_best.pt
[FM Epoch 100] loss: 0.571824
[FM Epoch 101] loss: 0.572094
[FM Epoch 102] loss: 0.571885
  [Eval loss: 0.606661]
[FM Epoch 103] loss: 0.570199
[FM Epoch 104] loss: 0.571146
[FM Epoch 105] loss: 0.574584
  [Eval loss: 0.603703]
[FM Epoch 106] loss: 0.571904
[FM Epoch 107] loss: 0.569479
[FM Epoch 108] loss: 0.573871
  [Eval loss: 0.604662]
[FM Epoch 109] loss: 0.572634
[FM Epoch 110] loss: 0.569766
[FM Epoch 111] loss: 0.568414
  [Eval loss: 0.614894]
[FM Epoch 112] loss: 0.567291
[FM Epoch 113] loss: 0.567285
[FM Epoch 114] loss: 0.569954
  [Eval loss: 0.606342]
[FM Epoch 115] loss: 0.569488
[FM Epoch 116] loss: 0.571906
[FM Epoch 117] loss: 0.568648
  [Eval loss: 0.613705]
[FM Epoch 118] loss: 0.567726
[FM Epoch 119] loss: 0.569572
[FM Epoch 120] loss: 0.567521
  [Eval loss: 0.599393]
[AugmentSchedule] decay: epoch=120 p_crop=0.000 p_rot=0.000 p_hflip=0.600
[AugmentSchedule] decay: epoch=120 p_crop=0.000 p_rot=0.000 p_hflip=0.600
[FM Epoch 121] loss: 0.565821
[FM Epoch 122] loss: 0.565665
[FM Epoch 123] loss: 0.569350
  [Eval loss: 0.616263]
[FM Epoch 124] loss: 0.565227
[FM Epoch 125] loss: 0.565698
[FM Epoch 126] loss: 0.566999
  [Eval loss: 0.592033]
  ✅ New best eval_loss=0.592033 at epoch 126 -> saved UNET/unet_fm_best.pt
[FM Epoch 127] loss: 0.563905
[FM Epoch 128] loss: 0.566984
[FM Epoch 129] loss: 0.563029
  [Eval loss: 0.608045]
[FM Epoch 130] loss: 0.566219
[FM Epoch 131] loss: 0.560487
[FM Epoch 132] loss: 0.564785
  [Eval loss: 0.603500]
[FM Epoch 133] loss: 0.561309
[FM Epoch 134] loss: 0.562160
[FM Epoch 135] loss: 0.559587
  [Eval loss: 0.603356]
[FM Epoch 136] loss: 0.561019
[FM Epoch 137] loss: 0.560943
[FM Epoch 138] loss: 0.561271
  [Eval loss: 0.603540]
[FM Epoch 139] loss: 0.558049
[FM Epoch 140] loss: 0.558882
[FM Epoch 141] loss: 0.561010
  [Eval loss: 0.603347]
[FM Epoch 142] loss: 0.557142
[FM Epoch 143] loss: 0.559577
[FM Epoch 144] loss: 0.556381
  [Eval loss: 0.598916]
[FM Epoch 145] loss: 0.558158
[FM Epoch 146] loss: 0.560118
[FM Epoch 147] loss: 0.556435
  [Eval loss: 0.604722]
[FM Epoch 148] loss: 0.561184
[FM Epoch 149] loss: 0.557317
[FM Epoch 150] loss: 0.558029
  [Eval loss: 0.593994]
[FM Epoch 151] loss: 0.556578
[FM Epoch 152] loss: 0.555091
[FM Epoch 153] loss: 0.556211
  [Eval loss: 0.596704]
[FM Epoch 154] loss: 0.555426
[FM Epoch 155] loss: 0.554694
[FM Epoch 156] loss: 0.554233
  [Eval loss: 0.606968]
[FM Epoch 157] loss: 0.556006
[FM Epoch 158] loss: 0.552113
[FM Epoch 159] loss: 0.555305
  [Eval loss: 0.605853]
[FM Epoch 160] loss: 0.551396
[FM Epoch 161] loss: 0.554201
[FM Epoch 162] loss: 0.552330
  [Eval loss: 0.618931]
[FM Epoch 163] loss: 0.550292
[FM Epoch 164] loss: 0.553070
[FM Epoch 165] loss: 0.549532
  [Eval loss: 0.603954]
[FM Epoch 166] loss: 0.553504
[FM Epoch 167] loss: 0.553920
[FM Epoch 168] loss: 0.553929
  [Eval loss: 0.604934]
[FM Epoch 169] loss: 0.554145
[FM Epoch 170] loss: 0.548303
[FM Epoch 171] loss: 0.549856
  [Eval loss: 0.590480]
  ✅ New best eval_loss=0.590480 at epoch 171 -> saved UNET/unet_fm_best.pt
[FM Epoch 172] loss: 0.551932
[FM Epoch 173] loss: 0.551115
[FM Epoch 174] loss: 0.549383
  [Eval loss: 0.612262]
[FM Epoch 175] loss: 0.553117
[FM Epoch 176] loss: 0.549582
[FM Epoch 177] loss: 0.548666
  [Eval loss: 0.618926]
[FM Epoch 178] loss: 0.549214
[FM Epoch 179] loss: 0.549005
[FM Epoch 180] loss: 0.547760
  [Eval loss: 0.604540]
[FM Epoch 181] loss: 0.549542
[FM Epoch 182] loss: 0.544468
[FM Epoch 183] loss: 0.547472
  [Eval loss: 0.605424]
[FM Epoch 184] loss: 0.545596
[FM Epoch 185] loss: 0.544728
[FM Epoch 186] loss: 0.546429
  [Eval loss: 0.598193]
[FM Epoch 187] loss: 0.542545
[FM Epoch 188] loss: 0.544680
[FM Epoch 189] loss: 0.545908
  [Eval loss: 0.597484]
[FM Epoch 190] loss: 0.547271
[FM Epoch 191] loss: 0.549067
[FM Epoch 192] loss: 0.547938
  [Eval loss: 0.596924]
[FM Epoch 193] loss: 0.545093
[FM Epoch 194] loss: 0.547743
[FM Epoch 195] loss: 0.547955
  [Eval loss: 0.596254]
[FM Epoch 196] loss: 0.542140
[FM Epoch 197] loss: 0.546143
[FM Epoch 198] loss: 0.544059
  [Eval loss: 0.604784]
[FM Epoch 199] loss: 0.544695
[FM Epoch 200] loss: 0.542821
[FM Epoch 201] loss: 0.541981
  [Eval loss: 0.596062]
[FM Epoch 202] loss: 0.535627
[FM Epoch 203] loss: 0.543614
[FM Epoch 204] loss: 0.542843
  [Eval loss: 0.608290]
[FM Epoch 205] loss: 0.541398
[FM Epoch 206] loss: 0.540679
[FM Epoch 207] loss: 0.540787
  [Eval loss: 0.596580]
[FM Epoch 208] loss: 0.539311
[FM Epoch 209] loss: 0.538967
[FM Epoch 210] loss: 0.540939
  [Eval loss: 0.614037]
[FM Epoch 211] loss: 0.538975
[FM Epoch 212] loss: 0.538558
[FM Epoch 213] loss: 0.539753
  [Eval loss: 0.600596]
[FM Epoch 214] loss: 0.537827
[FM Epoch 215] loss: 0.541413
[FM Epoch 216] loss: 0.541161
  [Eval loss: 0.616494]
[FM Epoch 217] loss: 0.540059
[FM Epoch 218] loss: 0.537281
[FM Epoch 219] loss: 0.536252
  [Eval loss: 0.606952]
[FM Epoch 220] loss: 0.537128
[FM Epoch 221] loss: 0.538934
[FM Epoch 222] loss: 0.539498
  [Eval loss: 0.610603]
[FM Epoch 223] loss: 0.531154
[FM Epoch 224] loss: 0.536716
[FM Epoch 225] loss: 0.537170
  [Eval loss: 0.598761]
[FM Epoch 226] loss: 0.536478
[FM Epoch 227] loss: 0.536375
[FM Epoch 228] loss: 0.536221
  [Eval loss: 0.610524]
[FM Epoch 229] loss: 0.536680
[FM Epoch 230] loss: 0.530627
[FM Epoch 231] loss: 0.537154
  [Eval loss: 0.609275]
[FM Epoch 232] loss: 0.537638
[FM Epoch 233] loss: 0.536477
[FM Epoch 234] loss: 0.536891
  [Eval loss: 0.600137]
[FM Epoch 235] loss: 0.536255
[FM Epoch 236] loss: 0.535951
[FM Epoch 237] loss: 0.534436
  [Eval loss: 0.617535]
[FM Epoch 238] loss: 0.535613
[FM Epoch 239] loss: 0.529197
[FM Epoch 240] loss: 0.531083
  [Eval loss: 0.604055]
[FM Epoch 241] loss: 0.532389
[FM Epoch 242] loss: 0.532080
[FM Epoch 243] loss: 0.531134
  [Eval loss: 0.600535]
[FM Epoch 244] loss: 0.528759
[FM Epoch 245] loss: 0.531136
[FM Epoch 246] loss: 0.533198
  [Eval loss: 0.612731]
[FM Epoch 247] loss: 0.529408
[FM Epoch 248] loss: 0.528564
[FM Epoch 249] loss: 0.533207
  [Eval loss: 0.611613]
[FM Epoch 250] loss: 0.530417
[FM Epoch 251] loss: 0.529259
[FM Epoch 252] loss: 0.532154
  [Eval loss: 0.608902]
[FM Epoch 253] loss: 0.531107
[FM Epoch 254] loss: 0.530415
[FM Epoch 255] loss: 0.531165
  [Eval loss: 0.605930]
[FM Epoch 256] loss: 0.531450
[FM Epoch 257] loss: 0.529358
[FM Epoch 258] loss: 0.529407
  [Eval loss: 0.608343]
[FM Epoch 259] loss: 0.526558
[FM Epoch 260] loss: 0.528525
[FM Epoch 261] loss: 0.528230
  [Eval loss: 0.614251]
[FM Epoch 262] loss: 0.527944
[FM Epoch 263] loss: 0.528830
[FM Epoch 264] loss: 0.527769
  [Eval loss: 0.615359]
[FM Epoch 265] loss: 0.527559
[FM Epoch 266] loss: 0.527521
[FM Epoch 267] loss: 0.526889
  [Eval loss: 0.600883]
[FM Epoch 268] loss: 0.531255
[FM Epoch 269] loss: 0.525418
[FM Epoch 270] loss: 0.528885
  [Eval loss: 0.617756]
[FM Epoch 271] loss: 0.528167
[FM Epoch 272] loss: 0.525885
[FM Epoch 273] loss: 0.525053
  [Eval loss: 0.604430]
[FM Epoch 274] loss: 0.527537
[FM Epoch 275] loss: 0.528261
[FM Epoch 276] loss: 0.524255
  [Eval loss: 0.616375]
[FM Epoch 277] loss: 0.525664
[FM Epoch 278] loss: 0.525061
[FM Epoch 279] loss: 0.525899
  [Eval loss: 0.605250]
[FM Epoch 280] loss: 0.526874
[FM Epoch 281] loss: 0.526886
[FM Epoch 282] loss: 0.526994
  [Eval loss: 0.619322]
[FM Epoch 283] loss: 0.528143
[FM Epoch 284] loss: 0.525818
[FM Epoch 285] loss: 0.521888
  [Eval loss: 0.610570]
[FM Epoch 286] loss: 0.523536
[FM Epoch 287] loss: 0.524762
[FM Epoch 288] loss: 0.524370
  [Eval loss: 0.615337]
[FM Epoch 289] loss: 0.524668
[FM Epoch 290] loss: 0.524347
[FM Epoch 291] loss: 0.527732
  [Eval loss: 0.614200]
[FM Epoch 292] loss: 0.523498
[FM Epoch 293] loss: 0.524802
[FM Epoch 294] loss: 0.521983
  [Eval loss: 0.601873]
[FM Epoch 295] loss: 0.522663
[FM Epoch 296] loss: 0.527146
[FM Epoch 297] loss: 0.523273
  [Eval loss: 0.618016]
[FM Epoch 298] loss: 0.524753
[FM Epoch 299] loss: 0.523415
[FM Epoch 300] loss: 0.521835
  [Eval loss: 0.615480]
