Host: kn175
Start time: Sun May 31 15:59:04 EDT 2026
Project root: /project/6109890/bacobax2/ir-generative-study
Conda env: diffusers-dev
Config: /project/6109890/bacobax2/ir-generative-study/configs/datasets/flir/flow_matching/uncond_latent_flir_sd15_512_b64_hflip_ot_train_5000.yaml
CUDA_VISIBLE_DEVICES: 0
SLURM_JOB_ID: 3826808
SLURM_SUBMIT_DIR: /project/6109890/bacobax2/ir-generative-study
/home/bacobax2/miniforge3/envs/diffusers-dev/bin/python
Python 3.10.20
Configured batch size:
Configured horizontal flip probabilities:
Configured path mode:
Configured mixed precision:
Sun May 31 15:59:04 2026       
+-----------------------------------------------------------------------------------------+
| NVIDIA-SMI 580.159.03             Driver Version: 580.159.03     CUDA Version: 13.0     |
+-----------------------------------------+------------------------+----------------------+
| GPU  Name                 Persistence-M | Bus-Id          Disp.A | Volatile Uncorr. ECC |
| Fan  Temp   Perf          Pwr:Usage/Cap |           Memory-Usage | GPU-Util  Compute M. |
|                                         |                        |               MIG M. |
|=========================================+========================+======================|
|   0  NVIDIA H100 80GB HBM3          Off |   00000000:9C:00.0 Off |                    0 |
| N/A   48C    P0             75W /  700W |       0MiB /  81559MiB |      0%      Default |
|                                         |                        |             Disabled |
+-----------------------------------------+------------------------+----------------------+

+-----------------------------------------------------------------------------------------+
| Processes:                                                                              |
|  GPU   GI   CI              PID   Type   Process name                        GPU Memory |
|        ID   ID                                                               Usage      |
|=========================================================================================|
|  No running processes found                                                             |
+-----------------------------------------------------------------------------------------+
[AugmentSchedule] start: epoch=0 p_crop=0.000 p_rot=0.000 p_hflip=0.000
[AugmentSchedule] start: epoch=0 p_crop=0.000 p_rot=0.000 p_hflip=0.000
[AugmentSchedule] warmup: epoch=0 p_crop=0.000 p_rot=0.000 p_hflip=0.000
[FM Precision] requested='auto' -> using 'bf16' on device=cuda
[AugmentSchedule] warmup: epoch=0 p_crop=0.000 p_rot=0.000 p_hflip=0.000
[FM Epoch 1] loss: 1.184776
[FM Epoch 2] loss: 0.804260
[FM Epoch 3] loss: 0.761730
  [Eval loss: 1.395327]
  ✅ New best eval_loss=1.395327 at epoch 3 -> saved UNET/unet_fm_best.pt
[FM Epoch 4] loss: 0.722463
[FM Epoch 5] loss: 0.723273
[FM Epoch 6] loss: 0.698357
  [Eval loss: 1.063970]
  ✅ New best eval_loss=1.063970 at epoch 6 -> saved UNET/unet_fm_best.pt
[FM Epoch 7] loss: 0.689682
[FM Epoch 8] loss: 0.688165
[FM Epoch 9] loss: 0.669367
  [Eval loss: 0.864242]
  ✅ New best eval_loss=0.864242 at epoch 9 -> saved UNET/unet_fm_best.pt
[FM Epoch 10] loss: 0.670360
[FM Epoch 11] loss: 0.663289
[FM Epoch 12] loss: 0.661235
  [Eval loss: 0.761160]
  ✅ New best eval_loss=0.761160 at epoch 12 -> saved UNET/unet_fm_best.pt
[FM Epoch 13] loss: 0.657783
[FM Epoch 14] loss: 0.656691
[FM Epoch 15] loss: 0.645845
  [Eval loss: 0.709595]
  ✅ New best eval_loss=0.709595 at epoch 15 -> saved UNET/unet_fm_best.pt
[FM Epoch 16] loss: 0.648157
[FM Epoch 17] loss: 0.647896
[FM Epoch 18] loss: 0.645451
  [Eval loss: 0.687098]
  ✅ New best eval_loss=0.687098 at epoch 18 -> saved UNET/unet_fm_best.pt
[FM Epoch 19] loss: 0.644258
[FM Epoch 20] loss: 0.640726
[FM Epoch 21] loss: 0.637724
  [Eval loss: 0.674800]
  ✅ New best eval_loss=0.674800 at epoch 21 -> saved UNET/unet_fm_best.pt
[FM Epoch 22] loss: 0.640159
[FM Epoch 23] loss: 0.639789
[FM Epoch 24] loss: 0.635563
  [Eval loss: 0.658264]
  ✅ New best eval_loss=0.658264 at epoch 24 -> saved UNET/unet_fm_best.pt
[FM Epoch 25] loss: 0.631838
[FM Epoch 26] loss: 0.625851
[FM Epoch 27] loss: 0.628527
  [Eval loss: 0.661909]
[FM Epoch 28] loss: 0.625488
[FM Epoch 29] loss: 0.627752
[FM Epoch 30] loss: 0.621718
  [Eval loss: 0.654539]
  ✅ New best eval_loss=0.654539 at epoch 30 -> saved UNET/unet_fm_best.pt
[AugmentSchedule] ramp: epoch=30 p_crop=0.000 p_rot=0.000 p_hflip=0.000
[AugmentSchedule] ramp: epoch=30 p_crop=0.000 p_rot=0.000 p_hflip=0.000
[FM Epoch 31] loss: 0.624513
[FM Epoch 32] loss: 0.623829
[FM Epoch 33] loss: 0.620341
  [Eval loss: 0.646042]
  ✅ New best eval_loss=0.646042 at epoch 33 -> saved UNET/unet_fm_best.pt
[FM Epoch 34] loss: 0.620305
[FM Epoch 35] loss: 0.612553
[FM Epoch 36] loss: 0.619669
  [Eval loss: 0.642579]
  ✅ New best eval_loss=0.642579 at epoch 36 -> saved UNET/unet_fm_best.pt
[FM Epoch 37] loss: 0.618503
[FM Epoch 38] loss: 0.617997
[FM Epoch 39] loss: 0.617479
  [Eval loss: 0.635858]
  ✅ New best eval_loss=0.635858 at epoch 39 -> saved UNET/unet_fm_best.pt
[FM Epoch 40] loss: 0.619287
[FM Epoch 41] loss: 0.623476
[FM Epoch 42] loss: 0.617408
  [Eval loss: 0.628200]
  ✅ New best eval_loss=0.628200 at epoch 42 -> saved UNET/unet_fm_best.pt
[FM Epoch 43] loss: 0.612020
[FM Epoch 44] loss: 0.614684
[FM Epoch 45] loss: 0.612342
  [Eval loss: 0.631062]
[FM Epoch 46] loss: 0.614426
[FM Epoch 47] loss: 0.613371
[FM Epoch 48] loss: 0.617352
  [Eval loss: 0.622276]
  ✅ New best eval_loss=0.622276 at epoch 48 -> saved UNET/unet_fm_best.pt
[FM Epoch 49] loss: 0.609237
[FM Epoch 50] loss: 0.608745
[FM Epoch 51] loss: 0.612686
  [Eval loss: 0.634528]
[FM Epoch 52] loss: 0.610984
[FM Epoch 53] loss: 0.609988
[FM Epoch 54] loss: 0.608747
  [Eval loss: 0.623742]
[FM Epoch 55] loss: 0.611887
[FM Epoch 56] loss: 0.609302
[FM Epoch 57] loss: 0.605722
  [Eval loss: 0.624776]
[FM Epoch 58] loss: 0.605700
[FM Epoch 59] loss: 0.606702
[FM Epoch 60] loss: 0.606122
  [Eval loss: 0.629301]
[FM Epoch 61] loss: 0.604899
[FM Epoch 62] loss: 0.610725
[FM Epoch 63] loss: 0.603874
  [Eval loss: 0.609666]
  ✅ New best eval_loss=0.609666 at epoch 63 -> saved UNET/unet_fm_best.pt
[FM Epoch 64] loss: 0.603081
[FM Epoch 65] loss: 0.606466
[FM Epoch 66] loss: 0.604998
  [Eval loss: 0.623910]
[FM Epoch 67] loss: 0.599948
[FM Epoch 68] loss: 0.607812
[FM Epoch 69] loss: 0.607029
  [Eval loss: 0.612339]
[FM Epoch 70] loss: 0.603134
[FM Epoch 71] loss: 0.604895
[FM Epoch 72] loss: 0.600847
  [Eval loss: 0.613394]
[FM Epoch 73] loss: 0.600121
[FM Epoch 74] loss: 0.600712
[FM Epoch 75] loss: 0.603089
  [Eval loss: 0.624622]
[FM Epoch 76] loss: 0.600916
[FM Epoch 77] loss: 0.605176
[FM Epoch 78] loss: 0.601814
  [Eval loss: 0.603007]
  ✅ New best eval_loss=0.603007 at epoch 78 -> saved UNET/unet_fm_best.pt
[FM Epoch 79] loss: 0.598071
[FM Epoch 80] loss: 0.598404
[FM Epoch 81] loss: 0.600848
  [Eval loss: 0.612708]
[FM Epoch 82] loss: 0.598867
[FM Epoch 83] loss: 0.599866
[FM Epoch 84] loss: 0.597477
  [Eval loss: 0.622514]
[FM Epoch 85] loss: 0.593483
[FM Epoch 86] loss: 0.599660
[FM Epoch 87] loss: 0.603006
  [Eval loss: 0.615216]
[FM Epoch 88] loss: 0.598763
[FM Epoch 89] loss: 0.601093
[FM Epoch 90] loss: 0.596128
  [Eval loss: 0.617507]
[FM Epoch 91] loss: 0.595658
[FM Epoch 92] loss: 0.595206
[FM Epoch 93] loss: 0.606124
  [Eval loss: 0.623958]
[FM Epoch 94] loss: 0.596992
[FM Epoch 95] loss: 0.597400
[FM Epoch 96] loss: 0.599663
  [Eval loss: 0.601705]
  ✅ New best eval_loss=0.601705 at epoch 96 -> saved UNET/unet_fm_best.pt
[FM Epoch 97] loss: 0.598682
[FM Epoch 98] loss: 0.591974
[FM Epoch 99] loss: 0.602041
  [Eval loss: 0.606126]
[FM Epoch 100] loss: 0.590651
[FM Epoch 101] loss: 0.595698
[FM Epoch 102] loss: 0.594224
  [Eval loss: 0.615383]
[FM Epoch 103] loss: 0.594062
[FM Epoch 104] loss: 0.594908
[FM Epoch 105] loss: 0.595100
  [Eval loss: 0.624815]
[FM Epoch 106] loss: 0.589844
[FM Epoch 107] loss: 0.590459
[FM Epoch 108] loss: 0.592999
  [Eval loss: 0.610093]
[FM Epoch 109] loss: 0.594097
[FM Epoch 110] loss: 0.591930
[FM Epoch 111] loss: 0.591239
  [Eval loss: 0.618311]
[FM Epoch 112] loss: 0.590006
[FM Epoch 113] loss: 0.596750
[FM Epoch 114] loss: 0.592960
  [Eval loss: 0.624581]
[FM Epoch 115] loss: 0.589340
[FM Epoch 116] loss: 0.590936
[FM Epoch 117] loss: 0.593841
  [Eval loss: 0.608390]
[FM Epoch 118] loss: 0.589170
[FM Epoch 119] loss: 0.587197
[FM Epoch 120] loss: 0.586393
  [Eval loss: 0.609500]
[AugmentSchedule] decay: epoch=120 p_crop=0.000 p_rot=0.000 p_hflip=0.600
[AugmentSchedule] decay: epoch=120 p_crop=0.000 p_rot=0.000 p_hflip=0.600
[FM Epoch 121] loss: 0.593864
[FM Epoch 122] loss: 0.587476
[FM Epoch 123] loss: 0.582906
  [Eval loss: 0.607587]
[FM Epoch 124] loss: 0.587038
[FM Epoch 125] loss: 0.586190
[FM Epoch 126] loss: 0.587948
  [Eval loss: 0.601188]
  ✅ New best eval_loss=0.601188 at epoch 126 -> saved UNET/unet_fm_best.pt
[FM Epoch 127] loss: 0.585518
[FM Epoch 128] loss: 0.588559
[FM Epoch 129] loss: 0.590981
  [Eval loss: 0.612335]
[FM Epoch 130] loss: 0.586823
[FM Epoch 131] loss: 0.585272
[FM Epoch 132] loss: 0.584435
  [Eval loss: 0.609944]
[FM Epoch 133] loss: 0.585706
[FM Epoch 134] loss: 0.589010
[FM Epoch 135] loss: 0.583663
  [Eval loss: 0.604292]
[FM Epoch 136] loss: 0.585428
[FM Epoch 137] loss: 0.581077
[FM Epoch 138] loss: 0.580590
  [Eval loss: 0.611086]
[FM Epoch 139] loss: 0.582025
[FM Epoch 140] loss: 0.579185
[FM Epoch 141] loss: 0.585713
  [Eval loss: 0.609914]
[FM Epoch 142] loss: 0.582314
[FM Epoch 143] loss: 0.582333
[FM Epoch 144] loss: 0.586633
  [Eval loss: 0.610344]
[FM Epoch 145] loss: 0.578351
[FM Epoch 146] loss: 0.574575
[FM Epoch 147] loss: 0.584839
  [Eval loss: 0.597851]
  ✅ New best eval_loss=0.597851 at epoch 147 -> saved UNET/unet_fm_best.pt
[FM Epoch 148] loss: 0.576680
[FM Epoch 149] loss: 0.578761
[FM Epoch 150] loss: 0.578811
  [Eval loss: 0.613095]
[FM Epoch 151] loss: 0.580590
[FM Epoch 152] loss: 0.579068
[FM Epoch 153] loss: 0.577392
  [Eval loss: 0.606551]
[FM Epoch 154] loss: 0.576600
[FM Epoch 155] loss: 0.581752
[FM Epoch 156] loss: 0.581728
  [Eval loss: 0.605136]
[FM Epoch 157] loss: 0.574051
[FM Epoch 158] loss: 0.578155
[FM Epoch 159] loss: 0.578074
  [Eval loss: 0.602602]
[FM Epoch 160] loss: 0.574359
[FM Epoch 161] loss: 0.575841
[FM Epoch 162] loss: 0.574244
  [Eval loss: 0.601517]
[FM Epoch 163] loss: 0.571332
[FM Epoch 164] loss: 0.582038
[FM Epoch 165] loss: 0.578820
  [Eval loss: 0.610911]
[FM Epoch 166] loss: 0.570043
[FM Epoch 167] loss: 0.572370
[FM Epoch 168] loss: 0.567821
  [Eval loss: 0.610159]
[FM Epoch 169] loss: 0.570315
[FM Epoch 170] loss: 0.581093
[FM Epoch 171] loss: 0.570746
  [Eval loss: 0.612019]
[FM Epoch 172] loss: 0.568805
[FM Epoch 173] loss: 0.575724
[FM Epoch 174] loss: 0.570801
  [Eval loss: 0.604050]
[FM Epoch 175] loss: 0.566721
[FM Epoch 176] loss: 0.571076
[FM Epoch 177] loss: 0.570700
  [Eval loss: 0.613419]
[FM Epoch 178] loss: 0.570664
[FM Epoch 179] loss: 0.572062
[FM Epoch 180] loss: 0.570381
  [Eval loss: 0.620046]
[FM Epoch 181] loss: 0.570951
[FM Epoch 182] loss: 0.570689
[FM Epoch 183] loss: 0.573129
  [Eval loss: 0.606580]
[FM Epoch 184] loss: 0.569497
[FM Epoch 185] loss: 0.572446
[FM Epoch 186] loss: 0.567747
  [Eval loss: 0.603540]
[FM Epoch 187] loss: 0.565230
[FM Epoch 188] loss: 0.568218
[FM Epoch 189] loss: 0.567062
  [Eval loss: 0.601291]
[FM Epoch 190] loss: 0.569180
[FM Epoch 191] loss: 0.568681
[FM Epoch 192] loss: 0.568645
  [Eval loss: 0.607301]
[FM Epoch 193] loss: 0.567627
[FM Epoch 194] loss: 0.565231
[FM Epoch 195] loss: 0.565091
  [Eval loss: 0.604027]
[FM Epoch 196] loss: 0.559672
[FM Epoch 197] loss: 0.566011
[FM Epoch 198] loss: 0.563084
  [Eval loss: 0.617686]
[FM Epoch 199] loss: 0.560134
[FM Epoch 200] loss: 0.562966
[FM Epoch 201] loss: 0.558158
  [Eval loss: 0.607631]
[FM Epoch 202] loss: 0.563698
[FM Epoch 203] loss: 0.569924
[FM Epoch 204] loss: 0.562551
  [Eval loss: 0.605935]
[FM Epoch 205] loss: 0.565260
[FM Epoch 206] loss: 0.561668
[FM Epoch 207] loss: 0.558366
  [Eval loss: 0.617275]
[FM Epoch 208] loss: 0.560142
[FM Epoch 209] loss: 0.561331
[FM Epoch 210] loss: 0.562961
  [Eval loss: 0.604093]
[FM Epoch 211] loss: 0.553938
[FM Epoch 212] loss: 0.562745
[FM Epoch 213] loss: 0.561913
  [Eval loss: 0.606583]
[FM Epoch 214] loss: 0.564291
[FM Epoch 215] loss: 0.562769
[FM Epoch 216] loss: 0.561367
  [Eval loss: 0.607146]
[FM Epoch 217] loss: 0.558183
[FM Epoch 218] loss: 0.560281
[FM Epoch 219] loss: 0.558750
  [Eval loss: 0.622863]
[FM Epoch 220] loss: 0.557556
[FM Epoch 221] loss: 0.557124
[FM Epoch 222] loss: 0.560742
  [Eval loss: 0.608265]
[FM Epoch 223] loss: 0.555749
[FM Epoch 224] loss: 0.559127
[FM Epoch 225] loss: 0.561031
  [Eval loss: 0.608709]
[FM Epoch 226] loss: 0.558304
[FM Epoch 227] loss: 0.557750
[FM Epoch 228] loss: 0.560068
  [Eval loss: 0.612675]
[FM Epoch 229] loss: 0.554466
[FM Epoch 230] loss: 0.555439
[FM Epoch 231] loss: 0.553871
  [Eval loss: 0.610996]
[FM Epoch 232] loss: 0.559803
[FM Epoch 233] loss: 0.552575
[FM Epoch 234] loss: 0.556113
  [Eval loss: 0.608715]
[FM Epoch 235] loss: 0.562715
[FM Epoch 236] loss: 0.559781
[FM Epoch 237] loss: 0.550669
  [Eval loss: 0.618033]
[FM Epoch 238] loss: 0.553711
[FM Epoch 239] loss: 0.550727
[FM Epoch 240] loss: 0.551292
  [Eval loss: 0.617425]
[FM Epoch 241] loss: 0.555480
[FM Epoch 242] loss: 0.553664
[FM Epoch 243] loss: 0.553267
  [Eval loss: 0.613420]
[FM Epoch 244] loss: 0.559618
[FM Epoch 245] loss: 0.550321
[FM Epoch 246] loss: 0.552431
  [Eval loss: 0.601147]
[FM Epoch 247] loss: 0.552835
[FM Epoch 248] loss: 0.554720
[FM Epoch 249] loss: 0.550293
  [Eval loss: 0.623059]
[FM Epoch 250] loss: 0.547240
[FM Epoch 251] loss: 0.551993
[FM Epoch 252] loss: 0.551805
  [Eval loss: 0.627522]
[FM Epoch 253] loss: 0.552654
[FM Epoch 254] loss: 0.548851
[FM Epoch 255] loss: 0.550539
  [Eval loss: 0.609220]
[FM Epoch 256] loss: 0.544143
[FM Epoch 257] loss: 0.548114
[FM Epoch 258] loss: 0.548511
  [Eval loss: 0.612086]
[FM Epoch 259] loss: 0.547445
[FM Epoch 260] loss: 0.551313
[FM Epoch 261] loss: 0.552513
  [Eval loss: 0.618161]
[FM Epoch 262] loss: 0.549319
[FM Epoch 263] loss: 0.550550
[FM Epoch 264] loss: 0.548910
  [Eval loss: 0.614044]
[FM Epoch 265] loss: 0.548518
[FM Epoch 266] loss: 0.555028
[FM Epoch 267] loss: 0.548790
  [Eval loss: 0.623731]
[FM Epoch 268] loss: 0.547720
[FM Epoch 269] loss: 0.546944
[FM Epoch 270] loss: 0.548630
  [Eval loss: 0.618522]
[FM Epoch 271] loss: 0.547567
[FM Epoch 272] loss: 0.549081
[FM Epoch 273] loss: 0.544107
  [Eval loss: 0.616640]
[FM Epoch 274] loss: 0.547782
[FM Epoch 275] loss: 0.552566
[FM Epoch 276] loss: 0.550246
  [Eval loss: 0.600128]
[FM Epoch 277] loss: 0.552157
[FM Epoch 278] loss: 0.546077
[FM Epoch 279] loss: 0.551533
  [Eval loss: 0.622609]
[FM Epoch 280] loss: 0.546992
[FM Epoch 281] loss: 0.547719
[FM Epoch 282] loss: 0.549835
  [Eval loss: 0.610533]
[FM Epoch 283] loss: 0.547685
[FM Epoch 284] loss: 0.545453
[FM Epoch 285] loss: 0.543929
  [Eval loss: 0.609891]
[FM Epoch 286] loss: 0.546005
[FM Epoch 287] loss: 0.542110
[FM Epoch 288] loss: 0.545640
  [Eval loss: 0.610159]
[FM Epoch 289] loss: 0.545299
[FM Epoch 290] loss: 0.546772
[FM Epoch 291] loss: 0.545797
  [Eval loss: 0.617034]
[FM Epoch 292] loss: 0.546911
[FM Epoch 293] loss: 0.548923
[FM Epoch 294] loss: 0.542197
  [Eval loss: 0.613330]
[FM Epoch 295] loss: 0.540936
[FM Epoch 296] loss: 0.541266
[FM Epoch 297] loss: 0.541851
  [Eval loss: 0.613756]
[FM Epoch 298] loss: 0.540584
[FM Epoch 299] loss: 0.540621
[FM Epoch 300] loss: 0.545586
  [Eval loss: 0.611553]
