Host: kn172
Start time: Mon May 25 11:56:38 EDT 2026
Project root: /project/6109890/bacobax2/ir-generative-study
Conda env: diffusers-dev
Config: /project/6109890/bacobax2/ir-generative-study/configs/fm/train/presets/uncond_latent_flir_sd15_512_b64_hflip_ot_train_5000.yaml
CUDA_VISIBLE_DEVICES: 0
SLURM_JOB_ID: 3749732
SLURM_SUBMIT_DIR: /project/6109890/bacobax2/ir-generative-study
/home/bacobax2/miniforge3/envs/diffusers-dev/bin/python
Python 3.10.20
Configured batch size:
Configured horizontal flip probabilities:
Configured path mode:
Configured mixed precision:
Mon May 25 11:56:39 2026       
+-----------------------------------------------------------------------------------------+
| NVIDIA-SMI 580.159.03             Driver Version: 580.159.03     CUDA Version: 13.0     |
+-----------------------------------------+------------------------+----------------------+
| GPU  Name                 Persistence-M | Bus-Id          Disp.A | Volatile Uncorr. ECC |
| Fan  Temp   Perf          Pwr:Usage/Cap |           Memory-Usage | GPU-Util  Compute M. |
|                                         |                        |               MIG M. |
|=========================================+========================+======================|
|   0  NVIDIA H100 80GB HBM3          Off |   00000000:CB:00.0 Off |                    0 |
| N/A   40C    P0             71W /  700W |       0MiB /  81559MiB |      0%      Default |
|                                         |                        |             Disabled |
+-----------------------------------------+------------------------+----------------------+

+-----------------------------------------------------------------------------------------+
| Processes:                                                                              |
|  GPU   GI   CI              PID   Type   Process name                        GPU Memory |
|        ID   ID                                                               Usage      |
|=========================================================================================|
|  No running processes found                                                             |
+-----------------------------------------------------------------------------------------+
[AugmentSchedule] start: epoch=0 p_crop=0.000 p_rot=0.000 p_hflip=0.000
[AugmentSchedule] start: epoch=0 p_crop=0.000 p_rot=0.000 p_hflip=0.000
[AugmentSchedule] warmup: epoch=0 p_crop=0.000 p_rot=0.000 p_hflip=0.000
[FM Precision] requested='auto' -> using 'bf16' on device=cuda
[AugmentSchedule] warmup: epoch=0 p_crop=0.000 p_rot=0.000 p_hflip=0.000
[FM Epoch 1] loss: 1.187048
[FM Epoch 2] loss: 0.806681
[FM Epoch 3] loss: 0.750482
  [Eval loss: 1.399143]
  ✅ New best eval_loss=1.399143 at epoch 3 -> saved UNET/unet_fm_best.pt
[FM Epoch 4] loss: 0.726027
[FM Epoch 5] loss: 0.714199
[FM Epoch 6] loss: 0.699878
  [Eval loss: 1.050401]
  ✅ New best eval_loss=1.050401 at epoch 6 -> saved UNET/unet_fm_best.pt
[FM Epoch 7] loss: 0.689195
[FM Epoch 8] loss: 0.686728
[FM Epoch 9] loss: 0.676121
  [Eval loss: 0.868391]
  ✅ New best eval_loss=0.868391 at epoch 9 -> saved UNET/unet_fm_best.pt
[FM Epoch 10] loss: 0.671639
[FM Epoch 11] loss: 0.665627
[FM Epoch 12] loss: 0.660827
  [Eval loss: 0.766583]
  ✅ New best eval_loss=0.766583 at epoch 12 -> saved UNET/unet_fm_best.pt
[FM Epoch 13] loss: 0.651854
[FM Epoch 14] loss: 0.657399
[FM Epoch 15] loss: 0.655443
  [Eval loss: 0.722505]
  ✅ New best eval_loss=0.722505 at epoch 15 -> saved UNET/unet_fm_best.pt
[FM Epoch 16] loss: 0.648254
[FM Epoch 17] loss: 0.652148
[FM Epoch 18] loss: 0.640726
  [Eval loss: 0.690782]
  ✅ New best eval_loss=0.690782 at epoch 18 -> saved UNET/unet_fm_best.pt
[FM Epoch 19] loss: 0.643205
[FM Epoch 20] loss: 0.636627
[FM Epoch 21] loss: 0.638538
  [Eval loss: 0.672041]
  ✅ New best eval_loss=0.672041 at epoch 21 -> saved UNET/unet_fm_best.pt
[FM Epoch 22] loss: 0.634441
[FM Epoch 23] loss: 0.636374
[FM Epoch 24] loss: 0.631742
  [Eval loss: 0.661506]
  ✅ New best eval_loss=0.661506 at epoch 24 -> saved UNET/unet_fm_best.pt
[FM Epoch 25] loss: 0.633546
[FM Epoch 26] loss: 0.629813
[FM Epoch 27] loss: 0.631855
  [Eval loss: 0.656490]
  ✅ New best eval_loss=0.656490 at epoch 27 -> saved UNET/unet_fm_best.pt
[FM Epoch 28] loss: 0.628536
[FM Epoch 29] loss: 0.626731
[FM Epoch 30] loss: 0.628467
  [Eval loss: 0.651635]
  ✅ New best eval_loss=0.651635 at epoch 30 -> saved UNET/unet_fm_best.pt
[AugmentSchedule] ramp: epoch=30 p_crop=0.000 p_rot=0.000 p_hflip=0.000
[AugmentSchedule] ramp: epoch=30 p_crop=0.000 p_rot=0.000 p_hflip=0.000
[FM Epoch 31] loss: 0.626359
[FM Epoch 32] loss: 0.628053
[FM Epoch 33] loss: 0.621547
  [Eval loss: 0.652742]
[FM Epoch 34] loss: 0.621064
[FM Epoch 35] loss: 0.620121
[FM Epoch 36] loss: 0.624875
  [Eval loss: 0.620201]
  ✅ New best eval_loss=0.620201 at epoch 36 -> saved UNET/unet_fm_best.pt
[FM Epoch 37] loss: 0.617091
[FM Epoch 38] loss: 0.622773
[FM Epoch 39] loss: 0.615982
  [Eval loss: 0.632513]
[FM Epoch 40] loss: 0.614044
[FM Epoch 41] loss: 0.616500
[FM Epoch 42] loss: 0.611408
  [Eval loss: 0.623511]
[FM Epoch 43] loss: 0.617855
[FM Epoch 44] loss: 0.611925
[FM Epoch 45] loss: 0.614663
  [Eval loss: 0.625860]
[FM Epoch 46] loss: 0.605712
[FM Epoch 47] loss: 0.620952
[FM Epoch 48] loss: 0.611732
  [Eval loss: 0.639758]
[FM Epoch 49] loss: 0.613071
[FM Epoch 50] loss: 0.611620
[FM Epoch 51] loss: 0.610180
  [Eval loss: 0.623617]
[FM Epoch 52] loss: 0.607711
[FM Epoch 53] loss: 0.606506
[FM Epoch 54] loss: 0.608684
  [Eval loss: 0.618983]
  ✅ New best eval_loss=0.618983 at epoch 54 -> saved UNET/unet_fm_best.pt
[FM Epoch 55] loss: 0.607583
[FM Epoch 56] loss: 0.607701
[FM Epoch 57] loss: 0.606682
  [Eval loss: 0.624869]
[FM Epoch 58] loss: 0.605997
[FM Epoch 59] loss: 0.602459
[FM Epoch 60] loss: 0.605261
  [Eval loss: 0.612582]
  ✅ New best eval_loss=0.612582 at epoch 60 -> saved UNET/unet_fm_best.pt
[FM Epoch 61] loss: 0.606603
[FM Epoch 62] loss: 0.609500
[FM Epoch 63] loss: 0.608856
  [Eval loss: 0.621011]
[FM Epoch 64] loss: 0.606223
[FM Epoch 65] loss: 0.605263
[FM Epoch 66] loss: 0.597296
  [Eval loss: 0.618970]
[FM Epoch 67] loss: 0.602621
[FM Epoch 68] loss: 0.601886
[FM Epoch 69] loss: 0.597217
  [Eval loss: 0.615720]
[FM Epoch 70] loss: 0.606482
[FM Epoch 71] loss: 0.603394
[FM Epoch 72] loss: 0.596818
  [Eval loss: 0.616991]
[FM Epoch 73] loss: 0.600133
[FM Epoch 74] loss: 0.602794
[FM Epoch 75] loss: 0.600403
  [Eval loss: 0.605991]
  ✅ New best eval_loss=0.605991 at epoch 75 -> saved UNET/unet_fm_best.pt
[FM Epoch 76] loss: 0.601324
[FM Epoch 77] loss: 0.601932
[FM Epoch 78] loss: 0.602440
  [Eval loss: 0.612925]
[FM Epoch 79] loss: 0.597627
[FM Epoch 80] loss: 0.605300
[FM Epoch 81] loss: 0.601541
  [Eval loss: 0.617075]
[FM Epoch 82] loss: 0.595387
[FM Epoch 83] loss: 0.598738
[FM Epoch 84] loss: 0.599351
  [Eval loss: 0.610632]
[FM Epoch 85] loss: 0.604043
[FM Epoch 86] loss: 0.595395
[FM Epoch 87] loss: 0.598826
  [Eval loss: 0.617811]
[FM Epoch 88] loss: 0.599885
[FM Epoch 89] loss: 0.595102
[FM Epoch 90] loss: 0.601741
  [Eval loss: 0.616112]
[FM Epoch 91] loss: 0.597571
[FM Epoch 92] loss: 0.594015
[FM Epoch 93] loss: 0.593103
  [Eval loss: 0.611208]
[FM Epoch 94] loss: 0.599394
[FM Epoch 95] loss: 0.591024
[FM Epoch 96] loss: 0.595739
  [Eval loss: 0.618990]
[FM Epoch 97] loss: 0.590587
[FM Epoch 98] loss: 0.593023
[FM Epoch 99] loss: 0.587401
  [Eval loss: 0.610664]
[FM Epoch 100] loss: 0.592755
[FM Epoch 101] loss: 0.597478
[FM Epoch 102] loss: 0.597392
  [Eval loss: 0.618645]
[FM Epoch 103] loss: 0.592492
[FM Epoch 104] loss: 0.598095
[FM Epoch 105] loss: 0.594515
  [Eval loss: 0.612039]
[FM Epoch 106] loss: 0.592086
[FM Epoch 107] loss: 0.591898
[FM Epoch 108] loss: 0.592507
  [Eval loss: 0.610077]
[FM Epoch 109] loss: 0.585560
[FM Epoch 110] loss: 0.599660
[FM Epoch 111] loss: 0.585704
  [Eval loss: 0.603521]
  ✅ New best eval_loss=0.603521 at epoch 111 -> saved UNET/unet_fm_best.pt
[FM Epoch 112] loss: 0.591356
[FM Epoch 113] loss: 0.589448
[FM Epoch 114] loss: 0.593245
  [Eval loss: 0.610147]
[FM Epoch 115] loss: 0.590638
[FM Epoch 116] loss: 0.588602
[FM Epoch 117] loss: 0.587491
  [Eval loss: 0.610222]
[FM Epoch 118] loss: 0.589342
[FM Epoch 119] loss: 0.586789
[FM Epoch 120] loss: 0.592281
  [Eval loss: 0.610027]
[AugmentSchedule] decay: epoch=120 p_crop=0.000 p_rot=0.000 p_hflip=0.600
[AugmentSchedule] decay: epoch=120 p_crop=0.000 p_rot=0.000 p_hflip=0.600
[FM Epoch 121] loss: 0.586134
[FM Epoch 122] loss: 0.585762
[FM Epoch 123] loss: 0.584879
  [Eval loss: 0.611236]
[FM Epoch 124] loss: 0.588088
[FM Epoch 125] loss: 0.585226
[FM Epoch 126] loss: 0.585267
  [Eval loss: 0.609039]
[FM Epoch 127] loss: 0.587242
[FM Epoch 128] loss: 0.590818
[FM Epoch 129] loss: 0.583713
  [Eval loss: 0.607214]
[FM Epoch 130] loss: 0.584929
[FM Epoch 131] loss: 0.585418
[FM Epoch 132] loss: 0.587372
  [Eval loss: 0.615304]
[FM Epoch 133] loss: 0.584751
[FM Epoch 134] loss: 0.586480
[FM Epoch 135] loss: 0.583316
  [Eval loss: 0.599534]
  ✅ New best eval_loss=0.599534 at epoch 135 -> saved UNET/unet_fm_best.pt
[FM Epoch 136] loss: 0.585200
[FM Epoch 137] loss: 0.579050
[FM Epoch 138] loss: 0.581006
  [Eval loss: 0.607359]
[FM Epoch 139] loss: 0.580780
[FM Epoch 140] loss: 0.578568
[FM Epoch 141] loss: 0.578858
  [Eval loss: 0.600763]
[FM Epoch 142] loss: 0.586847
[FM Epoch 143] loss: 0.581113
[FM Epoch 144] loss: 0.578450
  [Eval loss: 0.616624]
[FM Epoch 145] loss: 0.582714
[FM Epoch 146] loss: 0.580517
[FM Epoch 147] loss: 0.577507
  [Eval loss: 0.608181]
[FM Epoch 148] loss: 0.577865
[FM Epoch 149] loss: 0.578709
[FM Epoch 150] loss: 0.583421
  [Eval loss: 0.609219]
[FM Epoch 151] loss: 0.574212
[FM Epoch 152] loss: 0.582103
[FM Epoch 153] loss: 0.574974
  [Eval loss: 0.612804]
[FM Epoch 154] loss: 0.575287
[FM Epoch 155] loss: 0.568548
[FM Epoch 156] loss: 0.578035
  [Eval loss: 0.600732]
[FM Epoch 157] loss: 0.572249
[FM Epoch 158] loss: 0.578809
[FM Epoch 159] loss: 0.573355
  [Eval loss: 0.609542]
[FM Epoch 160] loss: 0.575472
[FM Epoch 161] loss: 0.577509
[FM Epoch 162] loss: 0.574405
  [Eval loss: 0.613843]
[FM Epoch 163] loss: 0.574613
[FM Epoch 164] loss: 0.572102
[FM Epoch 165] loss: 0.574762
  [Eval loss: 0.611156]
[FM Epoch 166] loss: 0.566705
[FM Epoch 167] loss: 0.573953
[FM Epoch 168] loss: 0.574729
  [Eval loss: 0.614844]
[FM Epoch 169] loss: 0.569066
[FM Epoch 170] loss: 0.570252
[FM Epoch 171] loss: 0.573915
  [Eval loss: 0.618771]
[FM Epoch 172] loss: 0.575035
[FM Epoch 173] loss: 0.570333
[FM Epoch 174] loss: 0.577897
  [Eval loss: 0.601830]
[FM Epoch 175] loss: 0.571051
[FM Epoch 176] loss: 0.571569
[FM Epoch 177] loss: 0.571975
  [Eval loss: 0.610191]
[FM Epoch 178] loss: 0.567065
[FM Epoch 179] loss: 0.568870
[FM Epoch 180] loss: 0.570097
  [Eval loss: 0.601887]
[FM Epoch 181] loss: 0.570009
[FM Epoch 182] loss: 0.568049
[FM Epoch 183] loss: 0.567579
  [Eval loss: 0.606634]
[FM Epoch 184] loss: 0.571250
[FM Epoch 185] loss: 0.566845
[FM Epoch 186] loss: 0.573076
  [Eval loss: 0.605740]
[FM Epoch 187] loss: 0.566788
[FM Epoch 188] loss: 0.565320
[FM Epoch 189] loss: 0.567590
  [Eval loss: 0.612133]
[FM Epoch 190] loss: 0.571364
[FM Epoch 191] loss: 0.562724
[FM Epoch 192] loss: 0.563448
  [Eval loss: 0.608115]
[FM Epoch 193] loss: 0.567575
[FM Epoch 194] loss: 0.566525
[FM Epoch 195] loss: 0.567607
  [Eval loss: 0.604369]
[FM Epoch 196] loss: 0.560212
[FM Epoch 197] loss: 0.566200
[FM Epoch 198] loss: 0.558180
  [Eval loss: 0.600949]
[FM Epoch 199] loss: 0.559961
[FM Epoch 200] loss: 0.561895
[FM Epoch 201] loss: 0.560516
  [Eval loss: 0.614892]
[FM Epoch 202] loss: 0.559527
[FM Epoch 203] loss: 0.561123
[FM Epoch 204] loss: 0.562233
  [Eval loss: 0.613672]
[FM Epoch 205] loss: 0.564358
[FM Epoch 206] loss: 0.562891
[FM Epoch 207] loss: 0.561651
  [Eval loss: 0.607051]
[FM Epoch 208] loss: 0.560636
[FM Epoch 209] loss: 0.563251
[FM Epoch 210] loss: 0.559560
  [Eval loss: 0.618054]
[FM Epoch 211] loss: 0.557151
[FM Epoch 212] loss: 0.564299
[FM Epoch 213] loss: 0.561625
  [Eval loss: 0.613227]
[FM Epoch 214] loss: 0.556094
[FM Epoch 215] loss: 0.556446
[FM Epoch 216] loss: 0.560807
  [Eval loss: 0.596925]
  ✅ New best eval_loss=0.596925 at epoch 216 -> saved UNET/unet_fm_best.pt
[FM Epoch 217] loss: 0.557309
[FM Epoch 218] loss: 0.555727
[FM Epoch 219] loss: 0.562870
  [Eval loss: 0.597183]
[FM Epoch 220] loss: 0.560422
[FM Epoch 221] loss: 0.559308
[FM Epoch 222] loss: 0.560599
  [Eval loss: 0.618428]
[FM Epoch 223] loss: 0.563620
[FM Epoch 224] loss: 0.556742
[FM Epoch 225] loss: 0.556975
  [Eval loss: 0.616954]
[FM Epoch 226] loss: 0.556761
[FM Epoch 227] loss: 0.554171
[FM Epoch 228] loss: 0.552815
  [Eval loss: 0.617636]
[FM Epoch 229] loss: 0.552569
[FM Epoch 230] loss: 0.557183
[FM Epoch 231] loss: 0.560831
  [Eval loss: 0.604357]
[FM Epoch 232] loss: 0.551742
[FM Epoch 233] loss: 0.551913
[FM Epoch 234] loss: 0.555861
  [Eval loss: 0.611339]
[FM Epoch 235] loss: 0.560633
[FM Epoch 236] loss: 0.550544
[FM Epoch 237] loss: 0.552339
  [Eval loss: 0.604561]
[FM Epoch 238] loss: 0.551809
[FM Epoch 239] loss: 0.555776
[FM Epoch 240] loss: 0.555660
  [Eval loss: 0.606070]
[FM Epoch 241] loss: 0.550319
[FM Epoch 242] loss: 0.548293
[FM Epoch 243] loss: 0.552924
  [Eval loss: 0.615067]
[FM Epoch 244] loss: 0.550811
[FM Epoch 245] loss: 0.546743
[FM Epoch 246] loss: 0.544458
  [Eval loss: 0.611959]
[FM Epoch 247] loss: 0.547398
[FM Epoch 248] loss: 0.555259
[FM Epoch 249] loss: 0.549285
  [Eval loss: 0.617550]
[FM Epoch 250] loss: 0.547135
[FM Epoch 251] loss: 0.552816
[FM Epoch 252] loss: 0.551271
  [Eval loss: 0.618651]
[FM Epoch 253] loss: 0.548800
[FM Epoch 254] loss: 0.549424
[FM Epoch 255] loss: 0.547792
  [Eval loss: 0.606913]
[FM Epoch 256] loss: 0.555134
[FM Epoch 257] loss: 0.549607
[FM Epoch 258] loss: 0.543233
  [Eval loss: 0.609831]
[FM Epoch 259] loss: 0.550596
[FM Epoch 260] loss: 0.547656
[FM Epoch 261] loss: 0.543946
  [Eval loss: 0.613163]
[FM Epoch 262] loss: 0.548839
[FM Epoch 263] loss: 0.550744
[FM Epoch 264] loss: 0.544958
  [Eval loss: 0.611948]
[FM Epoch 265] loss: 0.549077
[FM Epoch 266] loss: 0.550037
[FM Epoch 267] loss: 0.550419
  [Eval loss: 0.616191]
[FM Epoch 268] loss: 0.546902
[FM Epoch 269] loss: 0.546816
[FM Epoch 270] loss: 0.549372
  [Eval loss: 0.614076]
[FM Epoch 271] loss: 0.549662
[FM Epoch 272] loss: 0.545602
[FM Epoch 273] loss: 0.544628
  [Eval loss: 0.614919]
[FM Epoch 274] loss: 0.552855
[FM Epoch 275] loss: 0.548074
[FM Epoch 276] loss: 0.545545
  [Eval loss: 0.618917]
[FM Epoch 277] loss: 0.542889
[FM Epoch 278] loss: 0.545957
[FM Epoch 279] loss: 0.548951
  [Eval loss: 0.618922]
[FM Epoch 280] loss: 0.548296
[FM Epoch 281] loss: 0.547599
[FM Epoch 282] loss: 0.547751
  [Eval loss: 0.606569]
[FM Epoch 283] loss: 0.544131
[FM Epoch 284] loss: 0.549082
[FM Epoch 285] loss: 0.544845
  [Eval loss: 0.622415]
[FM Epoch 286] loss: 0.547803
[FM Epoch 287] loss: 0.542318
[FM Epoch 288] loss: 0.536741
  [Eval loss: 0.605985]
[FM Epoch 289] loss: 0.539363
[FM Epoch 290] loss: 0.546530
[FM Epoch 291] loss: 0.543678
  [Eval loss: 0.610260]
[FM Epoch 292] loss: 0.544987
[FM Epoch 293] loss: 0.543436
[FM Epoch 294] loss: 0.543442
  [Eval loss: 0.614045]
[FM Epoch 295] loss: 0.545354
[FM Epoch 296] loss: 0.544066
[FM Epoch 297] loss: 0.540442
  [Eval loss: 0.618147]
[FM Epoch 298] loss: 0.544593
[FM Epoch 299] loss: 0.550602
[FM Epoch 300] loss: 0.536116
  [Eval loss: 0.615009]
