[HorizontalFlipSchedule] start: epoch=0 p_hflip=0.000
[load_unet_weights] target=unet.base_model strict=True
  Missing RegionDiff adapter keys were initialized from scratch (66 keys).
[FM Precision] requested='auto' -> using 'bf16' on device=cuda
[HorizontalFlipSchedule] warmup: epoch=0 p_hflip=0.000
[SDUncond Epoch 1] loss: 0.137350
  [Eval loss: 0.153221]
  ✅ New best eval_loss=0.153221 at epoch 1 -> saved UNET/unet_sd_uncond_best.pt
[SDUncond Epoch 2] loss: 0.143623
  [Eval loss: 0.159284]
[SDUncond Epoch 3] loss: 0.137798
  [Eval loss: 0.147184]
  ✅ New best eval_loss=0.147184 at epoch 3 -> saved UNET/unet_sd_uncond_best.pt
[SDUncond Epoch 4] loss: 0.137636
  [Eval loss: 0.160565]
[SDUncond Epoch 5] loss: 0.136881
  [Eval loss: 0.155258]
[SDUncond Epoch 6] loss: 0.137623
  [Eval loss: 0.148280]
[SDUncond Epoch 7] loss: 0.135948
  [Eval loss: 0.156849]
[SDUncond Epoch 8] loss: 0.137379
  [Eval loss: 0.145943]
  ✅ New best eval_loss=0.145943 at epoch 8 -> saved UNET/unet_sd_uncond_best.pt
[HorizontalFlipSchedule] ramp: epoch=8 p_hflip=0.000
[SDUncond Epoch 9] loss: 0.138600
  [Eval loss: 0.156037]
[SDUncond Epoch 10] loss: 0.137920
  [Eval loss: 0.152215]
[SDUncond Epoch 11] loss: 0.135298
  [Eval loss: 0.158189]
[SDUncond Epoch 12] loss: 0.136879
  [Eval loss: 0.151976]
[SDUncond Epoch 13] loss: 0.137078
  [Eval loss: 0.145761]
  ✅ New best eval_loss=0.145761 at epoch 13 -> saved UNET/unet_sd_uncond_best.pt
[SDUncond Epoch 14] loss: 0.135601
  [Eval loss: 0.147943]
[SDUncond Epoch 15] loss: 0.137762
  [Eval loss: 0.155203]
[SDUncond Epoch 16] loss: 0.137003
  [Eval loss: 0.149840]
[SDUncond Epoch 17] loss: 0.139061
  [Eval loss: 0.151928]
[SDUncond Epoch 18] loss: 0.134889
  [Eval loss: 0.148714]
[SDUncond Epoch 19] loss: 0.135938
  [Eval loss: 0.148751]
[SDUncond Epoch 20] loss: 0.138661
  [Eval loss: 0.156129]
[SDUncond Epoch 21] loss: 0.133944
  [Eval loss: 0.160517]
[SDUncond Epoch 22] loss: 0.132470
  [Eval loss: 0.154136]
[SDUncond Epoch 23] loss: 0.136109
  [Eval loss: 0.155659]
[SDUncond Epoch 24] loss: 0.140610
  [Eval loss: 0.148326]
[SDUncond Epoch 25] loss: 0.135666
  [Eval loss: 0.155819]
[SDUncond Epoch 26] loss: 0.135634
  [Eval loss: 0.157400]
[SDUncond Epoch 27] loss: 0.136933
  [Eval loss: 0.148431]
[SDUncond Epoch 28] loss: 0.136387
  [Eval loss: 0.150079]
[SDUncond Epoch 29] loss: 0.136512
  [Eval loss: 0.147385]
[SDUncond Epoch 30] loss: 0.138725
  [Eval loss: 0.150845]
[SDUncond Epoch 31] loss: 0.137913
  [Eval loss: 0.160743]
[SDUncond Epoch 32] loss: 0.137119
  [Eval loss: 0.147059]
[HorizontalFlipSchedule] decay: epoch=32 p_hflip=0.600
[SDUncond Epoch 33] loss: 0.136302
  [Eval loss: 0.148264]
[SDUncond Epoch 34] loss: 0.134993
  [Eval loss: 0.147858]
[SDUncond Epoch 35] loss: 0.137873
  [Eval loss: 0.154964]
[SDUncond Epoch 36] loss: 0.134958
  [Eval loss: 0.151117]
[SDUncond Epoch 37] loss: 0.138130
  [Eval loss: 0.156300]
[SDUncond Epoch 38] loss: 0.138862
  [Eval loss: 0.142680]
  ✅ New best eval_loss=0.142680 at epoch 38 -> saved UNET/unet_sd_uncond_best.pt
[SDUncond Epoch 39] loss: 0.137181
  [Eval loss: 0.150940]
[SDUncond Epoch 40] loss: 0.135608
  [Eval loss: 0.146529]
[SDUncond Epoch 41] loss: 0.137436
  [Eval loss: 0.150805]
[SDUncond Epoch 42] loss: 0.138673
  [Eval loss: 0.145232]
[SDUncond Epoch 43] loss: 0.136452
  [Eval loss: 0.157171]
[SDUncond Epoch 44] loss: 0.139801
  [Eval loss: 0.153653]
[SDUncond Epoch 45] loss: 0.136536
  [Eval loss: 0.147529]
[SDUncond Epoch 46] loss: 0.137910
  [Eval loss: 0.160745]
[SDUncond Epoch 47] loss: 0.134270
  [Eval loss: 0.152155]
[SDUncond Epoch 48] loss: 0.136986
  [Eval loss: 0.147491]
[SDUncond Epoch 49] loss: 0.133803
  [Eval loss: 0.142358]
  ✅ New best eval_loss=0.142358 at epoch 49 -> saved UNET/unet_sd_uncond_best.pt
[SDUncond Epoch 50] loss: 0.139149
  [Eval loss: 0.148023]
[SDUncond Epoch 51] loss: 0.134784
  [Eval loss: 0.155253]
[SDUncond Epoch 52] loss: 0.138770
  [Eval loss: 0.145856]
[SDUncond Epoch 53] loss: 0.137039
  [Eval loss: 0.150672]
[SDUncond Epoch 54] loss: 0.137367
  [Eval loss: 0.145051]
[SDUncond Epoch 55] loss: 0.136200
  [Eval loss: 0.165249]
[SDUncond Epoch 56] loss: 0.136165
  [Eval loss: 0.151320]
[SDUncond Epoch 57] loss: 0.137679
  [Eval loss: 0.144798]
[SDUncond Epoch 58] loss: 0.138350
  [Eval loss: 0.143232]
[SDUncond Epoch 59] loss: 0.135678
  [Eval loss: 0.149422]
[SDUncond Epoch 60] loss: 0.136312
  [Eval loss: 0.154764]
[SDUncond Epoch 61] loss: 0.134919
  [Eval loss: 0.154947]
[SDUncond Epoch 62] loss: 0.134313
  [Eval loss: 0.157222]
[SDUncond Epoch 63] loss: 0.136394
  [Eval loss: 0.147754]
[SDUncond Epoch 64] loss: 0.137457
  [Eval loss: 0.144642]
[SDUncond Epoch 65] loss: 0.137973
  [Eval loss: 0.148241]
[SDUncond Epoch 66] loss: 0.138567
  [Eval loss: 0.152240]
[SDUncond Epoch 67] loss: 0.136291
  [Eval loss: 0.148909]
[SDUncond Epoch 68] loss: 0.136766
  [Eval loss: 0.156573]
[SDUncond Epoch 69] loss: 0.134817
  [Eval loss: 0.157683]
[SDUncond Epoch 70] loss: 0.134770
  [Eval loss: 0.149015]
[SDUncond Epoch 71] loss: 0.136794
  [Eval loss: 0.160415]
[SDUncond Epoch 72] loss: 0.138401
  [Eval loss: 0.149895]
[SDUncond Epoch 73] loss: 0.137870
  [Eval loss: 0.150332]
[SDUncond Epoch 74] loss: 0.137755
  [Eval loss: 0.145625]
[SDUncond Epoch 75] loss: 0.135092
  [Eval loss: 0.145963]
[SDUncond Epoch 76] loss: 0.139834
  [Eval loss: 0.146555]
[SDUncond Epoch 77] loss: 0.136770
  [Eval loss: 0.150451]
[SDUncond Epoch 78] loss: 0.135929
  [Eval loss: 0.147845]
[SDUncond Epoch 79] loss: 0.134900
  [Eval loss: 0.152006]
[SDUncond Epoch 80] loss: 0.138956
  [Eval loss: 0.152486]
