[AugmentSchedule] start: epoch=0 p_crop=0.000 p_rot=0.000
[AugmentSchedule] start: epoch=0 p_crop=0.000 p_rot=0.000
[AugmentSchedule] decay: epoch=0 p_crop=0.000 p_rot=0.000
[FM Precision] requested='auto' -> using 'bf16' on device=cuda
[AugmentSchedule] decay: epoch=0 p_crop=0.000 p_rot=0.000
[SDUncond Epoch 1] loss: 0.511719
[SDUncond Epoch 2] loss: 0.208850
[SDUncond Epoch 3] loss: 0.191556
  [Eval loss: 0.493339]
  ✅ New best eval_loss=0.493339 at epoch 3 -> saved UNET/unet_sd_uncond_best.pt
[SDUncond Epoch 4] loss: 0.183518
[SDUncond Epoch 5] loss: 0.178350
[SDUncond Epoch 6] loss: 0.173347
  [Eval loss: 0.228483]
  ✅ New best eval_loss=0.228483 at epoch 6 -> saved UNET/unet_sd_uncond_best.pt
[SDUncond Epoch 7] loss: 0.170897
[SDUncond Epoch 8] loss: 0.168131
[SDUncond Epoch 9] loss: 0.167701
  [Eval loss: 0.194378]
  ✅ New best eval_loss=0.194378 at epoch 9 -> saved UNET/unet_sd_uncond_best.pt
[SDUncond Epoch 10] loss: 0.167758
[SDUncond Epoch 11] loss: 0.164470
[SDUncond Epoch 12] loss: 0.160337
  [Eval loss: 0.171416]
  ✅ New best eval_loss=0.171416 at epoch 12 -> saved UNET/unet_sd_uncond_best.pt
[SDUncond Epoch 13] loss: 0.164289
[SDUncond Epoch 14] loss: 0.160785
[SDUncond Epoch 15] loss: 0.159664
  [Eval loss: 0.173226]
[SDUncond Epoch 16] loss: 0.159182
[SDUncond Epoch 17] loss: 0.156565
[SDUncond Epoch 18] loss: 0.157936
  [Eval loss: 0.165137]
  ✅ New best eval_loss=0.165137 at epoch 18 -> saved UNET/unet_sd_uncond_best.pt
[SDUncond Epoch 19] loss: 0.159961
[SDUncond Epoch 20] loss: 0.155608
[SDUncond Epoch 21] loss: 0.157364
  [Eval loss: 0.156149]
  ✅ New best eval_loss=0.156149 at epoch 21 -> saved UNET/unet_sd_uncond_best.pt
[SDUncond Epoch 22] loss: 0.156094
[SDUncond Epoch 23] loss: 0.151359
[SDUncond Epoch 24] loss: 0.152099
  [Eval loss: 0.160197]
[SDUncond Epoch 25] loss: 0.153745
[SDUncond Epoch 26] loss: 0.154785
[SDUncond Epoch 27] loss: 0.153001
  [Eval loss: 0.149216]
  ✅ New best eval_loss=0.149216 at epoch 27 -> saved UNET/unet_sd_uncond_best.pt
[SDUncond Epoch 28] loss: 0.153370
[SDUncond Epoch 29] loss: 0.152407
[SDUncond Epoch 30] loss: 0.152242
  [Eval loss: 0.156353]
[SDUncond Epoch 31] loss: 0.152541
[SDUncond Epoch 32] loss: 0.148650
[SDUncond Epoch 33] loss: 0.148389
  [Eval loss: 0.145313]
  ✅ New best eval_loss=0.145313 at epoch 33 -> saved UNET/unet_sd_uncond_best.pt
[SDUncond Epoch 34] loss: 0.149318
[SDUncond Epoch 35] loss: 0.150475
[SDUncond Epoch 36] loss: 0.149124
  [Eval loss: 0.140309]
  ✅ New best eval_loss=0.140309 at epoch 36 -> saved UNET/unet_sd_uncond_best.pt
[SDUncond Epoch 37] loss: 0.149318
[SDUncond Epoch 38] loss: 0.146413
[SDUncond Epoch 39] loss: 0.146259
  [Eval loss: 0.146331]
[SDUncond Epoch 40] loss: 0.146424
[SDUncond Epoch 41] loss: 0.146186
[SDUncond Epoch 42] loss: 0.148018
  [Eval loss: 0.143631]
[SDUncond Epoch 43] loss: 0.146700
[SDUncond Epoch 44] loss: 0.145525
[SDUncond Epoch 45] loss: 0.143836
  [Eval loss: 0.154034]
[SDUncond Epoch 46] loss: 0.145181
[SDUncond Epoch 47] loss: 0.145814
[SDUncond Epoch 48] loss: 0.146204
  [Eval loss: 0.142269]
[SDUncond Epoch 49] loss: 0.145076
[SDUncond Epoch 50] loss: 0.144822
[SDUncond Epoch 51] loss: 0.140248
  [Eval loss: 0.153607]
[SDUncond Epoch 52] loss: 0.143726
[SDUncond Epoch 53] loss: 0.141053
[SDUncond Epoch 54] loss: 0.143757
  [Eval loss: 0.156683]
[SDUncond Epoch 55] loss: 0.142463
[SDUncond Epoch 56] loss: 0.141760
[SDUncond Epoch 57] loss: 0.142519
  [Eval loss: 0.148209]
[SDUncond Epoch 58] loss: 0.139302
[SDUncond Epoch 59] loss: 0.139157
[SDUncond Epoch 60] loss: 0.139983
  [Eval loss: 0.153062]
[SDUncond Epoch 61] loss: 0.141110
[SDUncond Epoch 62] loss: 0.139994
[SDUncond Epoch 63] loss: 0.139664
  [Eval loss: 0.157214]
[SDUncond Epoch 64] loss: 0.140297
[SDUncond Epoch 65] loss: 0.137602
[SDUncond Epoch 66] loss: 0.139330
  [Eval loss: 0.149113]
[SDUncond Epoch 67] loss: 0.137910
[SDUncond Epoch 68] loss: 0.138403
[SDUncond Epoch 69] loss: 0.140527
  [Eval loss: 0.151521]
[SDUncond Epoch 70] loss: 0.138199
[SDUncond Epoch 71] loss: 0.135173
[SDUncond Epoch 72] loss: 0.135565
  [Eval loss: 0.153799]
[SDUncond Epoch 73] loss: 0.138960
[SDUncond Epoch 74] loss: 0.137510
[SDUncond Epoch 75] loss: 0.135907
  [Eval loss: 0.154400]
[SDUncond Epoch 76] loss: 0.137668
[SDUncond Epoch 77] loss: 0.135327
[SDUncond Epoch 78] loss: 0.138711
  [Eval loss: 0.160406]
[SDUncond Epoch 79] loss: 0.135513
[SDUncond Epoch 80] loss: 0.134592
[SDUncond Epoch 81] loss: 0.135046
  [Eval loss: 0.154098]
[SDUncond Epoch 82] loss: 0.134928
[SDUncond Epoch 83] loss: 0.136842
[SDUncond Epoch 84] loss: 0.133364
  [Eval loss: 0.149038]
[SDUncond Epoch 85] loss: 0.133653
[SDUncond Epoch 86] loss: 0.135996
[SDUncond Epoch 87] loss: 0.131648
  [Eval loss: 0.150805]
[SDUncond Epoch 88] loss: 0.133947
[SDUncond Epoch 89] loss: 0.134428
[SDUncond Epoch 90] loss: 0.130394
  [Eval loss: 0.150693]
[SDUncond Epoch 91] loss: 0.135120
[SDUncond Epoch 92] loss: 0.133440
[SDUncond Epoch 93] loss: 0.131649
  [Eval loss: 0.151608]
[SDUncond Epoch 94] loss: 0.132983
[SDUncond Epoch 95] loss: 0.131874
[SDUncond Epoch 96] loss: 0.130394
  [Eval loss: 0.151044]
[SDUncond Epoch 97] loss: 0.129034
[SDUncond Epoch 98] loss: 0.132240
[SDUncond Epoch 99] loss: 0.130576
  [Eval loss: 0.159340]
[SDUncond Epoch 100] loss: 0.128201
[SDUncond Epoch 101] loss: 0.128907
[SDUncond Epoch 102] loss: 0.127588
  [Eval loss: 0.154915]
[SDUncond Epoch 103] loss: 0.129173
[SDUncond Epoch 104] loss: 0.131457
[SDUncond Epoch 105] loss: 0.130600
  [Eval loss: 0.159801]
[SDUncond Epoch 106] loss: 0.131280
[SDUncond Epoch 107] loss: 0.128103
[SDUncond Epoch 108] loss: 0.127967
  [Eval loss: 0.161853]
[SDUncond Epoch 109] loss: 0.126269
[SDUncond Epoch 110] loss: 0.126592
[SDUncond Epoch 111] loss: 0.129466
  [Eval loss: 0.163684]
[SDUncond Epoch 112] loss: 0.127116
[SDUncond Epoch 113] loss: 0.128138
[SDUncond Epoch 114] loss: 0.127950
  [Eval loss: 0.166739]
[SDUncond Epoch 115] loss: 0.127454
[SDUncond Epoch 116] loss: 0.127486
[SDUncond Epoch 117] loss: 0.128099
  [Eval loss: 0.164673]
[SDUncond Epoch 118] loss: 0.127142
[SDUncond Epoch 119] loss: 0.127156
[SDUncond Epoch 120] loss: 0.122932
  [Eval loss: 0.150374]
[SDUncond Epoch 121] loss: 0.123921
[SDUncond Epoch 122] loss: 0.126126
[SDUncond Epoch 123] loss: 0.125234
  [Eval loss: 0.169064]
[SDUncond Epoch 124] loss: 0.122862
[SDUncond Epoch 125] loss: 0.123041
[SDUncond Epoch 126] loss: 0.123773
  [Eval loss: 0.150814]
[SDUncond Epoch 127] loss: 0.121178
[SDUncond Epoch 128] loss: 0.125349
[SDUncond Epoch 129] loss: 0.123032
  [Eval loss: 0.156221]
[SDUncond Epoch 130] loss: 0.121644
[SDUncond Epoch 131] loss: 0.122224
[SDUncond Epoch 132] loss: 0.122425
  [Eval loss: 0.171710]
[SDUncond Epoch 133] loss: 0.120522
[SDUncond Epoch 134] loss: 0.122356
[SDUncond Epoch 135] loss: 0.120362
  [Eval loss: 0.164611]
[SDUncond Epoch 136] loss: 0.122862
[SDUncond Epoch 137] loss: 0.121037
[SDUncond Epoch 138] loss: 0.120250
  [Eval loss: 0.161563]
[SDUncond Epoch 139] loss: 0.118508
[SDUncond Epoch 140] loss: 0.118967
[SDUncond Epoch 141] loss: 0.117525
  [Eval loss: 0.166155]
[SDUncond Epoch 142] loss: 0.115447
[SDUncond Epoch 143] loss: 0.117056
[SDUncond Epoch 144] loss: 0.116360
  [Eval loss: 0.163054]
[SDUncond Epoch 145] loss: 0.115066
[SDUncond Epoch 146] loss: 0.115060
[SDUncond Epoch 147] loss: 0.117935
  [Eval loss: 0.159250]
[SDUncond Epoch 148] loss: 0.116329
[SDUncond Epoch 149] loss: 0.116950
[SDUncond Epoch 150] loss: 0.114035
  [Eval loss: 0.176936]
[SDUncond Epoch 151] loss: 0.112292
[SDUncond Epoch 152] loss: 0.117677
[SDUncond Epoch 153] loss: 0.112617
  [Eval loss: 0.179964]
[SDUncond Epoch 154] loss: 0.110777
[SDUncond Epoch 155] loss: 0.113743
[SDUncond Epoch 156] loss: 0.111878
  [Eval loss: 0.163439]
[SDUncond Epoch 157] loss: 0.112829
[SDUncond Epoch 158] loss: 0.111553
[SDUncond Epoch 159] loss: 0.110342
  [Eval loss: 0.175599]
[SDUncond Epoch 160] loss: 0.111120
[SDUncond Epoch 161] loss: 0.108986
[SDUncond Epoch 162] loss: 0.110828
  [Eval loss: 0.173710]
[SDUncond Epoch 163] loss: 0.109940
[SDUncond Epoch 164] loss: 0.107567
[SDUncond Epoch 165] loss: 0.108948
  [Eval loss: 0.172445]
[SDUncond Epoch 166] loss: 0.108617
[SDUncond Epoch 167] loss: 0.106670
[SDUncond Epoch 168] loss: 0.106079
  [Eval loss: 0.161658]
[SDUncond Epoch 169] loss: 0.106613
[SDUncond Epoch 170] loss: 0.105572
[SDUncond Epoch 171] loss: 0.105479
  [Eval loss: 0.184355]
[SDUncond Epoch 172] loss: 0.104046
[SDUncond Epoch 173] loss: 0.103905
[SDUncond Epoch 174] loss: 0.105307
  [Eval loss: 0.189049]
[SDUncond Epoch 175] loss: 0.102946
[SDUncond Epoch 176] loss: 0.103665
[SDUncond Epoch 177] loss: 0.104173
  [Eval loss: 0.186646]
[SDUncond Epoch 178] loss: 0.103359
[SDUncond Epoch 179] loss: 0.103750
[SDUncond Epoch 180] loss: 0.103624
  [Eval loss: 0.189424]
[SDUncond Epoch 181] loss: 0.102512
[SDUncond Epoch 182] loss: 0.099314
[SDUncond Epoch 183] loss: 0.100653
  [Eval loss: 0.189459]
[SDUncond Epoch 184] loss: 0.100179
[SDUncond Epoch 185] loss: 0.099300
[SDUncond Epoch 186] loss: 0.100417
  [Eval loss: 0.188526]
[SDUncond Epoch 187] loss: 0.099111
[SDUncond Epoch 188] loss: 0.098905
[SDUncond Epoch 189] loss: 0.097297
  [Eval loss: 0.186793]
[SDUncond Epoch 190] loss: 0.095784
[SDUncond Epoch 191] loss: 0.094678
[SDUncond Epoch 192] loss: 0.096704
  [Eval loss: 0.194148]
[SDUncond Epoch 193] loss: 0.094509
[SDUncond Epoch 194] loss: 0.096530
[SDUncond Epoch 195] loss: 0.095233
  [Eval loss: 0.192247]
[SDUncond Epoch 196] loss: 0.094359
[SDUncond Epoch 197] loss: 0.093427
[SDUncond Epoch 198] loss: 0.092545
  [Eval loss: 0.190916]
[SDUncond Epoch 199] loss: 0.092057
[SDUncond Epoch 200] loss: 0.091278
[SDUncond Epoch 201] loss: 0.093005
  [Eval loss: 0.208032]
[SDUncond Epoch 202] loss: 0.090228
[SDUncond Epoch 203] loss: 0.092313
[SDUncond Epoch 204] loss: 0.088728
  [Eval loss: 0.216981]
[SDUncond Epoch 205] loss: 0.091379
[SDUncond Epoch 206] loss: 0.089959
[SDUncond Epoch 207] loss: 0.090449
  [Eval loss: 0.206402]
[SDUncond Epoch 208] loss: 0.088787
[SDUncond Epoch 209] loss: 0.089269
[SDUncond Epoch 210] loss: 0.088513
  [Eval loss: 0.202710]
[SDUncond Epoch 211] loss: 0.088733
[SDUncond Epoch 212] loss: 0.088743
[SDUncond Epoch 213] loss: 0.085936
  [Eval loss: 0.208702]
