[AugmentSchedule] start: epoch=0 p_crop=0.000 p_rot=0.000 p_hflip=0.500
[AugmentSchedule] start: epoch=0 p_crop=0.000 p_rot=0.000 p_hflip=0.500
[AugmentSchedule] decay: epoch=0 p_crop=0.000 p_rot=0.000 p_hflip=0.500
[FM Precision] requested='auto' -> using 'bf16' on device=cuda
[AugmentSchedule] decay: epoch=0 p_crop=0.000 p_rot=0.000 p_hflip=0.500
[SDUncond Epoch 1] loss: 0.546824
[SDUncond Epoch 2] loss: 0.210131
[SDUncond Epoch 3] loss: 0.193152
  [Eval loss: 0.528658]
  ✅ New best eval_loss=0.528658 at epoch 3 -> saved UNET/unet_sd_uncond_best.pt
[SDUncond Epoch 4] loss: 0.182050
[SDUncond Epoch 5] loss: 0.179957
[SDUncond Epoch 6] loss: 0.174435
  [Eval loss: 0.224499]
  ✅ New best eval_loss=0.224499 at epoch 6 -> saved UNET/unet_sd_uncond_best.pt
[SDUncond Epoch 7] loss: 0.175325
[SDUncond Epoch 8] loss: 0.170427
[SDUncond Epoch 9] loss: 0.170257
  [Eval loss: 0.185366]
  ✅ New best eval_loss=0.185366 at epoch 9 -> saved UNET/unet_sd_uncond_best.pt
[SDUncond Epoch 10] loss: 0.164773
[SDUncond Epoch 11] loss: 0.164380
[SDUncond Epoch 12] loss: 0.164396
  [Eval loss: 0.177374]
  ✅ New best eval_loss=0.177374 at epoch 12 -> saved UNET/unet_sd_uncond_best.pt
[SDUncond Epoch 13] loss: 0.163864
[SDUncond Epoch 14] loss: 0.161502
[SDUncond Epoch 15] loss: 0.164120
  [Eval loss: 0.162080]
  ✅ New best eval_loss=0.162080 at epoch 15 -> saved UNET/unet_sd_uncond_best.pt
[SDUncond Epoch 16] loss: 0.160529
[SDUncond Epoch 17] loss: 0.158135
[SDUncond Epoch 18] loss: 0.159268
  [Eval loss: 0.154807]
  ✅ New best eval_loss=0.154807 at epoch 18 -> saved UNET/unet_sd_uncond_best.pt
[SDUncond Epoch 19] loss: 0.159112
[SDUncond Epoch 20] loss: 0.159162
[SDUncond Epoch 21] loss: 0.153074
  [Eval loss: 0.155208]
[SDUncond Epoch 22] loss: 0.157643
[SDUncond Epoch 23] loss: 0.154259
[SDUncond Epoch 24] loss: 0.154470
  [Eval loss: 0.156408]
[SDUncond Epoch 25] loss: 0.154022
[SDUncond Epoch 26] loss: 0.153188
[SDUncond Epoch 27] loss: 0.157101
  [Eval loss: 0.159568]
[SDUncond Epoch 28] loss: 0.152886
[SDUncond Epoch 29] loss: 0.154436
[SDUncond Epoch 30] loss: 0.152169
  [Eval loss: 0.148711]
  ✅ New best eval_loss=0.148711 at epoch 30 -> saved UNET/unet_sd_uncond_best.pt
[SDUncond Epoch 31] loss: 0.152307
[SDUncond Epoch 32] loss: 0.151227
[SDUncond Epoch 33] loss: 0.150886
  [Eval loss: 0.151792]
[SDUncond Epoch 34] loss: 0.151855
[SDUncond Epoch 35] loss: 0.153021
[SDUncond Epoch 36] loss: 0.149548
  [Eval loss: 0.156497]
[SDUncond Epoch 37] loss: 0.149695
[SDUncond Epoch 38] loss: 0.150059
[SDUncond Epoch 39] loss: 0.151100
  [Eval loss: 0.147350]
  ✅ New best eval_loss=0.147350 at epoch 39 -> saved UNET/unet_sd_uncond_best.pt
[SDUncond Epoch 40] loss: 0.148492
[SDUncond Epoch 41] loss: 0.148238
[SDUncond Epoch 42] loss: 0.150700
  [Eval loss: 0.151343]
[SDUncond Epoch 43] loss: 0.146227
[SDUncond Epoch 44] loss: 0.147580
[SDUncond Epoch 45] loss: 0.150178
  [Eval loss: 0.149756]
[SDUncond Epoch 46] loss: 0.148895
[SDUncond Epoch 47] loss: 0.146894
[SDUncond Epoch 48] loss: 0.149584
  [Eval loss: 0.155077]
[SDUncond Epoch 49] loss: 0.145943
[SDUncond Epoch 50] loss: 0.148684
[SDUncond Epoch 51] loss: 0.149916
  [Eval loss: 0.146503]
  ✅ New best eval_loss=0.146503 at epoch 51 -> saved UNET/unet_sd_uncond_best.pt
[SDUncond Epoch 52] loss: 0.146336
[SDUncond Epoch 53] loss: 0.147750
[SDUncond Epoch 54] loss: 0.144895
  [Eval loss: 0.150041]
[SDUncond Epoch 55] loss: 0.145291
[SDUncond Epoch 56] loss: 0.146499
[SDUncond Epoch 57] loss: 0.143901
  [Eval loss: 0.143868]
  ✅ New best eval_loss=0.143868 at epoch 57 -> saved UNET/unet_sd_uncond_best.pt
[SDUncond Epoch 58] loss: 0.146027
[SDUncond Epoch 59] loss: 0.147117
[SDUncond Epoch 60] loss: 0.147446
  [Eval loss: 0.146700]
[SDUncond Epoch 61] loss: 0.147082
[SDUncond Epoch 62] loss: 0.148568
[SDUncond Epoch 63] loss: 0.143457
  [Eval loss: 0.141038]
  ✅ New best eval_loss=0.141038 at epoch 63 -> saved UNET/unet_sd_uncond_best.pt
[SDUncond Epoch 64] loss: 0.140607
[SDUncond Epoch 65] loss: 0.142764
[SDUncond Epoch 66] loss: 0.145238
  [Eval loss: 0.151603]
[SDUncond Epoch 67] loss: 0.145660
[SDUncond Epoch 68] loss: 0.144292
[SDUncond Epoch 69] loss: 0.143458
  [Eval loss: 0.158764]
[SDUncond Epoch 70] loss: 0.144007
[SDUncond Epoch 71] loss: 0.143269
[SDUncond Epoch 72] loss: 0.141397
  [Eval loss: 0.150979]
[SDUncond Epoch 73] loss: 0.146176
[SDUncond Epoch 74] loss: 0.143647
[SDUncond Epoch 75] loss: 0.143648
  [Eval loss: 0.158689]
[SDUncond Epoch 76] loss: 0.141893
[SDUncond Epoch 77] loss: 0.143619
[SDUncond Epoch 78] loss: 0.140468
  [Eval loss: 0.155946]
[SDUncond Epoch 79] loss: 0.143271
[SDUncond Epoch 80] loss: 0.140356
[SDUncond Epoch 81] loss: 0.141734
  [Eval loss: 0.155073]
[SDUncond Epoch 82] loss: 0.140894
[SDUncond Epoch 83] loss: 0.139367
[SDUncond Epoch 84] loss: 0.142869
  [Eval loss: 0.156091]
[SDUncond Epoch 85] loss: 0.137874
[SDUncond Epoch 86] loss: 0.139030
[SDUncond Epoch 87] loss: 0.137786
  [Eval loss: 0.157261]
[SDUncond Epoch 88] loss: 0.139478
[SDUncond Epoch 89] loss: 0.141093
[SDUncond Epoch 90] loss: 0.143019
  [Eval loss: 0.145946]
[SDUncond Epoch 91] loss: 0.139386
[SDUncond Epoch 92] loss: 0.139305
[SDUncond Epoch 93] loss: 0.141957
  [Eval loss: 0.139660]
  ✅ New best eval_loss=0.139660 at epoch 93 -> saved UNET/unet_sd_uncond_best.pt
[SDUncond Epoch 94] loss: 0.140668
[SDUncond Epoch 95] loss: 0.138770
[SDUncond Epoch 96] loss: 0.141880
  [Eval loss: 0.153508]
[SDUncond Epoch 97] loss: 0.137130
[SDUncond Epoch 98] loss: 0.141869
[SDUncond Epoch 99] loss: 0.139111
  [Eval loss: 0.147804]
[SDUncond Epoch 100] loss: 0.140532
[SDUncond Epoch 101] loss: 0.137091
[SDUncond Epoch 102] loss: 0.139668
  [Eval loss: 0.148283]
[SDUncond Epoch 103] loss: 0.138796
[SDUncond Epoch 104] loss: 0.136973
[SDUncond Epoch 105] loss: 0.137773
  [Eval loss: 0.151979]
[SDUncond Epoch 106] loss: 0.137357
[SDUncond Epoch 107] loss: 0.141365
[SDUncond Epoch 108] loss: 0.135808
  [Eval loss: 0.159215]
[SDUncond Epoch 109] loss: 0.139666
[SDUncond Epoch 110] loss: 0.137216
[SDUncond Epoch 111] loss: 0.138875
  [Eval loss: 0.152431]
[SDUncond Epoch 112] loss: 0.135674
[SDUncond Epoch 113] loss: 0.138269
[SDUncond Epoch 114] loss: 0.135067
  [Eval loss: 0.150935]
[SDUncond Epoch 115] loss: 0.135249
[SDUncond Epoch 116] loss: 0.135863
[SDUncond Epoch 117] loss: 0.138874
  [Eval loss: 0.156799]
[SDUncond Epoch 118] loss: 0.133939
[SDUncond Epoch 119] loss: 0.137226
[SDUncond Epoch 120] loss: 0.139374
  [Eval loss: 0.157834]
[SDUncond Epoch 121] loss: 0.135684
[SDUncond Epoch 122] loss: 0.135581
[SDUncond Epoch 123] loss: 0.135272
  [Eval loss: 0.153355]
[SDUncond Epoch 124] loss: 0.136141
[SDUncond Epoch 125] loss: 0.134795
[SDUncond Epoch 126] loss: 0.134811
  [Eval loss: 0.153492]
[SDUncond Epoch 127] loss: 0.134739
[SDUncond Epoch 128] loss: 0.135358
[SDUncond Epoch 129] loss: 0.135053
  [Eval loss: 0.150119]
[SDUncond Epoch 130] loss: 0.133486
[SDUncond Epoch 131] loss: 0.134992
[SDUncond Epoch 132] loss: 0.132681
  [Eval loss: 0.147425]
[SDUncond Epoch 133] loss: 0.133738
[SDUncond Epoch 134] loss: 0.135424
[SDUncond Epoch 135] loss: 0.134488
  [Eval loss: 0.148847]
[SDUncond Epoch 136] loss: 0.134447
[SDUncond Epoch 137] loss: 0.135997
[SDUncond Epoch 138] loss: 0.135719
  [Eval loss: 0.141799]
[SDUncond Epoch 139] loss: 0.130747
[SDUncond Epoch 140] loss: 0.133629
[SDUncond Epoch 141] loss: 0.136559
  [Eval loss: 0.149719]
[SDUncond Epoch 142] loss: 0.133601
[SDUncond Epoch 143] loss: 0.136850
[SDUncond Epoch 144] loss: 0.131906
  [Eval loss: 0.146490]
[SDUncond Epoch 145] loss: 0.132092
[SDUncond Epoch 146] loss: 0.133792
[SDUncond Epoch 147] loss: 0.131028
  [Eval loss: 0.147163]
[SDUncond Epoch 148] loss: 0.133673
[SDUncond Epoch 149] loss: 0.135403
[SDUncond Epoch 150] loss: 0.133137
  [Eval loss: 0.153708]
[SDUncond Epoch 151] loss: 0.130694
[SDUncond Epoch 152] loss: 0.132065
[SDUncond Epoch 153] loss: 0.133629
  [Eval loss: 0.157735]
[SDUncond Epoch 154] loss: 0.130999
[SDUncond Epoch 155] loss: 0.129562
[SDUncond Epoch 156] loss: 0.130606
  [Eval loss: 0.156047]
[SDUncond Epoch 157] loss: 0.131989
[SDUncond Epoch 158] loss: 0.132014
[SDUncond Epoch 159] loss: 0.131143
  [Eval loss: 0.148687]
[SDUncond Epoch 160] loss: 0.133319
[SDUncond Epoch 161] loss: 0.133963
[SDUncond Epoch 162] loss: 0.130637
  [Eval loss: 0.159199]
[SDUncond Epoch 163] loss: 0.132102
[SDUncond Epoch 164] loss: 0.129336
[SDUncond Epoch 165] loss: 0.130236
  [Eval loss: 0.148179]
[SDUncond Epoch 166] loss: 0.129086
[SDUncond Epoch 167] loss: 0.130677
[SDUncond Epoch 168] loss: 0.131553
  [Eval loss: 0.161775]
[SDUncond Epoch 169] loss: 0.130514
[SDUncond Epoch 170] loss: 0.131389
[SDUncond Epoch 171] loss: 0.129910
  [Eval loss: 0.153744]
[SDUncond Epoch 172] loss: 0.130228
[SDUncond Epoch 173] loss: 0.129784
[SDUncond Epoch 174] loss: 0.128331
  [Eval loss: 0.148001]
[SDUncond Epoch 175] loss: 0.127865
[SDUncond Epoch 176] loss: 0.129783
[SDUncond Epoch 177] loss: 0.131027
  [Eval loss: 0.166428]
[SDUncond Epoch 178] loss: 0.130621
[SDUncond Epoch 179] loss: 0.129765
[SDUncond Epoch 180] loss: 0.129002
  [Eval loss: 0.155608]
[SDUncond Epoch 181] loss: 0.128370
[SDUncond Epoch 182] loss: 0.127392
[SDUncond Epoch 183] loss: 0.130188
  [Eval loss: 0.150964]
[SDUncond Epoch 184] loss: 0.128473
[SDUncond Epoch 185] loss: 0.128750
[SDUncond Epoch 186] loss: 0.126347
  [Eval loss: 0.150459]
[SDUncond Epoch 187] loss: 0.128409
[SDUncond Epoch 188] loss: 0.128356
[SDUncond Epoch 189] loss: 0.131443
  [Eval loss: 0.154972]
[SDUncond Epoch 190] loss: 0.128936
[SDUncond Epoch 191] loss: 0.128002
[SDUncond Epoch 192] loss: 0.128021
  [Eval loss: 0.161249]
[SDUncond Epoch 193] loss: 0.127964
[SDUncond Epoch 194] loss: 0.125395
[SDUncond Epoch 195] loss: 0.128900
  [Eval loss: 0.154975]
[SDUncond Epoch 196] loss: 0.127966
[SDUncond Epoch 197] loss: 0.127318
[SDUncond Epoch 198] loss: 0.130461
  [Eval loss: 0.142290]
[SDUncond Epoch 199] loss: 0.125825
[SDUncond Epoch 200] loss: 0.127724
[SDUncond Epoch 201] loss: 0.125258
  [Eval loss: 0.150240]
[SDUncond Epoch 202] loss: 0.126175
[SDUncond Epoch 203] loss: 0.129781
[SDUncond Epoch 204] loss: 0.125840
  [Eval loss: 0.152482]
[SDUncond Epoch 205] loss: 0.129393
[SDUncond Epoch 206] loss: 0.126309
[SDUncond Epoch 207] loss: 0.124455
  [Eval loss: 0.162373]
[SDUncond Epoch 208] loss: 0.126435
[SDUncond Epoch 209] loss: 0.122516
[SDUncond Epoch 210] loss: 0.124556
  [Eval loss: 0.157176]
[SDUncond Epoch 211] loss: 0.124376
[SDUncond Epoch 212] loss: 0.126639
[SDUncond Epoch 213] loss: 0.126155
  [Eval loss: 0.160353]
[SDUncond Epoch 214] loss: 0.123133
[SDUncond Epoch 215] loss: 0.124266
[SDUncond Epoch 216] loss: 0.123684
  [Eval loss: 0.158983]
[SDUncond Epoch 217] loss: 0.126429
[SDUncond Epoch 218] loss: 0.123731
[SDUncond Epoch 219] loss: 0.121856
  [Eval loss: 0.155585]
[SDUncond Epoch 220] loss: 0.123824
[SDUncond Epoch 221] loss: 0.124454
[SDUncond Epoch 222] loss: 0.126297
  [Eval loss: 0.159572]
[SDUncond Epoch 223] loss: 0.123751
[SDUncond Epoch 224] loss: 0.121557
[SDUncond Epoch 225] loss: 0.122709
  [Eval loss: 0.150719]
[SDUncond Epoch 226] loss: 0.125434
[SDUncond Epoch 227] loss: 0.125918
[SDUncond Epoch 228] loss: 0.123797
  [Eval loss: 0.157951]
[SDUncond Epoch 229] loss: 0.124412
[SDUncond Epoch 230] loss: 0.121938
[SDUncond Epoch 231] loss: 0.121769
  [Eval loss: 0.153214]
[SDUncond Epoch 232] loss: 0.120744
[SDUncond Epoch 233] loss: 0.122132
[SDUncond Epoch 234] loss: 0.124931
  [Eval loss: 0.154225]
[SDUncond Epoch 235] loss: 0.123429
[SDUncond Epoch 236] loss: 0.124308
[SDUncond Epoch 237] loss: 0.122254
  [Eval loss: 0.157768]
[SDUncond Epoch 238] loss: 0.123669
[SDUncond Epoch 239] loss: 0.122466
[SDUncond Epoch 240] loss: 0.123988
  [Eval loss: 0.153433]
[SDUncond Epoch 241] loss: 0.119400
[SDUncond Epoch 242] loss: 0.119764
[SDUncond Epoch 243] loss: 0.122706
  [Eval loss: 0.151199]
[SDUncond Epoch 244] loss: 0.121176
[SDUncond Epoch 245] loss: 0.120695
[SDUncond Epoch 246] loss: 0.121090
  [Eval loss: 0.171746]
[SDUncond Epoch 247] loss: 0.122258
[SDUncond Epoch 248] loss: 0.121558
[SDUncond Epoch 249] loss: 0.122098
  [Eval loss: 0.168338]
[SDUncond Epoch 250] loss: 0.120137
[SDUncond Epoch 251] loss: 0.121575
[SDUncond Epoch 252] loss: 0.122803
  [Eval loss: 0.159793]
[SDUncond Epoch 253] loss: 0.122735
[SDUncond Epoch 254] loss: 0.120284
[SDUncond Epoch 255] loss: 0.123091
  [Eval loss: 0.172572]
[SDUncond Epoch 256] loss: 0.120443
[SDUncond Epoch 257] loss: 0.119698
[SDUncond Epoch 258] loss: 0.120513
  [Eval loss: 0.163633]
[SDUncond Epoch 259] loss: 0.121302
[SDUncond Epoch 260] loss: 0.120241
[SDUncond Epoch 261] loss: 0.119146
  [Eval loss: 0.173505]
[SDUncond Epoch 262] loss: 0.119610
[SDUncond Epoch 263] loss: 0.120181
[SDUncond Epoch 264] loss: 0.121084
  [Eval loss: 0.153870]
[SDUncond Epoch 265] loss: 0.123768
[SDUncond Epoch 266] loss: 0.121555
[SDUncond Epoch 267] loss: 0.123218
  [Eval loss: 0.166149]
[SDUncond Epoch 268] loss: 0.122227
[SDUncond Epoch 269] loss: 0.119282
[SDUncond Epoch 270] loss: 0.121502
  [Eval loss: 0.167527]
[SDUncond Epoch 271] loss: 0.118965
[SDUncond Epoch 272] loss: 0.121486
[SDUncond Epoch 273] loss: 0.118695
  [Eval loss: 0.158680]
[SDUncond Epoch 274] loss: 0.118508
[SDUncond Epoch 275] loss: 0.119447
[SDUncond Epoch 276] loss: 0.121140
  [Eval loss: 0.171058]
[SDUncond Epoch 277] loss: 0.120064
[SDUncond Epoch 278] loss: 0.119342
[SDUncond Epoch 279] loss: 0.119956
  [Eval loss: 0.166740]
[SDUncond Epoch 280] loss: 0.119461
[SDUncond Epoch 281] loss: 0.120661
[SDUncond Epoch 282] loss: 0.121110
  [Eval loss: 0.172609]
[SDUncond Epoch 283] loss: 0.117312
[SDUncond Epoch 284] loss: 0.118044
[SDUncond Epoch 285] loss: 0.118262
  [Eval loss: 0.167576]
[SDUncond Epoch 286] loss: 0.114871
[SDUncond Epoch 287] loss: 0.117874
[SDUncond Epoch 288] loss: 0.117259
  [Eval loss: 0.163513]
[SDUncond Epoch 289] loss: 0.119773
[SDUncond Epoch 290] loss: 0.118773
[SDUncond Epoch 291] loss: 0.117342
  [Eval loss: 0.179874]
[SDUncond Epoch 292] loss: 0.118200
[SDUncond Epoch 293] loss: 0.118329
[SDUncond Epoch 294] loss: 0.118520
  [Eval loss: 0.158705]
[SDUncond Epoch 295] loss: 0.119234
[SDUncond Epoch 296] loss: 0.119452
[SDUncond Epoch 297] loss: 0.117829
  [Eval loss: 0.166995]
[SDUncond Epoch 298] loss: 0.119209
[SDUncond Epoch 299] loss: 0.119488
[SDUncond Epoch 300] loss: 0.117071
  [Eval loss: 0.163478]
