Host: kn176
Start time: Mon May 25 11:49:04 EDT 2026
Project root: /project/6109890/bacobax2/ir-generative-study
Conda env: diffusers-dev
Config: /project/6109890/bacobax2/ir-generative-study/configs/sd/train/presets/flir_lora_stage1_r8_train_5000.yaml
PYTORCH_CUDA_ALLOC_CONF: max_split_size_mb:256
CUDA_VISIBLE_DEVICES: 0
SLURM_JOB_ID: 3749735
SLURM_SUBMIT_DIR: /project/6109890/bacobax2/ir-generative-study
/home/bacobax2/miniforge3/envs/diffusers-dev/bin/python
Python 3.10.20
Selected training settings:
Selected DomainStudio settings:
Mon May 25 11:49:04 2026       
+-----------------------------------------------------------------------------------------+
| NVIDIA-SMI 580.159.03             Driver Version: 580.159.03     CUDA Version: 13.0     |
+-----------------------------------------+------------------------+----------------------+
| GPU  Name                 Persistence-M | Bus-Id          Disp.A | Volatile Uncorr. ECC |
| Fan  Temp   Perf          Pwr:Usage/Cap |           Memory-Usage | GPU-Util  Compute M. |
|                                         |                        |               MIG M. |
|=========================================+========================+======================|
|   0  NVIDIA H100 80GB HBM3          Off |   00000000:DB:00.0 Off |                    0 |
| N/A   49C    P0             73W /  700W |       0MiB /  81559MiB |      0%      Default |
|                                         |                        |             Disabled |
+-----------------------------------------+------------------------+----------------------+

+-----------------------------------------------------------------------------------------+
| Processes:                                                                              |
|  GPU   GI   CI              PID   Type   Process name                        GPU Memory |
|        ID   ID                                                               Usage      |
|=========================================================================================|
|  No running processes found                                                             |
+-----------------------------------------------------------------------------------------+
Parsing arguments...
Initializing accelerator...
Selected GPU: cuda:0
GPU Info:
0, GPU-19477556-e26c-8006-fd10-a009ba80351c, NVIDIA H100 80GB HBM3, 4, 81559, 0
pixel_values: torch.Size([16, 3, 512, 512]) torch.float32 min=-1.000 max=1.000 mean=-0.138 std=0.604
