05/21/2026 12:45:26 - INFO - src.cli.adapt_stable_diffusion_stage1 - [RANK 0] Distributed environment: NO
Num processes: 1
Process index: 0
Local process index: 0
Device: cuda

Mixed precision type: no

05/21/2026 12:45:26 - INFO - src.cli.adapt_stable_diffusion_stage1 - [RANK 0] Loading models...
05/21/2026 12:45:26 - INFO - src.algorithms.stable_diffusion.models - Loading model components...
/home/bacobax2/miniforge3/envs/diffusers-dev/lib/python3.10/site-packages/huggingface_hub/utils/_validators.py:205: UserWarning: The `local_dir_use_symlinks` argument is deprecated and ignored in `hf_hub_download`. Downloading to a local directory does not use symlinks anymore.
  warnings.warn(
05/21/2026 12:45:26 - INFO - httpx - HTTP Request: HEAD https://huggingface.co/runwayml/stable-diffusion-v1-5/resolve/main/scheduler/scheduler_config.json "HTTP/1.1 307 Temporary Redirect"
05/21/2026 12:45:26 - INFO - httpx - HTTP Request: HEAD https://huggingface.co/stable-diffusion-v1-5/stable-diffusion-v1-5/resolve/main/scheduler/scheduler_config.json "HTTP/1.1 307 Temporary Redirect"
05/21/2026 12:45:26 - INFO - httpx - HTTP Request: HEAD https://huggingface.co/api/resolve-cache/models/stable-diffusion-v1-5/stable-diffusion-v1-5/451f4fe16113bff5a5d2269ed5ad43b0592e9a14/scheduler%2Fscheduler_config.json "HTTP/1.1 200 OK"
{'clip_sample_range', 'variance_type', 'rescale_betas_zero_snr', 'sample_max_value', 'thresholding', 'dynamic_thresholding_ratio', 'timestep_spacing', 'prediction_type'} was not found in config. Values will be initialized to default values.
05/21/2026 12:45:26 - INFO - httpx - HTTP Request: HEAD https://huggingface.co/runwayml/stable-diffusion-v1-5/resolve/main/tokenizer/tokenizer_config.json "HTTP/1.1 307 Temporary Redirect"
05/21/2026 12:45:26 - INFO - httpx - HTTP Request: HEAD https://huggingface.co/stable-diffusion-v1-5/stable-diffusion-v1-5/resolve/main/tokenizer/tokenizer_config.json "HTTP/1.1 307 Temporary Redirect"
05/21/2026 12:45:26 - INFO - httpx - HTTP Request: HEAD https://huggingface.co/api/resolve-cache/models/stable-diffusion-v1-5/stable-diffusion-v1-5/451f4fe16113bff5a5d2269ed5ad43b0592e9a14/tokenizer%2Ftokenizer_config.json "HTTP/1.1 200 OK"
05/21/2026 12:45:26 - INFO - httpx - HTTP Request: GET https://huggingface.co/api/models/runwayml/stable-diffusion-v1-5/tree/main/additional_chat_templates?recursive=false&expand=false "HTTP/1.1 307 Temporary Redirect"
05/21/2026 12:45:26 - INFO - httpx - HTTP Request: GET https://huggingface.co/api/models/stable-diffusion-v1-5/stable-diffusion-v1-5/tree/main/additional_chat_templates?recursive=false&expand=false "HTTP/1.1 404 Not Found"
05/21/2026 12:45:26 - INFO - httpx - HTTP Request: GET https://huggingface.co/api/models/runwayml/stable-diffusion-v1-5/tree/main?recursive=true&expand=false "HTTP/1.1 307 Temporary Redirect"
05/21/2026 12:45:26 - INFO - httpx - HTTP Request: GET https://huggingface.co/api/models/stable-diffusion-v1-5/stable-diffusion-v1-5/tree/main?recursive=true&expand=false "HTTP/1.1 200 OK"
05/21/2026 12:45:27 - INFO - httpx - HTTP Request: HEAD https://huggingface.co/runwayml/stable-diffusion-v1-5/resolve/main/text_encoder/config.json "HTTP/1.1 307 Temporary Redirect"
05/21/2026 12:45:27 - INFO - httpx - HTTP Request: HEAD https://huggingface.co/stable-diffusion-v1-5/stable-diffusion-v1-5/resolve/main/text_encoder/config.json "HTTP/1.1 307 Temporary Redirect"
05/21/2026 12:45:27 - INFO - httpx - HTTP Request: HEAD https://huggingface.co/api/resolve-cache/models/stable-diffusion-v1-5/stable-diffusion-v1-5/451f4fe16113bff5a5d2269ed5ad43b0592e9a14/text_encoder%2Fconfig.json "HTTP/1.1 200 OK"
05/21/2026 12:45:27 - INFO - httpx - HTTP Request: HEAD https://huggingface.co/runwayml/stable-diffusion-v1-5/resolve/main/text_encoder/config.json "HTTP/1.1 307 Temporary Redirect"
05/21/2026 12:45:27 - INFO - httpx - HTTP Request: HEAD https://huggingface.co/stable-diffusion-v1-5/stable-diffusion-v1-5/resolve/main/text_encoder/config.json "HTTP/1.1 307 Temporary Redirect"
Warning: You are sending unauthenticated requests to the HF Hub. Please set a HF_TOKEN to enable higher rate limits and faster downloads.
05/21/2026 12:45:27 - WARNING - huggingface_hub.utils._http - Warning: You are sending unauthenticated requests to the HF Hub. Please set a HF_TOKEN to enable higher rate limits and faster downloads.
05/21/2026 12:45:27 - INFO - httpx - HTTP Request: HEAD https://huggingface.co/api/resolve-cache/models/stable-diffusion-v1-5/stable-diffusion-v1-5/451f4fe16113bff5a5d2269ed5ad43b0592e9a14/text_encoder%2Fconfig.json "HTTP/1.1 200 OK"
05/21/2026 12:45:27 - INFO - httpx - HTTP Request: HEAD https://huggingface.co/runwayml/stable-diffusion-v1-5/resolve/main/text_encoder/model.safetensors "HTTP/1.1 307 Temporary Redirect"
05/21/2026 12:45:27 - INFO - httpx - HTTP Request: HEAD https://huggingface.co/stable-diffusion-v1-5/stable-diffusion-v1-5/resolve/main/text_encoder/model.safetensors "HTTP/1.1 302 Found"
Loading weights:   0%|          | 0/196 [00:00<?, ?it/s]Loading weights:  87%|████████▋ | 170/196 [00:00<00:00, 1684.85it/s]Loading weights: 100%|██████████| 196/196 [00:00<00:00, 1693.95it/s]
05/21/2026 12:45:27 - INFO - httpx - HTTP Request: HEAD https://huggingface.co/runwayml/stable-diffusion-v1-5/resolve/main/vae/config.json "HTTP/1.1 307 Temporary Redirect"
05/21/2026 12:45:27 - INFO - httpx - HTTP Request: HEAD https://huggingface.co/stable-diffusion-v1-5/stable-diffusion-v1-5/resolve/main/vae/config.json "HTTP/1.1 307 Temporary Redirect"
05/21/2026 12:45:28 - INFO - httpx - HTTP Request: HEAD https://huggingface.co/api/resolve-cache/models/stable-diffusion-v1-5/stable-diffusion-v1-5/451f4fe16113bff5a5d2269ed5ad43b0592e9a14/vae%2Fconfig.json "HTTP/1.1 200 OK"
05/21/2026 12:45:28 - INFO - httpx - HTTP Request: HEAD https://huggingface.co/runwayml/stable-diffusion-v1-5/resolve/451f4fe16113bff5a5d2269ed5ad43b0592e9a14/vae/diffusion_pytorch_model.safetensors.index.json "HTTP/1.1 307 Temporary Redirect"
05/21/2026 12:45:28 - INFO - httpx - HTTP Request: HEAD https://huggingface.co/stable-diffusion-v1-5/stable-diffusion-v1-5/resolve/451f4fe16113bff5a5d2269ed5ad43b0592e9a14/vae/diffusion_pytorch_model.safetensors.index.json "HTTP/1.1 404 Not Found"
{'shift_factor', 'latents_mean', 'mid_block_add_attention', 'force_upcast', 'latents_std', 'use_quant_conv', 'use_post_quant_conv', 'scaling_factor'} was not found in config. Values will be initialized to default values.
All model checkpoint weights were used when initializing AutoencoderKL.

All the weights of AutoencoderKL were initialized from the model checkpoint at runwayml/stable-diffusion-v1-5.
If your task is similar to the task the model of the checkpoint was trained on, you can already use AutoencoderKL for predictions without further training.
05/21/2026 12:45:28 - INFO - httpx - HTTP Request: HEAD https://huggingface.co/runwayml/stable-diffusion-v1-5/resolve/main/unet/config.json "HTTP/1.1 307 Temporary Redirect"
05/21/2026 12:45:28 - INFO - httpx - HTTP Request: HEAD https://huggingface.co/stable-diffusion-v1-5/stable-diffusion-v1-5/resolve/main/unet/config.json "HTTP/1.1 307 Temporary Redirect"
05/21/2026 12:45:28 - INFO - httpx - HTTP Request: HEAD https://huggingface.co/api/resolve-cache/models/stable-diffusion-v1-5/stable-diffusion-v1-5/451f4fe16113bff5a5d2269ed5ad43b0592e9a14/unet%2Fconfig.json "HTTP/1.1 200 OK"
05/21/2026 12:45:28 - INFO - httpx - HTTP Request: HEAD https://huggingface.co/runwayml/stable-diffusion-v1-5/resolve/451f4fe16113bff5a5d2269ed5ad43b0592e9a14/unet/diffusion_pytorch_model.safetensors.index.json "HTTP/1.1 307 Temporary Redirect"
05/21/2026 12:45:28 - INFO - httpx - HTTP Request: HEAD https://huggingface.co/stable-diffusion-v1-5/stable-diffusion-v1-5/resolve/451f4fe16113bff5a5d2269ed5ad43b0592e9a14/unet/diffusion_pytorch_model.safetensors.index.json "HTTP/1.1 404 Not Found"
{'encoder_hid_dim_type', 'class_embed_type', 'resnet_time_scale_shift', 'dropout', 'conv_out_kernel', 'only_cross_attention', 'encoder_hid_dim', 'reverse_transformer_layers_per_block', 'projection_class_embeddings_input_dim', 'time_cond_proj_dim', 'addition_time_embed_dim', 'mid_block_only_cross_attention', 'time_embedding_dim', 'time_embedding_act_fn', 'attention_type', 'mid_block_type', 'num_attention_heads', 'timestep_post_act', 'class_embeddings_concat', 'resnet_out_scale_factor', 'time_embedding_type', 'conv_in_kernel', 'cross_attention_norm', 'num_class_embeds', 'upcast_attention', 'addition_embed_type', 'transformer_layers_per_block', 'dual_cross_attention', 'use_linear_projection', 'addition_embed_type_num_heads', 'resnet_skip_time_act'} was not found in config. Values will be initialized to default values.
All model checkpoint weights were used when initializing UNet2DConditionModel.

All the weights of UNet2DConditionModel were initialized from the model checkpoint at runwayml/stable-diffusion-v1-5.
If your task is similar to the task the model of the checkpoint was trained on, you can already use UNet2DConditionModel for predictions without further training.
05/21/2026 12:45:43 - INFO - src.cli.adapt_stable_diffusion_stage1 - [RANK 0] Creating dataloader...
Traceback (most recent call last):
  File "/home/bacobax2/miniforge3/envs/diffusers-dev/lib/python3.10/runpy.py", line 196, in _run_module_as_main
    return _run_code(code, main_globals, None,
  File "/home/bacobax2/miniforge3/envs/diffusers-dev/lib/python3.10/runpy.py", line 86, in _run_code
    exec(code, run_globals)
  File "/project/6109890/bacobax2/ir-generative-study/src/cli/adapt_stable_diffusion.py", line 93, in <module>
    main()
  File "/project/6109890/bacobax2/ir-generative-study/src/cli/adapt_stable_diffusion.py", line 89, in main
    stage_main(delegated_argv)
  File "/project/6109890/bacobax2/ir-generative-study/src/cli/adapt_stable_diffusion_stage1.py", line 148, in main
    train_dataloader, normalization_mode = create_dataloader(
  File "/project/6109890/bacobax2/ir-generative-study/src/algorithms/stable_diffusion/data.py", line 561, in create_dataloader
    raw_dataset, img_col, cap_col = load_training_dataset(
  File "/project/6109890/bacobax2/ir-generative-study/src/algorithms/stable_diffusion/data.py", line 521, in load_training_dataset
    return _build_local_training_dataset(
  File "/project/6109890/bacobax2/ir-generative-study/src/algorithms/stable_diffusion/data.py", line 433, in _build_local_training_dataset
    npy_files = filter_files_by_subset_manifest(
  File "/project/6109890/bacobax2/ir-generative-study/src/core/data/subset_manifest.py", line 100, in filter_files_by_subset_manifest
    selected = load_subset_manifest_file_names(
  File "/project/6109890/bacobax2/ir-generative-study/src/core/data/subset_manifest.py", line 48, in load_subset_manifest_file_names
    manifest_path = resolve_subset_manifest_path(
  File "/project/6109890/bacobax2/ir-generative-study/src/core/data/subset_manifest.py", line 36, in resolve_subset_manifest_path
    raise FileNotFoundError(
FileNotFoundError: Subset manifest 'train_5000_bbox_stratified.json' was not found. Searched: /project/6109890/bacobax2/ir-generative-study/train_5000_bbox_stratified.json, /project/6109890/bacobax2/ir-generative-study/data/raw/flir_private_proxy_alignment_v18/subsets/train_5000_bbox_stratified.json
