Host: kn175
Start time: Fri May 22 12:30:48 EDT 2026
Project root: /project/6109890/bacobax2/ir-generative-study
Conda env: diffusers-dev
Config: /project/6109890/bacobax2/ir-generative-study/configs/sd_uncond/train/presets/uncond_latent_flir_sd15_512_b64_hflip_train_2000.yaml
CUDA_VISIBLE_DEVICES: 0
SLURM_JOB_ID: 3710345
SLURM_SUBMIT_DIR: /project/6109890/bacobax2/ir-generative-study
/home/bacobax2/miniforge3/envs/diffusers-dev/bin/python
Python 3.10.20
Configured batch size:
Configured horizontal flip probabilities:
Configured mixed precision:
Fri May 22 12:30:49 2026       
+-----------------------------------------------------------------------------------------+
| NVIDIA-SMI 580.159.03             Driver Version: 580.159.03     CUDA Version: 13.0     |
+-----------------------------------------+------------------------+----------------------+
| GPU  Name                 Persistence-M | Bus-Id          Disp.A | Volatile Uncorr. ECC |
| Fan  Temp   Perf          Pwr:Usage/Cap |           Memory-Usage | GPU-Util  Compute M. |
|                                         |                        |               MIG M. |
|=========================================+========================+======================|
|   0  NVIDIA H100 80GB HBM3          Off |   00000000:9C:00.0 Off |                    0 |
| N/A   46C    P0             74W /  700W |       0MiB /  81559MiB |      0%      Default |
|                                         |                        |             Disabled |
+-----------------------------------------+------------------------+----------------------+

+-----------------------------------------------------------------------------------------+
| Processes:                                                                              |
|  GPU   GI   CI              PID   Type   Process name                        GPU Memory |
|        ID   ID                                                               Usage      |
|=========================================================================================|
|  No running processes found                                                             |
+-----------------------------------------------------------------------------------------+
[AugmentSchedule] start: epoch=0 p_crop=0.000 p_rot=0.000 p_hflip=0.000
[AugmentSchedule] start: epoch=0 p_crop=0.000 p_rot=0.000 p_hflip=0.000
[AugmentSchedule] warmup: epoch=0 p_crop=0.000 p_rot=0.000 p_hflip=0.000
[FM Precision] requested='auto' -> using 'bf16' on device=cuda
[AugmentSchedule] warmup: epoch=0 p_crop=0.000 p_rot=0.000 p_hflip=0.000
[SDUncond Epoch 1] loss: 0.865338
[SDUncond Epoch 2] loss: 0.324597
[SDUncond Epoch 3] loss: 0.227605
  [Eval loss: 0.213884]
  ✅ New best eval_loss=0.213884 at epoch 3 -> saved UNET/unet_sd_uncond_best.pt
[SDUncond Epoch 4] loss: 0.207888
[SDUncond Epoch 5] loss: 0.209595
[SDUncond Epoch 6] loss: 0.198868
  [Eval loss: 0.906637]
[SDUncond Epoch 7] loss: 0.184225
[SDUncond Epoch 8] loss: 0.184012
[SDUncond Epoch 9] loss: 0.186477
  [Eval loss: 0.704645]
[SDUncond Epoch 10] loss: 0.184430
[SDUncond Epoch 11] loss: 0.181961
[SDUncond Epoch 12] loss: 0.176187
  [Eval loss: 0.539007]
[SDUncond Epoch 13] loss: 0.184393
[SDUncond Epoch 14] loss: 0.165664
[SDUncond Epoch 15] loss: 0.184829
  [Eval loss: 0.421497]
[SDUncond Epoch 16] loss: 0.174026
[SDUncond Epoch 17] loss: 0.167150
[SDUncond Epoch 18] loss: 0.170898
  [Eval loss: 0.326132]
[SDUncond Epoch 19] loss: 0.176991
[SDUncond Epoch 20] loss: 0.174984
[SDUncond Epoch 21] loss: 0.161890
  [Eval loss: 0.269975]
[SDUncond Epoch 22] loss: 0.171758
[SDUncond Epoch 23] loss: 0.161184
[SDUncond Epoch 24] loss: 0.163088
  [Eval loss: 0.240157]
[SDUncond Epoch 25] loss: 0.170051
[SDUncond Epoch 26] loss: 0.171073
[SDUncond Epoch 27] loss: 0.152137
  [Eval loss: 0.223193]
[SDUncond Epoch 28] loss: 0.169546
[SDUncond Epoch 29] loss: 0.165396
[SDUncond Epoch 30] loss: 0.167191
  [Eval loss: 0.195472]
  ✅ New best eval_loss=0.195472 at epoch 30 -> saved UNET/unet_sd_uncond_best.pt
[AugmentSchedule] ramp: epoch=30 p_crop=0.000 p_rot=0.000 p_hflip=0.000
[AugmentSchedule] ramp: epoch=30 p_crop=0.000 p_rot=0.000 p_hflip=0.000
[SDUncond Epoch 31] loss: 0.163064
[SDUncond Epoch 32] loss: 0.163179
[SDUncond Epoch 33] loss: 0.154002
  [Eval loss: 0.185801]
  ✅ New best eval_loss=0.185801 at epoch 33 -> saved UNET/unet_sd_uncond_best.pt
[SDUncond Epoch 34] loss: 0.158774
[SDUncond Epoch 35] loss: 0.167345
[SDUncond Epoch 36] loss: 0.167803
  [Eval loss: 0.182626]
  ✅ New best eval_loss=0.182626 at epoch 36 -> saved UNET/unet_sd_uncond_best.pt
[SDUncond Epoch 37] loss: 0.165059
[SDUncond Epoch 38] loss: 0.164178
[SDUncond Epoch 39] loss: 0.169758
  [Eval loss: 0.182724]
[SDUncond Epoch 40] loss: 0.166626
[SDUncond Epoch 41] loss: 0.153625
[SDUncond Epoch 42] loss: 0.164486
  [Eval loss: 0.179901]
  ✅ New best eval_loss=0.179901 at epoch 42 -> saved UNET/unet_sd_uncond_best.pt
[SDUncond Epoch 43] loss: 0.158811
[SDUncond Epoch 44] loss: 0.164146
[SDUncond Epoch 45] loss: 0.158790
  [Eval loss: 0.185276]
[SDUncond Epoch 46] loss: 0.158614
[SDUncond Epoch 47] loss: 0.163496
[SDUncond Epoch 48] loss: 0.162931
  [Eval loss: 0.171625]
  ✅ New best eval_loss=0.171625 at epoch 48 -> saved UNET/unet_sd_uncond_best.pt
[SDUncond Epoch 49] loss: 0.160095
[SDUncond Epoch 50] loss: 0.156924
[SDUncond Epoch 51] loss: 0.165216
  [Eval loss: 0.180982]
[SDUncond Epoch 52] loss: 0.152222
[SDUncond Epoch 53] loss: 0.156713
[SDUncond Epoch 54] loss: 0.147441
  [Eval loss: 0.179574]
[SDUncond Epoch 55] loss: 0.158872
[SDUncond Epoch 56] loss: 0.158207
[SDUncond Epoch 57] loss: 0.155193
  [Eval loss: 0.164161]
  ✅ New best eval_loss=0.164161 at epoch 57 -> saved UNET/unet_sd_uncond_best.pt
[SDUncond Epoch 58] loss: 0.152881
[SDUncond Epoch 59] loss: 0.157662
[SDUncond Epoch 60] loss: 0.154031
  [Eval loss: 0.162327]
  ✅ New best eval_loss=0.162327 at epoch 60 -> saved UNET/unet_sd_uncond_best.pt
[SDUncond Epoch 61] loss: 0.159839
[SDUncond Epoch 62] loss: 0.166616
[SDUncond Epoch 63] loss: 0.148566
  [Eval loss: 0.153720]
  ✅ New best eval_loss=0.153720 at epoch 63 -> saved UNET/unet_sd_uncond_best.pt
[SDUncond Epoch 64] loss: 0.156453
[SDUncond Epoch 65] loss: 0.151214
[SDUncond Epoch 66] loss: 0.153820
  [Eval loss: 0.164686]
[SDUncond Epoch 67] loss: 0.155386
[SDUncond Epoch 68] loss: 0.155096
[SDUncond Epoch 69] loss: 0.154963
  [Eval loss: 0.160165]
[SDUncond Epoch 70] loss: 0.160069
[SDUncond Epoch 71] loss: 0.155503
[SDUncond Epoch 72] loss: 0.158562
  [Eval loss: 0.164621]
[SDUncond Epoch 73] loss: 0.160079
[SDUncond Epoch 74] loss: 0.155557
[SDUncond Epoch 75] loss: 0.152221
  [Eval loss: 0.155763]
[SDUncond Epoch 76] loss: 0.158341
[SDUncond Epoch 77] loss: 0.151419
[SDUncond Epoch 78] loss: 0.160425
  [Eval loss: 0.171488]
[SDUncond Epoch 79] loss: 0.159112
[SDUncond Epoch 80] loss: 0.155285
[SDUncond Epoch 81] loss: 0.156629
  [Eval loss: 0.161949]
[SDUncond Epoch 82] loss: 0.156706
[SDUncond Epoch 83] loss: 0.158593
[SDUncond Epoch 84] loss: 0.158496
  [Eval loss: 0.157708]
[SDUncond Epoch 85] loss: 0.152579
[SDUncond Epoch 86] loss: 0.149129
[SDUncond Epoch 87] loss: 0.151652
  [Eval loss: 0.162432]
[SDUncond Epoch 88] loss: 0.161636
[SDUncond Epoch 89] loss: 0.151609
[SDUncond Epoch 90] loss: 0.149963
  [Eval loss: 0.167780]
[SDUncond Epoch 91] loss: 0.143757
[SDUncond Epoch 92] loss: 0.151592
[SDUncond Epoch 93] loss: 0.155295
  [Eval loss: 0.164386]
[SDUncond Epoch 94] loss: 0.154465
[SDUncond Epoch 95] loss: 0.148804
[SDUncond Epoch 96] loss: 0.152678
  [Eval loss: 0.160630]
[SDUncond Epoch 97] loss: 0.155515
[SDUncond Epoch 98] loss: 0.143097
[SDUncond Epoch 99] loss: 0.161629
  [Eval loss: 0.160867]
[SDUncond Epoch 100] loss: 0.153537
[SDUncond Epoch 101] loss: 0.159080
[SDUncond Epoch 102] loss: 0.153651
  [Eval loss: 0.167164]
[SDUncond Epoch 103] loss: 0.150483
[SDUncond Epoch 104] loss: 0.151067
[SDUncond Epoch 105] loss: 0.150618
  [Eval loss: 0.160402]
[SDUncond Epoch 106] loss: 0.154442
[SDUncond Epoch 107] loss: 0.144506
[SDUncond Epoch 108] loss: 0.151204
  [Eval loss: 0.160355]
[SDUncond Epoch 109] loss: 0.153102
[SDUncond Epoch 110] loss: 0.158932
[SDUncond Epoch 111] loss: 0.150305
  [Eval loss: 0.156037]
[SDUncond Epoch 112] loss: 0.158208
[SDUncond Epoch 113] loss: 0.149087
[SDUncond Epoch 114] loss: 0.148369
  [Eval loss: 0.157841]
[SDUncond Epoch 115] loss: 0.156457
[SDUncond Epoch 116] loss: 0.148525
[SDUncond Epoch 117] loss: 0.151967
  [Eval loss: 0.156366]
[SDUncond Epoch 118] loss: 0.149815
[SDUncond Epoch 119] loss: 0.154315
[SDUncond Epoch 120] loss: 0.149704
  [Eval loss: 0.156594]
[AugmentSchedule] decay: epoch=120 p_crop=0.000 p_rot=0.000 p_hflip=0.600
[AugmentSchedule] decay: epoch=120 p_crop=0.000 p_rot=0.000 p_hflip=0.600
[SDUncond Epoch 121] loss: 0.150587
[SDUncond Epoch 122] loss: 0.148492
[SDUncond Epoch 123] loss: 0.146591
  [Eval loss: 0.167274]
[SDUncond Epoch 124] loss: 0.145292
[SDUncond Epoch 125] loss: 0.149092
[SDUncond Epoch 126] loss: 0.149616
  [Eval loss: 0.153780]
[SDUncond Epoch 127] loss: 0.154867
[SDUncond Epoch 128] loss: 0.150234
[SDUncond Epoch 129] loss: 0.155444
  [Eval loss: 0.162572]
[SDUncond Epoch 130] loss: 0.147541
[SDUncond Epoch 131] loss: 0.150185
[SDUncond Epoch 132] loss: 0.147825
  [Eval loss: 0.162224]
[SDUncond Epoch 133] loss: 0.149370
[SDUncond Epoch 134] loss: 0.144077
[SDUncond Epoch 135] loss: 0.151868
  [Eval loss: 0.153230]
  ✅ New best eval_loss=0.153230 at epoch 135 -> saved UNET/unet_sd_uncond_best.pt
[SDUncond Epoch 136] loss: 0.146396
[SDUncond Epoch 137] loss: 0.149111
[SDUncond Epoch 138] loss: 0.148919
  [Eval loss: 0.155532]
[SDUncond Epoch 139] loss: 0.146539
[SDUncond Epoch 140] loss: 0.146322
[SDUncond Epoch 141] loss: 0.147938
  [Eval loss: 0.161487]
[SDUncond Epoch 142] loss: 0.145091
[SDUncond Epoch 143] loss: 0.147906
[SDUncond Epoch 144] loss: 0.152181
  [Eval loss: 0.155624]
[SDUncond Epoch 145] loss: 0.147511
[SDUncond Epoch 146] loss: 0.147301
[SDUncond Epoch 147] loss: 0.147726
  [Eval loss: 0.151040]
  ✅ New best eval_loss=0.151040 at epoch 147 -> saved UNET/unet_sd_uncond_best.pt
[SDUncond Epoch 148] loss: 0.141443
[SDUncond Epoch 149] loss: 0.152961
[SDUncond Epoch 150] loss: 0.147657
  [Eval loss: 0.165907]
[SDUncond Epoch 151] loss: 0.139802
[SDUncond Epoch 152] loss: 0.144294
[SDUncond Epoch 153] loss: 0.147686
  [Eval loss: 0.165142]
[SDUncond Epoch 154] loss: 0.148612
[SDUncond Epoch 155] loss: 0.142996
[SDUncond Epoch 156] loss: 0.150559
  [Eval loss: 0.158447]
[SDUncond Epoch 157] loss: 0.142727
[SDUncond Epoch 158] loss: 0.146546
[SDUncond Epoch 159] loss: 0.145949
  [Eval loss: 0.154169]
[SDUncond Epoch 160] loss: 0.146113
[SDUncond Epoch 161] loss: 0.137951
[SDUncond Epoch 162] loss: 0.143761
  [Eval loss: 0.151080]
[SDUncond Epoch 163] loss: 0.145170
[SDUncond Epoch 164] loss: 0.142027
[SDUncond Epoch 165] loss: 0.148417
  [Eval loss: 0.154033]
[SDUncond Epoch 166] loss: 0.143600
[SDUncond Epoch 167] loss: 0.144094
[SDUncond Epoch 168] loss: 0.147741
  [Eval loss: 0.145804]
  ✅ New best eval_loss=0.145804 at epoch 168 -> saved UNET/unet_sd_uncond_best.pt
[SDUncond Epoch 169] loss: 0.149032
[SDUncond Epoch 170] loss: 0.141903
[SDUncond Epoch 171] loss: 0.148616
  [Eval loss: 0.150371]
[SDUncond Epoch 172] loss: 0.141963
[SDUncond Epoch 173] loss: 0.147624
[SDUncond Epoch 174] loss: 0.146561
  [Eval loss: 0.155827]
[SDUncond Epoch 175] loss: 0.148443
[SDUncond Epoch 176] loss: 0.129330
[SDUncond Epoch 177] loss: 0.144210
  [Eval loss: 0.153919]
[SDUncond Epoch 178] loss: 0.133763
[SDUncond Epoch 179] loss: 0.143798
[SDUncond Epoch 180] loss: 0.136663
  [Eval loss: 0.159179]
[SDUncond Epoch 181] loss: 0.140978
[SDUncond Epoch 182] loss: 0.140116
[SDUncond Epoch 183] loss: 0.138280
  [Eval loss: 0.159721]
[SDUncond Epoch 184] loss: 0.138182
[SDUncond Epoch 185] loss: 0.142030
[SDUncond Epoch 186] loss: 0.143946
  [Eval loss: 0.152983]
[SDUncond Epoch 187] loss: 0.140798
[SDUncond Epoch 188] loss: 0.139457
[SDUncond Epoch 189] loss: 0.142013
  [Eval loss: 0.155670]
[SDUncond Epoch 190] loss: 0.139439
[SDUncond Epoch 191] loss: 0.144996
[SDUncond Epoch 192] loss: 0.144933
  [Eval loss: 0.158308]
[SDUncond Epoch 193] loss: 0.130400
[SDUncond Epoch 194] loss: 0.138940
[SDUncond Epoch 195] loss: 0.134430
  [Eval loss: 0.158067]
[SDUncond Epoch 196] loss: 0.144697
[SDUncond Epoch 197] loss: 0.143974
[SDUncond Epoch 198] loss: 0.146937
  [Eval loss: 0.159996]
[SDUncond Epoch 199] loss: 0.139197
[SDUncond Epoch 200] loss: 0.144042
[SDUncond Epoch 201] loss: 0.135211
  [Eval loss: 0.159468]
[SDUncond Epoch 202] loss: 0.136109
[SDUncond Epoch 203] loss: 0.144982
[SDUncond Epoch 204] loss: 0.135635
  [Eval loss: 0.157611]
[SDUncond Epoch 205] loss: 0.137719
[SDUncond Epoch 206] loss: 0.141129
[SDUncond Epoch 207] loss: 0.137108
  [Eval loss: 0.165051]
[SDUncond Epoch 208] loss: 0.136872
[SDUncond Epoch 209] loss: 0.139462
[SDUncond Epoch 210] loss: 0.138276
  [Eval loss: 0.152804]
[SDUncond Epoch 211] loss: 0.133842
[SDUncond Epoch 212] loss: 0.137619
[SDUncond Epoch 213] loss: 0.138153
  [Eval loss: 0.166022]
[SDUncond Epoch 214] loss: 0.142253
[SDUncond Epoch 215] loss: 0.135500
[SDUncond Epoch 216] loss: 0.133795
  [Eval loss: 0.159471]
[SDUncond Epoch 217] loss: 0.140158
[SDUncond Epoch 218] loss: 0.133769
[SDUncond Epoch 219] loss: 0.140684
  [Eval loss: 0.162426]
[SDUncond Epoch 220] loss: 0.131169
[SDUncond Epoch 221] loss: 0.134217
[SDUncond Epoch 222] loss: 0.134756
  [Eval loss: 0.158348]
[SDUncond Epoch 223] loss: 0.129840
[SDUncond Epoch 224] loss: 0.132110
[SDUncond Epoch 225] loss: 0.129962
  [Eval loss: 0.166228]
[SDUncond Epoch 226] loss: 0.140156
[SDUncond Epoch 227] loss: 0.133887
[SDUncond Epoch 228] loss: 0.132920
  [Eval loss: 0.168366]
[SDUncond Epoch 229] loss: 0.134751
[SDUncond Epoch 230] loss: 0.136903
[SDUncond Epoch 231] loss: 0.128871
  [Eval loss: 0.167277]
[SDUncond Epoch 232] loss: 0.138287
[SDUncond Epoch 233] loss: 0.132644
[SDUncond Epoch 234] loss: 0.129364
  [Eval loss: 0.155486]
[SDUncond Epoch 235] loss: 0.135007
[SDUncond Epoch 236] loss: 0.131930
[SDUncond Epoch 237] loss: 0.131981
  [Eval loss: 0.162816]
[SDUncond Epoch 238] loss: 0.135311
[SDUncond Epoch 239] loss: 0.130897
[SDUncond Epoch 240] loss: 0.128025
  [Eval loss: 0.159163]
[SDUncond Epoch 241] loss: 0.124318
[SDUncond Epoch 242] loss: 0.137333
[SDUncond Epoch 243] loss: 0.127828
  [Eval loss: 0.151509]
[SDUncond Epoch 244] loss: 0.125621
[SDUncond Epoch 245] loss: 0.132148
[SDUncond Epoch 246] loss: 0.128920
  [Eval loss: 0.153688]
[SDUncond Epoch 247] loss: 0.126852
[SDUncond Epoch 248] loss: 0.126917
[SDUncond Epoch 249] loss: 0.138009
  [Eval loss: 0.163062]
[SDUncond Epoch 250] loss: 0.129772
[SDUncond Epoch 251] loss: 0.130172
[SDUncond Epoch 252] loss: 0.133094
  [Eval loss: 0.151960]
[SDUncond Epoch 253] loss: 0.130000
[SDUncond Epoch 254] loss: 0.124535
[SDUncond Epoch 255] loss: 0.130155
  [Eval loss: 0.166757]
[SDUncond Epoch 256] loss: 0.127744
[SDUncond Epoch 257] loss: 0.133820
[SDUncond Epoch 258] loss: 0.130872
  [Eval loss: 0.174440]
[SDUncond Epoch 259] loss: 0.128536
[SDUncond Epoch 260] loss: 0.127895
[SDUncond Epoch 261] loss: 0.127564
  [Eval loss: 0.165628]
[SDUncond Epoch 262] loss: 0.132647
[SDUncond Epoch 263] loss: 0.130395
[SDUncond Epoch 264] loss: 0.127755
  [Eval loss: 0.169252]
[SDUncond Epoch 265] loss: 0.136452
[SDUncond Epoch 266] loss: 0.129300
[SDUncond Epoch 267] loss: 0.127438
  [Eval loss: 0.166815]
[SDUncond Epoch 268] loss: 0.122519
[SDUncond Epoch 269] loss: 0.129259
[SDUncond Epoch 270] loss: 0.133251
  [Eval loss: 0.170609]
[SDUncond Epoch 271] loss: 0.126597
[SDUncond Epoch 272] loss: 0.129719
[SDUncond Epoch 273] loss: 0.117970
  [Eval loss: 0.174692]
[SDUncond Epoch 274] loss: 0.130207
[SDUncond Epoch 275] loss: 0.127146
[SDUncond Epoch 276] loss: 0.127332
  [Eval loss: 0.172276]
[SDUncond Epoch 277] loss: 0.128381
[SDUncond Epoch 278] loss: 0.125333
[SDUncond Epoch 279] loss: 0.124692
  [Eval loss: 0.160586]
[SDUncond Epoch 280] loss: 0.126661
[SDUncond Epoch 281] loss: 0.126659
[SDUncond Epoch 282] loss: 0.118313
  [Eval loss: 0.166161]
[SDUncond Epoch 283] loss: 0.125134
[SDUncond Epoch 284] loss: 0.121458
[SDUncond Epoch 285] loss: 0.121027
  [Eval loss: 0.176744]
[SDUncond Epoch 286] loss: 0.125647
[SDUncond Epoch 287] loss: 0.128449
[SDUncond Epoch 288] loss: 0.120637
  [Eval loss: 0.164362]
[SDUncond Epoch 289] loss: 0.119356
[SDUncond Epoch 290] loss: 0.125853
[SDUncond Epoch 291] loss: 0.119928
  [Eval loss: 0.171495]
[SDUncond Epoch 292] loss: 0.122387
[SDUncond Epoch 293] loss: 0.126902
[SDUncond Epoch 294] loss: 0.120577
  [Eval loss: 0.165880]
[SDUncond Epoch 295] loss: 0.121140
[SDUncond Epoch 296] loss: 0.126407
[SDUncond Epoch 297] loss: 0.121089
  [Eval loss: 0.172603]
[SDUncond Epoch 298] loss: 0.124263
[SDUncond Epoch 299] loss: 0.114377
[SDUncond Epoch 300] loss: 0.119158
  [Eval loss: 0.171631]
