Host: kn173
Start time: Thu May 21 12:46:25 EDT 2026
Project root: /project/6109890/bacobax2/ir-generative-study
Conda env: diffusers-dev
Config: /project/6109890/bacobax2/ir-generative-study/configs/sd_uncond/train/presets/uncond_latent_flir_sd15_512_b64_hflip.yaml
CUDA_VISIBLE_DEVICES: 0
SLURM_JOB_ID: 3695502
SLURM_SUBMIT_DIR: /project/6109890/bacobax2/ir-generative-study
/home/bacobax2/miniforge3/envs/diffusers-dev/bin/python
Python 3.10.20
Configured batch size:
8:  batch_size: 64
74:  sample_batch_size: 4
Configured horizontal flip probabilities:
29:  p_hflip_warmup: 0.0
30:  p_hflip_max: 0.6
31:  p_hflip_final: 0.3
Configured mixed precision:
60:  mixed_precision: "auto"
Thu May 21 12:46:25 2026       
+-----------------------------------------------------------------------------------------+
| NVIDIA-SMI 580.159.03             Driver Version: 580.159.03     CUDA Version: 13.0     |
+-----------------------------------------+------------------------+----------------------+
| GPU  Name                 Persistence-M | Bus-Id          Disp.A | Volatile Uncorr. ECC |
| Fan  Temp   Perf          Pwr:Usage/Cap |           Memory-Usage | GPU-Util  Compute M. |
|                                         |                        |               MIG M. |
|=========================================+========================+======================|
|   0  NVIDIA H100 80GB HBM3          Off |   00000000:3B:00.0 Off |                    0 |
| N/A   47C    P0             75W /  700W |       0MiB /  81559MiB |      0%      Default |
|                                         |                        |             Disabled |
+-----------------------------------------+------------------------+----------------------+

+-----------------------------------------------------------------------------------------+
| Processes:                                                                              |
|  GPU   GI   CI              PID   Type   Process name                        GPU Memory |
|        ID   ID                                                               Usage      |
|=========================================================================================|
|  No running processes found                                                             |
+-----------------------------------------------------------------------------------------+
[AugmentSchedule] start: epoch=0 p_crop=0.000 p_rot=0.000 p_hflip=0.000
[AugmentSchedule] start: epoch=0 p_crop=0.000 p_rot=0.000 p_hflip=0.000
[AugmentSchedule] warmup: epoch=0 p_crop=0.000 p_rot=0.000 p_hflip=0.000
[FM Precision] requested='auto' -> using 'bf16' on device=cuda
[AugmentSchedule] warmup: epoch=0 p_crop=0.000 p_rot=0.000 p_hflip=0.000
[SDUncond Epoch 1] loss: 0.523860
[SDUncond Epoch 2] loss: 0.205105
[SDUncond Epoch 3] loss: 0.192383
  [Eval loss: 0.501122]
  ✅ New best eval_loss=0.501122 at epoch 3 -> saved UNET/unet_sd_uncond_best.pt
[SDUncond Epoch 4] loss: 0.182844
[SDUncond Epoch 5] loss: 0.177759
[SDUncond Epoch 6] loss: 0.174423
  [Eval loss: 0.224796]
  ✅ New best eval_loss=0.224796 at epoch 6 -> saved UNET/unet_sd_uncond_best.pt
[SDUncond Epoch 7] loss: 0.168385
[SDUncond Epoch 8] loss: 0.169218
[SDUncond Epoch 9] loss: 0.169644
  [Eval loss: 0.180322]
  ✅ New best eval_loss=0.180322 at epoch 9 -> saved UNET/unet_sd_uncond_best.pt
[SDUncond Epoch 10] loss: 0.166736
[SDUncond Epoch 11] loss: 0.166608
[SDUncond Epoch 12] loss: 0.165588
  [Eval loss: 0.188022]
[SDUncond Epoch 13] loss: 0.164712
[SDUncond Epoch 14] loss: 0.159653
[SDUncond Epoch 15] loss: 0.161251
  [Eval loss: 0.169877]
  ✅ New best eval_loss=0.169877 at epoch 15 -> saved UNET/unet_sd_uncond_best.pt
[SDUncond Epoch 16] loss: 0.158987
[SDUncond Epoch 17] loss: 0.155498
[SDUncond Epoch 18] loss: 0.158613
  [Eval loss: 0.168968]
  ✅ New best eval_loss=0.168968 at epoch 18 -> saved UNET/unet_sd_uncond_best.pt
[SDUncond Epoch 19] loss: 0.156019
[SDUncond Epoch 20] loss: 0.156760
[SDUncond Epoch 21] loss: 0.154703
  [Eval loss: 0.154196]
  ✅ New best eval_loss=0.154196 at epoch 21 -> saved UNET/unet_sd_uncond_best.pt
[SDUncond Epoch 22] loss: 0.152101
[SDUncond Epoch 23] loss: 0.154822
[SDUncond Epoch 24] loss: 0.152454
  [Eval loss: 0.157499]
[SDUncond Epoch 25] loss: 0.152431
[SDUncond Epoch 26] loss: 0.152141
[SDUncond Epoch 27] loss: 0.149575
  [Eval loss: 0.167803]
[SDUncond Epoch 28] loss: 0.151073
[SDUncond Epoch 29] loss: 0.152314
[SDUncond Epoch 30] loss: 0.147243
  [Eval loss: 0.162880]
[AugmentSchedule] ramp: epoch=30 p_crop=0.000 p_rot=0.000 p_hflip=0.000
[AugmentSchedule] ramp: epoch=30 p_crop=0.000 p_rot=0.000 p_hflip=0.000
[SDUncond Epoch 31] loss: 0.150016
[SDUncond Epoch 32] loss: 0.147073
[SDUncond Epoch 33] loss: 0.151158
  [Eval loss: 0.165126]
[SDUncond Epoch 34] loss: 0.154764
[SDUncond Epoch 35] loss: 0.149097
[SDUncond Epoch 36] loss: 0.149576
  [Eval loss: 0.161709]
[SDUncond Epoch 37] loss: 0.150659
[SDUncond Epoch 38] loss: 0.147658
[SDUncond Epoch 39] loss: 0.150181
  [Eval loss: 0.156928]
[SDUncond Epoch 40] loss: 0.146364
[SDUncond Epoch 41] loss: 0.147676
[SDUncond Epoch 42] loss: 0.143408
  [Eval loss: 0.155509]
[SDUncond Epoch 43] loss: 0.146076
[SDUncond Epoch 44] loss: 0.145441
[SDUncond Epoch 45] loss: 0.148508
  [Eval loss: 0.143848]
  ✅ New best eval_loss=0.143848 at epoch 45 -> saved UNET/unet_sd_uncond_best.pt
[SDUncond Epoch 46] loss: 0.145970
[SDUncond Epoch 47] loss: 0.145903
[SDUncond Epoch 48] loss: 0.145663
  [Eval loss: 0.153117]
[SDUncond Epoch 49] loss: 0.145091
[SDUncond Epoch 50] loss: 0.143251
[SDUncond Epoch 51] loss: 0.142494
  [Eval loss: 0.157423]
[SDUncond Epoch 52] loss: 0.143969
[SDUncond Epoch 53] loss: 0.146284
[SDUncond Epoch 54] loss: 0.142660
  [Eval loss: 0.151848]
[SDUncond Epoch 55] loss: 0.145327
[SDUncond Epoch 56] loss: 0.142835
[SDUncond Epoch 57] loss: 0.144761
  [Eval loss: 0.151862]
[SDUncond Epoch 58] loss: 0.145849
[SDUncond Epoch 59] loss: 0.141095
[SDUncond Epoch 60] loss: 0.143140
  [Eval loss: 0.147761]
[SDUncond Epoch 61] loss: 0.143084
[SDUncond Epoch 62] loss: 0.143327
[SDUncond Epoch 63] loss: 0.140464
  [Eval loss: 0.164811]
[SDUncond Epoch 64] loss: 0.145601
[SDUncond Epoch 65] loss: 0.142060
[SDUncond Epoch 66] loss: 0.142550
  [Eval loss: 0.149158]
[SDUncond Epoch 67] loss: 0.142621
[SDUncond Epoch 68] loss: 0.141588
[SDUncond Epoch 69] loss: 0.142148
  [Eval loss: 0.152973]
[SDUncond Epoch 70] loss: 0.139917
[SDUncond Epoch 71] loss: 0.143917
[SDUncond Epoch 72] loss: 0.141405
  [Eval loss: 0.152309]
[SDUncond Epoch 73] loss: 0.142713
[SDUncond Epoch 74] loss: 0.140404
[SDUncond Epoch 75] loss: 0.143586
  [Eval loss: 0.164748]
[SDUncond Epoch 76] loss: 0.140797
[SDUncond Epoch 77] loss: 0.139214
[SDUncond Epoch 78] loss: 0.141223
  [Eval loss: 0.142279]
  ✅ New best eval_loss=0.142279 at epoch 78 -> saved UNET/unet_sd_uncond_best.pt
[SDUncond Epoch 79] loss: 0.141258
[SDUncond Epoch 80] loss: 0.142211
[SDUncond Epoch 81] loss: 0.141766
  [Eval loss: 0.148911]
[SDUncond Epoch 82] loss: 0.144041
[SDUncond Epoch 83] loss: 0.140146
[SDUncond Epoch 84] loss: 0.141151
  [Eval loss: 0.154263]
[SDUncond Epoch 85] loss: 0.140510
[SDUncond Epoch 86] loss: 0.139625
[SDUncond Epoch 87] loss: 0.142370
  [Eval loss: 0.147050]
[SDUncond Epoch 88] loss: 0.138797
[SDUncond Epoch 89] loss: 0.138508
[SDUncond Epoch 90] loss: 0.138994
  [Eval loss: 0.154576]
[SDUncond Epoch 91] loss: 0.137808
[SDUncond Epoch 92] loss: 0.137142
[SDUncond Epoch 93] loss: 0.139194
  [Eval loss: 0.147268]
[SDUncond Epoch 94] loss: 0.139634
[SDUncond Epoch 95] loss: 0.137882
[SDUncond Epoch 96] loss: 0.136322
  [Eval loss: 0.151719]
[SDUncond Epoch 97] loss: 0.142375
[SDUncond Epoch 98] loss: 0.141080
[SDUncond Epoch 99] loss: 0.138656
  [Eval loss: 0.156977]
[SDUncond Epoch 100] loss: 0.138953
[SDUncond Epoch 101] loss: 0.136966
[SDUncond Epoch 102] loss: 0.139514
  [Eval loss: 0.149220]
[SDUncond Epoch 103] loss: 0.138267
[SDUncond Epoch 104] loss: 0.138251
[SDUncond Epoch 105] loss: 0.139653
  [Eval loss: 0.143206]
[SDUncond Epoch 106] loss: 0.140285
[SDUncond Epoch 107] loss: 0.137028
[SDUncond Epoch 108] loss: 0.140021
  [Eval loss: 0.158929]
[SDUncond Epoch 109] loss: 0.138634
[SDUncond Epoch 110] loss: 0.139446
[SDUncond Epoch 111] loss: 0.135963
  [Eval loss: 0.151717]
[SDUncond Epoch 112] loss: 0.136952
[SDUncond Epoch 113] loss: 0.139795
[SDUncond Epoch 114] loss: 0.139249
  [Eval loss: 0.152077]
[SDUncond Epoch 115] loss: 0.137397
[SDUncond Epoch 116] loss: 0.143755
[SDUncond Epoch 117] loss: 0.135314
  [Eval loss: 0.154692]
[SDUncond Epoch 118] loss: 0.134993
[SDUncond Epoch 119] loss: 0.136654
[SDUncond Epoch 120] loss: 0.136263
  [Eval loss: 0.149103]
[AugmentSchedule] decay: epoch=120 p_crop=0.000 p_rot=0.000 p_hflip=0.600
[AugmentSchedule] decay: epoch=120 p_crop=0.000 p_rot=0.000 p_hflip=0.600
[SDUncond Epoch 121] loss: 0.133250
[SDUncond Epoch 122] loss: 0.131924
[SDUncond Epoch 123] loss: 0.137506
  [Eval loss: 0.156580]
[SDUncond Epoch 124] loss: 0.137021
[SDUncond Epoch 125] loss: 0.137455
[SDUncond Epoch 126] loss: 0.134914
  [Eval loss: 0.159650]
[SDUncond Epoch 127] loss: 0.136301
[SDUncond Epoch 128] loss: 0.136033
[SDUncond Epoch 129] loss: 0.135672
  [Eval loss: 0.165628]
[SDUncond Epoch 130] loss: 0.133173
[SDUncond Epoch 131] loss: 0.133406
[SDUncond Epoch 132] loss: 0.131714
  [Eval loss: 0.146856]
[SDUncond Epoch 133] loss: 0.134681
[SDUncond Epoch 134] loss: 0.134206
[SDUncond Epoch 135] loss: 0.133028
  [Eval loss: 0.157224]
[SDUncond Epoch 136] loss: 0.135129
[SDUncond Epoch 137] loss: 0.132921
[SDUncond Epoch 138] loss: 0.134342
  [Eval loss: 0.159314]
[SDUncond Epoch 139] loss: 0.133910
[SDUncond Epoch 140] loss: 0.136592
[SDUncond Epoch 141] loss: 0.133285
  [Eval loss: 0.148245]
[SDUncond Epoch 142] loss: 0.133432
[SDUncond Epoch 143] loss: 0.132593
[SDUncond Epoch 144] loss: 0.133237
  [Eval loss: 0.152787]
[SDUncond Epoch 145] loss: 0.129741
[SDUncond Epoch 146] loss: 0.130978
[SDUncond Epoch 147] loss: 0.131889
  [Eval loss: 0.143147]
[SDUncond Epoch 148] loss: 0.133524
[SDUncond Epoch 149] loss: 0.132976
[SDUncond Epoch 150] loss: 0.132222
  [Eval loss: 0.158338]
[SDUncond Epoch 151] loss: 0.131358
[SDUncond Epoch 152] loss: 0.130969
[SDUncond Epoch 153] loss: 0.130887
  [Eval loss: 0.141633]
  ✅ New best eval_loss=0.141633 at epoch 153 -> saved UNET/unet_sd_uncond_best.pt
[SDUncond Epoch 154] loss: 0.131324
[SDUncond Epoch 155] loss: 0.128307
[SDUncond Epoch 156] loss: 0.128168
  [Eval loss: 0.162335]
[SDUncond Epoch 157] loss: 0.132958
[SDUncond Epoch 158] loss: 0.130499
[SDUncond Epoch 159] loss: 0.131046
  [Eval loss: 0.152661]
[SDUncond Epoch 160] loss: 0.131247
[SDUncond Epoch 161] loss: 0.131494
[SDUncond Epoch 162] loss: 0.131391
  [Eval loss: 0.148285]
[SDUncond Epoch 163] loss: 0.128376
[SDUncond Epoch 164] loss: 0.127505
[SDUncond Epoch 165] loss: 0.127244
  [Eval loss: 0.158094]
[SDUncond Epoch 166] loss: 0.130167
[SDUncond Epoch 167] loss: 0.129745
[SDUncond Epoch 168] loss: 0.125817
  [Eval loss: 0.145929]
[SDUncond Epoch 169] loss: 0.127195
[SDUncond Epoch 170] loss: 0.129178
[SDUncond Epoch 171] loss: 0.128631
  [Eval loss: 0.154908]
[SDUncond Epoch 172] loss: 0.128344
[SDUncond Epoch 173] loss: 0.128117
[SDUncond Epoch 174] loss: 0.128296
  [Eval loss: 0.160951]
[SDUncond Epoch 175] loss: 0.125569
[SDUncond Epoch 176] loss: 0.129541
[SDUncond Epoch 177] loss: 0.127026
  [Eval loss: 0.158231]
[SDUncond Epoch 178] loss: 0.126735
[SDUncond Epoch 179] loss: 0.125491
[SDUncond Epoch 180] loss: 0.127672
  [Eval loss: 0.157269]
[SDUncond Epoch 181] loss: 0.128456
[SDUncond Epoch 182] loss: 0.129341
[SDUncond Epoch 183] loss: 0.127371
  [Eval loss: 0.156720]
[SDUncond Epoch 184] loss: 0.127214
[SDUncond Epoch 185] loss: 0.126350
[SDUncond Epoch 186] loss: 0.126895
  [Eval loss: 0.155984]
[SDUncond Epoch 187] loss: 0.123915
[SDUncond Epoch 188] loss: 0.125522
[SDUncond Epoch 189] loss: 0.125164
  [Eval loss: 0.159424]
[SDUncond Epoch 190] loss: 0.127129
[SDUncond Epoch 191] loss: 0.124800
[SDUncond Epoch 192] loss: 0.125262
  [Eval loss: 0.151717]
[SDUncond Epoch 193] loss: 0.125677
[SDUncond Epoch 194] loss: 0.125595
[SDUncond Epoch 195] loss: 0.125807
  [Eval loss: 0.157370]
[SDUncond Epoch 196] loss: 0.124752
[SDUncond Epoch 197] loss: 0.125464
[SDUncond Epoch 198] loss: 0.125162
  [Eval loss: 0.156882]
[SDUncond Epoch 199] loss: 0.124574
[SDUncond Epoch 200] loss: 0.123956
[SDUncond Epoch 201] loss: 0.123066
  [Eval loss: 0.154182]
[SDUncond Epoch 202] loss: 0.124912
[SDUncond Epoch 203] loss: 0.124487
[SDUncond Epoch 204] loss: 0.123797
  [Eval loss: 0.159582]
[SDUncond Epoch 205] loss: 0.121218
[SDUncond Epoch 206] loss: 0.123181
[SDUncond Epoch 207] loss: 0.125223
  [Eval loss: 0.159157]
[SDUncond Epoch 208] loss: 0.121423
[SDUncond Epoch 209] loss: 0.124562
[SDUncond Epoch 210] loss: 0.122923
  [Eval loss: 0.153186]
[SDUncond Epoch 211] loss: 0.123360
[SDUncond Epoch 212] loss: 0.120088
[SDUncond Epoch 213] loss: 0.121880
  [Eval loss: 0.159877]
[SDUncond Epoch 214] loss: 0.122743
[SDUncond Epoch 215] loss: 0.124311
[SDUncond Epoch 216] loss: 0.119822
  [Eval loss: 0.160215]
[SDUncond Epoch 217] loss: 0.122711
[SDUncond Epoch 218] loss: 0.124156
[SDUncond Epoch 219] loss: 0.124319
  [Eval loss: 0.170875]
[SDUncond Epoch 220] loss: 0.121800
[SDUncond Epoch 221] loss: 0.118311
[SDUncond Epoch 222] loss: 0.123050
  [Eval loss: 0.154989]
[SDUncond Epoch 223] loss: 0.117136
[SDUncond Epoch 224] loss: 0.120882
[SDUncond Epoch 225] loss: 0.121380
  [Eval loss: 0.154675]
[SDUncond Epoch 226] loss: 0.120575
[SDUncond Epoch 227] loss: 0.120463
[SDUncond Epoch 228] loss: 0.121576
  [Eval loss: 0.160435]
[SDUncond Epoch 229] loss: 0.119094
[SDUncond Epoch 230] loss: 0.120892
[SDUncond Epoch 231] loss: 0.120288
  [Eval loss: 0.152686]
[SDUncond Epoch 232] loss: 0.119261
[SDUncond Epoch 233] loss: 0.119444
[SDUncond Epoch 234] loss: 0.119346
  [Eval loss: 0.153691]
[SDUncond Epoch 235] loss: 0.120547
[SDUncond Epoch 236] loss: 0.118063
[SDUncond Epoch 237] loss: 0.119304
  [Eval loss: 0.150481]
[SDUncond Epoch 238] loss: 0.118097
[SDUncond Epoch 239] loss: 0.118966
[SDUncond Epoch 240] loss: 0.117425
  [Eval loss: 0.154006]
[SDUncond Epoch 241] loss: 0.118428
[SDUncond Epoch 242] loss: 0.115097
[SDUncond Epoch 243] loss: 0.117029
  [Eval loss: 0.174735]
[SDUncond Epoch 244] loss: 0.117952
[SDUncond Epoch 245] loss: 0.116134
[SDUncond Epoch 246] loss: 0.118058
  [Eval loss: 0.172332]
[SDUncond Epoch 247] loss: 0.115033
[SDUncond Epoch 248] loss: 0.119106
[SDUncond Epoch 249] loss: 0.117171
  [Eval loss: 0.168277]
[SDUncond Epoch 250] loss: 0.118504
[SDUncond Epoch 251] loss: 0.117356
[SDUncond Epoch 252] loss: 0.115799
  [Eval loss: 0.167240]
[SDUncond Epoch 253] loss: 0.115099
[SDUncond Epoch 254] loss: 0.115283
[SDUncond Epoch 255] loss: 0.115660
  [Eval loss: 0.167267]
[SDUncond Epoch 256] loss: 0.117206
[SDUncond Epoch 257] loss: 0.112643
[SDUncond Epoch 258] loss: 0.121060
  [Eval loss: 0.170684]
[SDUncond Epoch 259] loss: 0.116082
[SDUncond Epoch 260] loss: 0.112595
[SDUncond Epoch 261] loss: 0.114470
  [Eval loss: 0.174774]
[SDUncond Epoch 262] loss: 0.116920
[SDUncond Epoch 263] loss: 0.114703
[SDUncond Epoch 264] loss: 0.116498
  [Eval loss: 0.156393]
[SDUncond Epoch 265] loss: 0.110847
[SDUncond Epoch 266] loss: 0.116233
[SDUncond Epoch 267] loss: 0.117084
  [Eval loss: 0.173863]
[SDUncond Epoch 268] loss: 0.110688
[SDUncond Epoch 269] loss: 0.114170
[SDUncond Epoch 270] loss: 0.115028
  [Eval loss: 0.173857]
[SDUncond Epoch 271] loss: 0.111785
[SDUncond Epoch 272] loss: 0.115041
[SDUncond Epoch 273] loss: 0.114153
  [Eval loss: 0.162159]
[SDUncond Epoch 274] loss: 0.114169
[SDUncond Epoch 275] loss: 0.115478
[SDUncond Epoch 276] loss: 0.114242
  [Eval loss: 0.173536]
[SDUncond Epoch 277] loss: 0.113088
[SDUncond Epoch 278] loss: 0.115634
[SDUncond Epoch 279] loss: 0.113868
  [Eval loss: 0.165126]
[SDUncond Epoch 280] loss: 0.114903
[SDUncond Epoch 281] loss: 0.114248
[SDUncond Epoch 282] loss: 0.114796
  [Eval loss: 0.162096]
[SDUncond Epoch 283] loss: 0.114780
[SDUncond Epoch 284] loss: 0.110828
[SDUncond Epoch 285] loss: 0.112806
  [Eval loss: 0.175212]
[SDUncond Epoch 286] loss: 0.111222
[SDUncond Epoch 287] loss: 0.110773
[SDUncond Epoch 288] loss: 0.112002
  [Eval loss: 0.170181]
[SDUncond Epoch 289] loss: 0.111821
[SDUncond Epoch 290] loss: 0.113506
[SDUncond Epoch 291] loss: 0.112800
  [Eval loss: 0.169384]
[SDUncond Epoch 292] loss: 0.111941
[SDUncond Epoch 293] loss: 0.111329
[SDUncond Epoch 294] loss: 0.113660
  [Eval loss: 0.173442]
[SDUncond Epoch 295] loss: 0.111348
[SDUncond Epoch 296] loss: 0.111122
[SDUncond Epoch 297] loss: 0.115456
  [Eval loss: 0.179048]
[SDUncond Epoch 298] loss: 0.109652
[SDUncond Epoch 299] loss: 0.114063
[SDUncond Epoch 300] loss: 0.108795
  [Eval loss: 0.159405]
