Traceback (most recent call last):
  File "/project/6109890/bacobax2/ir-generative-study/scripts/train/run_sd_stage1_then_regiondiff.py", line 25, in <module>
    from src.algorithms.stable_diffusion.layout_models import (
  File "/project/6109890/bacobax2/ir-generative-study/src/algorithms/stable_diffusion/layout_models.py", line 13, in <module>
    from transformers import CLIPTextModel
  File "/home/bacobax2/miniforge3/envs/diffusers-dev/lib/python3.10/site-packages/transformers/utils/import_utils.py", line 2212, in __getattr__
    module = self._get_module(self._class_to_module[name])
  File "/home/bacobax2/miniforge3/envs/diffusers-dev/lib/python3.10/site-packages/transformers/utils/import_utils.py", line 2446, in _get_module
    raise e
  File "/home/bacobax2/miniforge3/envs/diffusers-dev/lib/python3.10/site-packages/transformers/utils/import_utils.py", line 2444, in _get_module
    return importlib.import_module("." + module_name, self.__name__)
  File "/home/bacobax2/miniforge3/envs/diffusers-dev/lib/python3.10/importlib/__init__.py", line 126, in import_module
    return _bootstrap._gcd_import(name[level:], package, level)
  File "/home/bacobax2/miniforge3/envs/diffusers-dev/lib/python3.10/site-packages/transformers/models/clip/modeling_clip.py", line 26, in <module>
    from ...modeling_layers import GradientCheckpointingLayer
  File "/home/bacobax2/miniforge3/envs/diffusers-dev/lib/python3.10/site-packages/transformers/modeling_layers.py", line 27, in <module>
    from .processing_utils import Unpack
  File "/home/bacobax2/miniforge3/envs/diffusers-dev/lib/python3.10/site-packages/transformers/processing_utils.py", line 79, in <module>
    from .modeling_utils import PreTrainedAudioTokenizerBase
  File "/home/bacobax2/miniforge3/envs/diffusers-dev/lib/python3.10/site-packages/transformers/modeling_utils.py", line 85, in <module>
    from .loss.loss_utils import LOSS_MAPPING
  File "/home/bacobax2/miniforge3/envs/diffusers-dev/lib/python3.10/site-packages/transformers/loss/loss_utils.py", line 20, in <module>
    from .loss_d_fine import DFineForObjectDetectionLoss
  File "/home/bacobax2/miniforge3/envs/diffusers-dev/lib/python3.10/site-packages/transformers/loss/loss_d_fine.py", line 21, in <module>
    from .loss_for_object_detection import box_iou
  File "/home/bacobax2/miniforge3/envs/diffusers-dev/lib/python3.10/site-packages/transformers/loss/loss_for_object_detection.py", line 27, in <module>
    from scipy.optimize import linear_sum_assignment
  File "/home/bacobax2/miniforge3/envs/diffusers-dev/lib/python3.10/site-packages/scipy/optimize/__init__.py", line 422, in <module>
    from ._optimize import *
  File "/home/bacobax2/miniforge3/envs/diffusers-dev/lib/python3.10/site-packages/scipy/optimize/_optimize.py", line 34, in <module>
    from scipy.linalg import cholesky, issymmetric, LinAlgError
  File "/home/bacobax2/miniforge3/envs/diffusers-dev/lib/python3.10/site-packages/scipy/linalg/__init__.py", line 203, in <module>
    from ._misc import *
  File "/home/bacobax2/miniforge3/envs/diffusers-dev/lib/python3.10/site-packages/scipy/linalg/_misc.py", line 3, in <module>
    from .blas import get_blas_funcs
  File "/home/bacobax2/miniforge3/envs/diffusers-dev/lib/python3.10/site-packages/scipy/linalg/blas.py", line 213, in <module>
    from scipy.linalg import _fblas
ImportError: libcpupower.so.0: cannot open shared object file: No such file or directory
Command exited with non-zero status 1
	Command being timed: "python scripts/train/run_sd_stage1_then_regiondiff.py --project-root /project/6109890/bacobax2/ir-generative-study --stage1-config configs/sd/train/presets/flir_unet_full_stage1.yaml --stage2-config configs/sd_layout/train/presets/flir_regiondiff_sd15_stage2.yaml --mixed-precision fp16"
	User time (seconds): 4.00
	System time (seconds): 0.46
	Percent of CPU this job got: 75%
	Elapsed (wall clock) time (h:mm:ss or m:ss): 0:05.95
	Average shared text size (kbytes): 0
	Average unshared data size (kbytes): 0
	Average stack size (kbytes): 0
	Average total size (kbytes): 0
	Maximum resident set size (kbytes): 568872
	Average resident set size (kbytes): 0
	Major (requiring I/O) page faults: 0
	Minor (reclaiming a frame) page faults: 141369
	Voluntary context switches: 11466
	Involuntary context switches: 102
	Swaps: 0
	File system inputs: 0
	File system outputs: 32
	Socket messages sent: 0
	Socket messages received: 0
	Signals delivered: 0
	Page size (bytes): 4096
	Exit status: 1
