Host: kn176
Start time: Fri Apr 24 12:08:58 EDT 2026
Submit dir / project root: /project/6109890/bacobax2/ir-generative-study
Conda env: diffusers-dev
CUDA_VISIBLE_DEVICES from Slurm: 0
SLURM_JOB_ID: 3280027
SLURM_SUBMIT_DIR: /project/6109890/bacobax2/ir-generative-study
SLURM_CPUS_PER_TASK: 10
SLURM_MEM_PER_NODE: 32768
SLURM_MEM_PER_CPU: <unset>
CPU count: 10
Config: /project/6109890/bacobax2/ir-generative-study/configs/sd_uncond/train/presets/uncond_latent_flir_sd15_512_b64_hflip.yaml
/home/bacobax2/miniforge3/envs/diffusers-dev/bin/python
Python 3.10.20
Configured batch size:
8:  batch_size: 64
Configured horizontal flip probabilities:
28:  p_hflip_warmup: 0.5
29:  p_hflip_max: 0.5
30:  p_hflip_final: 0.5
Configured mixed precision:
59:  mixed_precision: "auto"
Fri Apr 24 12:08:58 2026       
+-----------------------------------------------------------------------------------------+
| NVIDIA-SMI 570.148.08             Driver Version: 570.148.08     CUDA Version: 12.8     |
|-----------------------------------------+------------------------+----------------------+
| GPU  Name                 Persistence-M | Bus-Id          Disp.A | Volatile Uncorr. ECC |
| Fan  Temp   Perf          Pwr:Usage/Cap |           Memory-Usage | GPU-Util  Compute M. |
|                                         |                        |               MIG M. |
|=========================================+========================+======================|
|   0  NVIDIA H100 80GB HBM3          On  |   00000000:3B:00.0 Off |                    0 |
| N/A   45C    P0             73W /  700W |       0MiB /  81559MiB |      0%      Default |
|                                         |                        |             Disabled |
+-----------------------------------------+------------------------+----------------------+
                                                                                         
+-----------------------------------------------------------------------------------------+
| Processes:                                                                              |
|  GPU   GI   CI              PID   Type   Process name                        GPU Memory |
|        ID   ID                                                               Usage      |
|=========================================================================================|
|  No running processes found                                                             |
+-----------------------------------------------------------------------------------------+
SD hflip exit code: 0
End time: Sat Apr 25 03:44:56 EDT 2026
