[HorizontalFlipSchedule] start: epoch=0 p_hflip=0.000
[LayoutFM] Epoch-based image logging enabled via sampling.sample_every=10; ignoring legacy logging.image_every_steps=200 and sampling.sample_every_steps=0.
[LayoutFM Precision] requested='auto' -> using 'bf16' on device=cuda
[LayoutFM Epoch 1] loss=1.018585
[LayoutFM Epoch 2] loss=0.734724
[LayoutFM Epoch 3] loss=0.709563
  [Eval loss: 0.840495]
  New best eval=0.840495 at epoch 3
[LayoutFM Epoch 4] loss=0.683143
[LayoutFM Epoch 5] loss=0.671835
[LayoutFM Epoch 6] loss=0.665593
  [Eval loss: 0.682902]
  New best eval=0.682902 at epoch 6
[LayoutFM Epoch 7] loss=0.658864
[LayoutFM Epoch 8] loss=0.647520
[LayoutFM Epoch 9] loss=0.644827
  [Eval loss: 0.663632]
  New best eval=0.663632 at epoch 9
[LayoutFM Epoch 10] loss=0.638213
[LayoutFM Epoch 11] loss=0.633613
[LayoutFM Epoch 12] loss=0.629805
  [Eval loss: 0.652372]
  New best eval=0.652372 at epoch 12
[LayoutFM Epoch 13] loss=0.627939
